<html>
<body>
<pre>
<h1>µVision Build Log</h1>
<h2>Tool Versions:</h2>
IDE-Version: ¦ÌVision V5.36.0.0
Copyright (C) 2021 ARM Ltd and ARM Germany GmbH. All rights reserved.
License Information: fgsf 1786875609@qq.com, fsghs, LIC=----
 
Tool Versions:
Toolchain:       MDK-Lite  Version: 5.36.0.0
Toolchain Path:  C:\Keil_v5\ARM\ARMCC\Bin
C Compiler:      Armcc.exe V5.06 update 7 (build 960)
Assembler:       Armasm.exe V5.06 update 7 (build 960)
Linker/Locator:  ArmLink.exe V5.06 update 7 (build 960)
Library Manager: ArmAr.exe V5.06 update 7 (build 960)
Hex Converter:   FromElf.exe V5.06 update 7 (build 960)
CPU DLL:         SARMCM3.DLL V5.36.0.0
Dialog DLL:      DARMCM1.DLL V1.19.4.0
Target DLL:      Segger\JL2CM3.dll V2.99.40.0
Dialog DLL:      TARMCM1.DLL V1.14.4.0
 
<h2>Project:</h2>
D:\keil code\IEC60335_CLASSB-main\IEC60335_CLASSB-main\SWM260_IEC60335\SWM260_IEC60335.uvprojx
Project File Date:  12/01/2023

<h2>Output:</h2>
*** Using Compiler 'V5.06 update 7 (build 960)', folder: 'C:\Keil_v5\ARM\ARMCC\Bin'
Rebuild target 'SWM260'
compiling SWM260_exti.c...
compiling SWM260_i2c.c...
compiling SWM260_rtc.c...
compiling SWM260_sleep.c...
compiling SWM260_adc.c...
compiling SWM260_flash.c...
compiling main.c...
compiling SWM260_gpio.c...
compiling SWM260_port.c...
compiling SWM260_pwm.c...
compiling SWM260_dma.c...
assembling startup_SWM260.s...
compiling SWM260_spi.c...
compiling SWM260_wdt.c...
compiling system_SWM260.c...
compiling SWM260_STLclockrun.c...
compiling SWM260_timr.c...
compiling SWM260_STLcrc32.c...
compiling SWM260_STLclockstart.c...
SelfTestLib\SWM260_STLclockstart.c(65): warning:  #223-D: function "RTC_GetSubSecond" declared implicitly
  				RefHSEPeriod= RTC_GetSubSecond();   /* Read initial value RTC TIMR1->CVAL;*/
SelfTestLib\SWM260_STLclockstart.c: 1 warning, 0 errors
compiling SWM260_STLcrc32Run.c...
compiling SWM260_uart.c...
compiling SWM260_STLfullRamMc.c...
compiling SWM260_STLmain.c...
SelfTestLib\SWM260_STLmain.c(44): warning:  #223-D: function "RTC_GetSubSecond" declared implicitly
  	LastHSEPeriod = RTC_GetSubSecond();  //TIMR1->CVAL;
SelfTestLib\SWM260_STLmain.c: 1 warning, 0 errors
compiling SWM260_STLmisc.c...
assembling SWM260_STLcpurunKEIL.s...
assembling SWM260_STLcpustartKEIL.s...
compiling SWM260_STLstartup.c...
compiling SWM260_STLtranspRamMx.c...
compiling SWM260_STLtranspRamMc.c...
linking...
Program Size: Code=11288 RO-data=1388 RW-data=52 ZI-data=1484  
FromELF: creating hex file...
After Build - User command #1: "do_crc32_keil.bat"
--------------------------------------------------------------------------
Computing CRC from .\Objects\SWM260_IEC60335.hex
CRC Address: 0x00003180
CRC Value  : 0xD4EAD2D9
Modified HEX file with CRC stored at .\Objects\SWM260_IEC60335_CRC.hex
--------------------------------------------------------------------------
After Build - User command #2: fromelf --text -a -c -o "D:\keil code\IEC60335_CLASSB-main\IEC60335_CLASSB-main\SWM260_IEC60335\Objects\SWM260_IEC60335.asm" "D:\keil code\IEC60335_CLASSB-main\IEC60335_CLASSB-main\SWM260_IEC60335\Objects\SWM260_IEC60335.axf"
".\Objects\SWM260_IEC60335.axf" - 0 Error(s), 2 Warning(s).

<h2>Software Packages used:</h2>

Package Vendor: Synwit
                http://www.synwit.com/pack/Synwit.SWM32_DFP.2.0.5.pack
                Synwit.SWM32_DFP.2.0.5
                Synwit 32bit MCU Device Support

<h2>Collection of Component include folders:</h2>
  C:\Users\zhangtn\AppData\Local\Arm\Packs\Synwit\SWM32_DFP\2.0.5\CSL\SWM260\CMSIS\DeviceSupport

<h2>Collection of Component Files used:</h2>
Build Time Elapsed:  00:00:01
</pre>
</body>
</html>
