<!doctype html public "-//w3c//dtd html 4.0 transitional//en">
<html><head>
<title>Static Call Graph - [.\Objects\SWM260_IEC60335.axf]</title></head>
<body><HR>
<H1>Static Call Graph for image .\Objects\SWM260_IEC60335.axf</H1><HR>
<BR><P>#&#060CALLGRAPH&#062# ARM Linker, 5060960: Last Updated: Fri Dec 01 16:40:39 2023
<BR><P>
<H3>Maximum Stack Usage =        144 bytes + Unknown(Functions without stacksize, Cycles, Untraceable Function Pointers)</H3><H3>
Call chain for Maximum Stack Depth:</H3>
__rt_lib_init_stdio_2 &rArr; _initio &rArr; freopen &rArr; _fclose_internal &rArr; _fflush &rArr; _writebuf &rArr; _sys_write
<P>
<H3>
Functions with no stack information
</H3><UL>
 <LI><a href="#[60]">__user_initial_stackheap</a>
 <LI><a href="#[35]">CPUTstCont</a>
 <LI><a href="#[36]">CPUTstCont</a>
</UL>
</UL>
<P>
<H3>
Mutually Recursive functions
</H3> <LI><a href="#[f]">NMI_Handler</a>&nbsp;&nbsp;&nbsp;&rArr;&nbsp;&nbsp;&nbsp;<a href="#[f]">NMI_Handler</a><BR>
 <LI><a href="#[10]">HardFault_Handler</a>&nbsp;&nbsp;&nbsp;&rArr;&nbsp;&nbsp;&nbsp;<a href="#[10]">HardFault_Handler</a><BR>
 <LI><a href="#[11]">SVC_Handler</a>&nbsp;&nbsp;&nbsp;&rArr;&nbsp;&nbsp;&nbsp;<a href="#[11]">SVC_Handler</a><BR>
 <LI><a href="#[12]">PendSV_Handler</a>&nbsp;&nbsp;&nbsp;&rArr;&nbsp;&nbsp;&nbsp;<a href="#[12]">PendSV_Handler</a><BR>
 <LI><a href="#[14]">UART0_Handler</a>&nbsp;&nbsp;&nbsp;&rArr;&nbsp;&nbsp;&nbsp;<a href="#[14]">UART0_Handler</a><BR>
 <LI><a href="#[15]">TIMR0_Handler</a>&nbsp;&nbsp;&nbsp;&rArr;&nbsp;&nbsp;&nbsp;<a href="#[15]">TIMR0_Handler</a><BR>
 <LI><a href="#[16]">SPI0_Handler</a>&nbsp;&nbsp;&nbsp;&rArr;&nbsp;&nbsp;&nbsp;<a href="#[16]">SPI0_Handler</a><BR>
 <LI><a href="#[17]">UART1_Handler</a>&nbsp;&nbsp;&nbsp;&rArr;&nbsp;&nbsp;&nbsp;<a href="#[17]">UART1_Handler</a><BR>
 <LI><a href="#[18]">UART2_Handler</a>&nbsp;&nbsp;&nbsp;&rArr;&nbsp;&nbsp;&nbsp;<a href="#[18]">UART2_Handler</a><BR>
 <LI><a href="#[19]">TIMR1_Handler</a>&nbsp;&nbsp;&nbsp;&rArr;&nbsp;&nbsp;&nbsp;<a href="#[19]">TIMR1_Handler</a><BR>
 <LI><a href="#[1a]">DMA_Handler</a>&nbsp;&nbsp;&nbsp;&rArr;&nbsp;&nbsp;&nbsp;<a href="#[1a]">DMA_Handler</a><BR>
 <LI><a href="#[1b]">PWM0_Handler</a>&nbsp;&nbsp;&nbsp;&rArr;&nbsp;&nbsp;&nbsp;<a href="#[1b]">PWM0_Handler</a><BR>
 <LI><a href="#[1c]">BTIMR0_Handler</a>&nbsp;&nbsp;&nbsp;&rArr;&nbsp;&nbsp;&nbsp;<a href="#[1c]">BTIMR0_Handler</a><BR>
 <LI><a href="#[1d]">TIMR2_Handler</a>&nbsp;&nbsp;&nbsp;&rArr;&nbsp;&nbsp;&nbsp;<a href="#[1d]">TIMR2_Handler</a><BR>
 <LI><a href="#[1e]">TIMR3_Handler</a>&nbsp;&nbsp;&nbsp;&rArr;&nbsp;&nbsp;&nbsp;<a href="#[1e]">TIMR3_Handler</a><BR>
 <LI><a href="#[1f]">WDT_Handler</a>&nbsp;&nbsp;&nbsp;&rArr;&nbsp;&nbsp;&nbsp;<a href="#[1f]">WDT_Handler</a><BR>
 <LI><a href="#[20]">I2C4_Handler</a>&nbsp;&nbsp;&nbsp;&rArr;&nbsp;&nbsp;&nbsp;<a href="#[20]">I2C4_Handler</a><BR>
 <LI><a href="#[21]">UART3_Handler</a>&nbsp;&nbsp;&nbsp;&rArr;&nbsp;&nbsp;&nbsp;<a href="#[21]">UART3_Handler</a><BR>
 <LI><a href="#[22]">ADC0_Handler</a>&nbsp;&nbsp;&nbsp;&rArr;&nbsp;&nbsp;&nbsp;<a href="#[22]">ADC0_Handler</a><BR>
 <LI><a href="#[23]">BTIMR1_Handler</a>&nbsp;&nbsp;&nbsp;&rArr;&nbsp;&nbsp;&nbsp;<a href="#[23]">BTIMR1_Handler</a><BR>
 <LI><a href="#[24]">GPIOA9_GPIOC6_Handler</a>&nbsp;&nbsp;&nbsp;&rArr;&nbsp;&nbsp;&nbsp;<a href="#[24]">GPIOA9_GPIOC6_Handler</a><BR>
 <LI><a href="#[25]">GPIOA6_GPIOC7_Handler</a>&nbsp;&nbsp;&nbsp;&rArr;&nbsp;&nbsp;&nbsp;<a href="#[25]">GPIOA6_GPIOC7_Handler</a><BR>
 <LI><a href="#[26]">GPIOA7_GPIOC8_Handler</a>&nbsp;&nbsp;&nbsp;&rArr;&nbsp;&nbsp;&nbsp;<a href="#[26]">GPIOA7_GPIOC8_Handler</a><BR>
 <LI><a href="#[27]">GPIOA8_GPIOC9_Handler</a>&nbsp;&nbsp;&nbsp;&rArr;&nbsp;&nbsp;&nbsp;<a href="#[27]">GPIOA8_GPIOC9_Handler</a><BR>
 <LI><a href="#[28]">GPIOA10_GPIOC10_Handler</a>&nbsp;&nbsp;&nbsp;&rArr;&nbsp;&nbsp;&nbsp;<a href="#[28]">GPIOA10_GPIOC10_Handler</a><BR>
 <LI><a href="#[29]">GPIOA13_GPIOC12_Handler</a>&nbsp;&nbsp;&nbsp;&rArr;&nbsp;&nbsp;&nbsp;<a href="#[29]">GPIOA13_GPIOC12_Handler</a><BR>
 <LI><a href="#[2a]">GPIOA12_GPIOC13_Handler</a>&nbsp;&nbsp;&nbsp;&rArr;&nbsp;&nbsp;&nbsp;<a href="#[2a]">GPIOA12_GPIOC13_Handler</a><BR>
 <LI><a href="#[2b]">GPIOA11_GPIOC14_Handler</a>&nbsp;&nbsp;&nbsp;&rArr;&nbsp;&nbsp;&nbsp;<a href="#[2b]">GPIOA11_GPIOC14_Handler</a><BR>
 <LI><a href="#[2c]">XTALSTOPDET_GPIOC0_Handler</a>&nbsp;&nbsp;&nbsp;&rArr;&nbsp;&nbsp;&nbsp;<a href="#[2c]">XTALSTOPDET_GPIOC0_Handler</a><BR>
 <LI><a href="#[2d]">BTIMR2_GPIOB12_Handler</a>&nbsp;&nbsp;&nbsp;&rArr;&nbsp;&nbsp;&nbsp;<a href="#[2d]">BTIMR2_GPIOB12_Handler</a><BR>
 <LI><a href="#[2e]">PWM1_GPIOA1_Handler</a>&nbsp;&nbsp;&nbsp;&rArr;&nbsp;&nbsp;&nbsp;<a href="#[2e]">PWM1_GPIOA1_Handler</a><BR>
 <LI><a href="#[2f]">PWM2_UART4_Handler</a>&nbsp;&nbsp;&nbsp;&rArr;&nbsp;&nbsp;&nbsp;<a href="#[2f]">PWM2_UART4_Handler</a><BR>
 <LI><a href="#[30]">BOD_PWMHALT_Handler</a>&nbsp;&nbsp;&nbsp;&rArr;&nbsp;&nbsp;&nbsp;<a href="#[30]">BOD_PWMHALT_Handler</a><BR>
 <LI><a href="#[31]">PWM3_GPIOB_ACMP_Handler</a>&nbsp;&nbsp;&nbsp;&rArr;&nbsp;&nbsp;&nbsp;<a href="#[31]">PWM3_GPIOB_ACMP_Handler</a><BR>
 <LI><a href="#[32]">SPI1_HALL_GPIOD_Handler</a>&nbsp;&nbsp;&nbsp;&rArr;&nbsp;&nbsp;&nbsp;<a href="#[32]">SPI1_HALL_GPIOD_Handler</a><BR>
 <LI><a href="#[33]">BTIMR3_RTC_Handler</a>&nbsp;&nbsp;&nbsp;&rArr;&nbsp;&nbsp;&nbsp;<a href="#[33]">BTIMR3_RTC_Handler</a><BR>
</UL>
<P>
<H3>
Function Pointers
</H3><UL>
 <LI><a href="#[22]">ADC0_Handler</a> from startup_swm260.o(.text) referenced from startup_swm260.o(RESET)
 <LI><a href="#[30]">BOD_PWMHALT_Handler</a> from startup_swm260.o(.text) referenced from startup_swm260.o(RESET)
 <LI><a href="#[1c]">BTIMR0_Handler</a> from startup_swm260.o(.text) referenced from startup_swm260.o(RESET)
 <LI><a href="#[23]">BTIMR1_Handler</a> from startup_swm260.o(.text) referenced from startup_swm260.o(RESET)
 <LI><a href="#[2d]">BTIMR2_GPIOB12_Handler</a> from startup_swm260.o(.text) referenced from startup_swm260.o(RESET)
 <LI><a href="#[33]">BTIMR3_RTC_Handler</a> from startup_swm260.o(.text) referenced from startup_swm260.o(RESET)
 <LI><a href="#[35]">CPUTstCont</a> from swm260_stlcpurunkeil.o(.text) referenced 2 times from swm260_stlcpurunkeil.o(.text)
 <LI><a href="#[1a]">DMA_Handler</a> from startup_swm260.o(.text) referenced from startup_swm260.o(RESET)
 <LI><a href="#[28]">GPIOA10_GPIOC10_Handler</a> from startup_swm260.o(.text) referenced from startup_swm260.o(RESET)
 <LI><a href="#[2b]">GPIOA11_GPIOC14_Handler</a> from startup_swm260.o(.text) referenced from startup_swm260.o(RESET)
 <LI><a href="#[2a]">GPIOA12_GPIOC13_Handler</a> from startup_swm260.o(.text) referenced from startup_swm260.o(RESET)
 <LI><a href="#[29]">GPIOA13_GPIOC12_Handler</a> from startup_swm260.o(.text) referenced from startup_swm260.o(RESET)
 <LI><a href="#[25]">GPIOA6_GPIOC7_Handler</a> from startup_swm260.o(.text) referenced from startup_swm260.o(RESET)
 <LI><a href="#[26]">GPIOA7_GPIOC8_Handler</a> from startup_swm260.o(.text) referenced from startup_swm260.o(RESET)
 <LI><a href="#[27]">GPIOA8_GPIOC9_Handler</a> from startup_swm260.o(.text) referenced from startup_swm260.o(RESET)
 <LI><a href="#[24]">GPIOA9_GPIOC6_Handler</a> from startup_swm260.o(.text) referenced from startup_swm260.o(RESET)
 <LI><a href="#[10]">HardFault_Handler</a> from startup_swm260.o(.text) referenced from startup_swm260.o(RESET)
 <LI><a href="#[20]">I2C4_Handler</a> from startup_swm260.o(.text) referenced from startup_swm260.o(RESET)
 <LI><a href="#[f]">NMI_Handler</a> from startup_swm260.o(.text) referenced from startup_swm260.o(RESET)
 <LI><a href="#[1b]">PWM0_Handler</a> from startup_swm260.o(.text) referenced from startup_swm260.o(RESET)
 <LI><a href="#[2e]">PWM1_GPIOA1_Handler</a> from startup_swm260.o(.text) referenced from startup_swm260.o(RESET)
 <LI><a href="#[2f]">PWM2_UART4_Handler</a> from startup_swm260.o(.text) referenced from startup_swm260.o(RESET)
 <LI><a href="#[31]">PWM3_GPIOB_ACMP_Handler</a> from startup_swm260.o(.text) referenced from startup_swm260.o(RESET)
 <LI><a href="#[12]">PendSV_Handler</a> from startup_swm260.o(.text) referenced from startup_swm260.o(RESET)
 <LI><a href="#[16]">SPI0_Handler</a> from startup_swm260.o(.text) referenced from startup_swm260.o(RESET)
 <LI><a href="#[32]">SPI1_HALL_GPIOD_Handler</a> from startup_swm260.o(.text) referenced from startup_swm260.o(RESET)
 <LI><a href="#[e]">STL_StartUp</a> from swm260_stlstartup.o(i.STL_StartUp) referenced from startup_swm260.o(RESET)
 <LI><a href="#[11]">SVC_Handler</a> from startup_swm260.o(.text) referenced from startup_swm260.o(RESET)
 <LI><a href="#[13]">SysTick_Handler</a> from main.o(i.SysTick_Handler) referenced from startup_swm260.o(RESET)
 <LI><a href="#[15]">TIMR0_Handler</a> from startup_swm260.o(.text) referenced from startup_swm260.o(RESET)
 <LI><a href="#[19]">TIMR1_Handler</a> from startup_swm260.o(.text) referenced from startup_swm260.o(RESET)
 <LI><a href="#[1d]">TIMR2_Handler</a> from startup_swm260.o(.text) referenced from startup_swm260.o(RESET)
 <LI><a href="#[1e]">TIMR3_Handler</a> from startup_swm260.o(.text) referenced from startup_swm260.o(RESET)
 <LI><a href="#[14]">UART0_Handler</a> from startup_swm260.o(.text) referenced from startup_swm260.o(RESET)
 <LI><a href="#[17]">UART1_Handler</a> from startup_swm260.o(.text) referenced from startup_swm260.o(RESET)
 <LI><a href="#[18]">UART2_Handler</a> from startup_swm260.o(.text) referenced from startup_swm260.o(RESET)
 <LI><a href="#[21]">UART3_Handler</a> from startup_swm260.o(.text) referenced from startup_swm260.o(RESET)
 <LI><a href="#[1f]">WDT_Handler</a> from startup_swm260.o(.text) referenced from startup_swm260.o(RESET)
 <LI><a href="#[2c]">XTALSTOPDET_GPIOC0_Handler</a> from startup_swm260.o(.text) referenced from startup_swm260.o(RESET)
 <LI><a href="#[39]">__main</a> from __main.o(!!!main) referenced from startup_swm260.o(.text)
 <LI><a href="#[38]">_printf_input_char</a> from _printf_char_common.o(.text) referenced from _printf_char_common.o(.text)
 <LI><a href="#[37]">fputc</a> from main.o(i.fputc) referenced from _printf_char_file.o(.text)
</UL>
<P>
<H3>
Global Symbols
</H3>
<P><STRONG><a name="[39]"></a>__main</STRONG> (Thumb, 8 bytes, Stack size 0 bytes, __main.o(!!!main))
<BR><BR>[Calls]<UL><LI><a href="#[3b]">&gt;&gt;</a>&nbsp;&nbsp;&nbsp;__rt_entry
<LI><a href="#[3a]">&gt;&gt;</a>&nbsp;&nbsp;&nbsp;__scatterload
</UL>

<P><STRONG><a name="[3a]"></a>__scatterload</STRONG> (Thumb, 0 bytes, Stack size unknown bytes, __scatter.o(!!!scatter))
<BR><BR>[Called By]<UL><LI><a href="#[39]">&gt;&gt;</a>&nbsp;&nbsp;&nbsp;__main
</UL>

<P><STRONG><a name="[3c]"></a>__scatterload_rt2</STRONG> (Thumb, 52 bytes, Stack size unknown bytes, __scatter.o(!!!scatter), UNUSED)
<BR><BR>[Calls]<UL><LI><a href="#[3b]">&gt;&gt;</a>&nbsp;&nbsp;&nbsp;__rt_entry
</UL>

<P><STRONG><a name="[b8]"></a>__scatterload_rt2_thumb_only</STRONG> (Thumb, 0 bytes, Stack size unknown bytes, __scatter.o(!!!scatter), UNUSED)

<P><STRONG><a name="[b9]"></a>__scatterload_null</STRONG> (Thumb, 0 bytes, Stack size unknown bytes, __scatter.o(!!!scatter), UNUSED)

<P><STRONG><a name="[3d]"></a>__scatterload_copy</STRONG> (Thumb, 26 bytes, Stack size unknown bytes, __scatter_copy.o(!!handler_copy), UNUSED)
<BR><BR>[Calls]<UL><LI><a href="#[3d]">&gt;&gt;</a>&nbsp;&nbsp;&nbsp;__scatterload_copy
</UL>
<BR>[Called By]<UL><LI><a href="#[3d]">&gt;&gt;</a>&nbsp;&nbsp;&nbsp;__scatterload_copy
</UL>

<P><STRONG><a name="[47]"></a>__rt_lib_init</STRONG> (Thumb, 0 bytes, Stack size unknown bytes, libinit.o(.ARM.Collect$$libinit$$00000000))
<BR><BR>[Called By]<UL><LI><a href="#[46]">&gt;&gt;</a>&nbsp;&nbsp;&nbsp;__rt_entry_li
</UL>

<P><STRONG><a name="[ba]"></a>__rt_lib_init_fp_1</STRONG> (Thumb, 0 bytes, Stack size unknown bytes, libinit2.o(.ARM.Collect$$libinit$$00000002))

<P><STRONG><a name="[3e]"></a>__rt_lib_init_heap_2</STRONG> (Thumb, 0 bytes, Stack size unknown bytes, libinit2.o(.ARM.Collect$$libinit$$00000005))
<BR><BR>[Stack]<UL><LI>Max Depth = 64 + Unknown Stack Size
<LI>Call Chain = __rt_lib_init_heap_2 &rArr; _init_alloc &rArr; __rt_SIGRTMEM &rArr; __rt_SIGRTMEM_inner &rArr; __default_signal_display &rArr; _ttywrch
</UL>
<BR>[Calls]<UL><LI><a href="#[3f]">&gt;&gt;</a>&nbsp;&nbsp;&nbsp;_init_alloc
</UL>

<P><STRONG><a name="[bb]"></a>__rt_lib_init_preinit_1</STRONG> (Thumb, 0 bytes, Stack size unknown bytes, libinit2.o(.ARM.Collect$$libinit$$00000004))

<P><STRONG><a name="[bc]"></a>__rt_lib_init_atexit_1</STRONG> (Thumb, 0 bytes, Stack size unknown bytes, libinit2.o(.ARM.Collect$$libinit$$0000001B))

<P><STRONG><a name="[bd]"></a>__rt_lib_init_clock_1</STRONG> (Thumb, 0 bytes, Stack size unknown bytes, libinit2.o(.ARM.Collect$$libinit$$00000021))

<P><STRONG><a name="[be]"></a>__rt_lib_init_fp_trap_1</STRONG> (Thumb, 0 bytes, Stack size unknown bytes, libinit2.o(.ARM.Collect$$libinit$$0000001F))

<P><STRONG><a name="[bf]"></a>__rt_lib_init_getenv_1</STRONG> (Thumb, 0 bytes, Stack size unknown bytes, libinit2.o(.ARM.Collect$$libinit$$00000023))

<P><STRONG><a name="[c0]"></a>__rt_lib_init_heap_1</STRONG> (Thumb, 0 bytes, Stack size unknown bytes, libinit2.o(.ARM.Collect$$libinit$$0000000A))

<P><STRONG><a name="[c1]"></a>__rt_lib_init_lc_collate_1</STRONG> (Thumb, 0 bytes, Stack size unknown bytes, libinit2.o(.ARM.Collect$$libinit$$00000011))

<P><STRONG><a name="[c2]"></a>__rt_lib_init_lc_ctype_1</STRONG> (Thumb, 0 bytes, Stack size unknown bytes, libinit2.o(.ARM.Collect$$libinit$$00000013))

<P><STRONG><a name="[c3]"></a>__rt_lib_init_lc_monetary_1</STRONG> (Thumb, 0 bytes, Stack size unknown bytes, libinit2.o(.ARM.Collect$$libinit$$00000015))

<P><STRONG><a name="[c4]"></a>__rt_lib_init_lc_numeric_1</STRONG> (Thumb, 0 bytes, Stack size unknown bytes, libinit2.o(.ARM.Collect$$libinit$$00000017))

<P><STRONG><a name="[c5]"></a>__rt_lib_init_lc_time_1</STRONG> (Thumb, 0 bytes, Stack size unknown bytes, libinit2.o(.ARM.Collect$$libinit$$00000019))

<P><STRONG><a name="[c6]"></a>__rt_lib_init_rand_1</STRONG> (Thumb, 0 bytes, Stack size unknown bytes, libinit2.o(.ARM.Collect$$libinit$$0000000E))

<P><STRONG><a name="[c7]"></a>__rt_lib_init_signal_1</STRONG> (Thumb, 0 bytes, Stack size unknown bytes, libinit2.o(.ARM.Collect$$libinit$$0000001D))

<P><STRONG><a name="[40]"></a>__rt_lib_init_stdio_2</STRONG> (Thumb, 0 bytes, Stack size unknown bytes, libinit2.o(.ARM.Collect$$libinit$$00000024))
<BR><BR>[Stack]<UL><LI>Max Depth = 144 + Unknown Stack Size
<LI>Call Chain = __rt_lib_init_stdio_2 &rArr; _initio &rArr; freopen &rArr; _fclose_internal &rArr; _fflush &rArr; _writebuf &rArr; _sys_write
</UL>
<BR>[Calls]<UL><LI><a href="#[41]">&gt;&gt;</a>&nbsp;&nbsp;&nbsp;_initio
</UL>

<P><STRONG><a name="[c8]"></a>__rt_lib_init_user_alloc_1</STRONG> (Thumb, 0 bytes, Stack size unknown bytes, libinit2.o(.ARM.Collect$$libinit$$0000000C))

<P><STRONG><a name="[c9]"></a>__rt_lib_init_alloca_1</STRONG> (Thumb, 0 bytes, Stack size unknown bytes, libinit2.o(.ARM.Collect$$libinit$$0000002E))

<P><STRONG><a name="[ca]"></a>__rt_lib_init_argv_1</STRONG> (Thumb, 0 bytes, Stack size unknown bytes, libinit2.o(.ARM.Collect$$libinit$$0000002C))

<P><STRONG><a name="[cb]"></a>__rt_lib_init_cpp_1</STRONG> (Thumb, 0 bytes, Stack size unknown bytes, libinit2.o(.ARM.Collect$$libinit$$00000032))

<P><STRONG><a name="[cc]"></a>__rt_lib_init_exceptions_1</STRONG> (Thumb, 0 bytes, Stack size unknown bytes, libinit2.o(.ARM.Collect$$libinit$$00000030))

<P><STRONG><a name="[cd]"></a>__rt_lib_init_return</STRONG> (Thumb, 0 bytes, Stack size unknown bytes, libinit2.o(.ARM.Collect$$libinit$$00000033))

<P><STRONG><a name="[ce]"></a>__rt_lib_init_stdio_1</STRONG> (Thumb, 0 bytes, Stack size unknown bytes, libinit2.o(.ARM.Collect$$libinit$$00000025))

<P><STRONG><a name="[4c]"></a>__rt_lib_shutdown</STRONG> (Thumb, 0 bytes, Stack size unknown bytes, libshutdown.o(.ARM.Collect$$libshutdown$$00000000))
<BR><BR>[Called By]<UL><LI><a href="#[4b]">&gt;&gt;</a>&nbsp;&nbsp;&nbsp;__rt_exit_ls
</UL>

<P><STRONG><a name="[cf]"></a>__rt_lib_shutdown_cpp_1</STRONG> (Thumb, 0 bytes, Stack size unknown bytes, libshutdown2.o(.ARM.Collect$$libshutdown$$00000004))

<P><STRONG><a name="[d0]"></a>__rt_lib_shutdown_fini_1</STRONG> (Thumb, 0 bytes, Stack size unknown bytes, libshutdown2.o(.ARM.Collect$$libshutdown$$00000002))

<P><STRONG><a name="[42]"></a>__rt_lib_shutdown_stdio_2</STRONG> (Thumb, 0 bytes, Stack size unknown bytes, libshutdown2.o(.ARM.Collect$$libshutdown$$00000005))
<BR><BR>[Stack]<UL><LI>Max Depth = 120 + Unknown Stack Size
<LI>Call Chain = __rt_lib_shutdown_stdio_2 &rArr; _terminateio &rArr; _fclose_internal &rArr; _fflush &rArr; _writebuf &rArr; _sys_write
</UL>
<BR>[Calls]<UL><LI><a href="#[43]">&gt;&gt;</a>&nbsp;&nbsp;&nbsp;_terminateio
</UL>

<P><STRONG><a name="[d1]"></a>__rt_lib_shutdown_fp_trap_1</STRONG> (Thumb, 0 bytes, Stack size unknown bytes, libshutdown2.o(.ARM.Collect$$libshutdown$$00000009))

<P><STRONG><a name="[d2]"></a>__rt_lib_shutdown_heap_1</STRONG> (Thumb, 0 bytes, Stack size unknown bytes, libshutdown2.o(.ARM.Collect$$libshutdown$$00000011))

<P><STRONG><a name="[d3]"></a>__rt_lib_shutdown_return</STRONG> (Thumb, 0 bytes, Stack size unknown bytes, libshutdown2.o(.ARM.Collect$$libshutdown$$00000012))

<P><STRONG><a name="[d4]"></a>__rt_lib_shutdown_signal_1</STRONG> (Thumb, 0 bytes, Stack size unknown bytes, libshutdown2.o(.ARM.Collect$$libshutdown$$0000000C))

<P><STRONG><a name="[d5]"></a>__rt_lib_shutdown_stdio_1</STRONG> (Thumb, 0 bytes, Stack size unknown bytes, libshutdown2.o(.ARM.Collect$$libshutdown$$00000006))

<P><STRONG><a name="[d6]"></a>__rt_lib_shutdown_user_alloc_1</STRONG> (Thumb, 0 bytes, Stack size unknown bytes, libshutdown2.o(.ARM.Collect$$libshutdown$$0000000E))

<P><STRONG><a name="[3b]"></a>__rt_entry</STRONG> (Thumb, 0 bytes, Stack size unknown bytes, __rtentry.o(.ARM.Collect$$rtentry$$00000000))
<BR><BR>[Called By]<UL><LI><a href="#[39]">&gt;&gt;</a>&nbsp;&nbsp;&nbsp;__main
<LI><a href="#[3c]">&gt;&gt;</a>&nbsp;&nbsp;&nbsp;__scatterload_rt2
</UL>

<P><STRONG><a name="[d7]"></a>__rt_entry_presh_1</STRONG> (Thumb, 0 bytes, Stack size unknown bytes, __rtentry2.o(.ARM.Collect$$rtentry$$00000002))

<P><STRONG><a name="[44]"></a>__rt_entry_sh</STRONG> (Thumb, 0 bytes, Stack size unknown bytes, __rtentry4.o(.ARM.Collect$$rtentry$$00000004))
<BR><BR>[Stack]<UL><LI>Max Depth = 8 + Unknown Stack Size
<LI>Call Chain = __rt_entry_sh &rArr; __user_setup_stackheap
</UL>
<BR>[Calls]<UL><LI><a href="#[45]">&gt;&gt;</a>&nbsp;&nbsp;&nbsp;__user_setup_stackheap
</UL>

<P><STRONG><a name="[46]"></a>__rt_entry_li</STRONG> (Thumb, 0 bytes, Stack size unknown bytes, __rtentry2.o(.ARM.Collect$$rtentry$$0000000A))
<BR><BR>[Calls]<UL><LI><a href="#[47]">&gt;&gt;</a>&nbsp;&nbsp;&nbsp;__rt_lib_init
</UL>

<P><STRONG><a name="[d8]"></a>__rt_entry_postsh_1</STRONG> (Thumb, 0 bytes, Stack size unknown bytes, __rtentry2.o(.ARM.Collect$$rtentry$$00000009))

<P><STRONG><a name="[48]"></a>__rt_entry_main</STRONG> (Thumb, 0 bytes, Stack size unknown bytes, __rtentry2.o(.ARM.Collect$$rtentry$$0000000D))
<BR><BR>[Stack]<UL><LI>Max Depth = 144 + Unknown Stack Size
<LI>Call Chain = __rt_entry_main &rArr; main &rArr; __2printf &rArr; _printf_char_file &rArr; _printf_char_common &rArr; __printf
</UL>
<BR>[Calls]<UL><LI><a href="#[49]">&gt;&gt;</a>&nbsp;&nbsp;&nbsp;main
<LI><a href="#[4a]">&gt;&gt;</a>&nbsp;&nbsp;&nbsp;exit
</UL>

<P><STRONG><a name="[d9]"></a>__rt_entry_postli_1</STRONG> (Thumb, 0 bytes, Stack size unknown bytes, __rtentry2.o(.ARM.Collect$$rtentry$$0000000C))

<P><STRONG><a name="[68]"></a>__rt_exit</STRONG> (Thumb, 0 bytes, Stack size unknown bytes, rtexit.o(.ARM.Collect$$rtexit$$00000000))
<BR><BR>[Called By]<UL><LI><a href="#[4a]">&gt;&gt;</a>&nbsp;&nbsp;&nbsp;exit
</UL>

<P><STRONG><a name="[4b]"></a>__rt_exit_ls</STRONG> (Thumb, 0 bytes, Stack size unknown bytes, rtexit2.o(.ARM.Collect$$rtexit$$00000003))
<BR><BR>[Calls]<UL><LI><a href="#[4c]">&gt;&gt;</a>&nbsp;&nbsp;&nbsp;__rt_lib_shutdown
</UL>

<P><STRONG><a name="[da]"></a>__rt_exit_prels_1</STRONG> (Thumb, 0 bytes, Stack size unknown bytes, rtexit2.o(.ARM.Collect$$rtexit$$00000002))

<P><STRONG><a name="[4d]"></a>__rt_exit_exit</STRONG> (Thumb, 0 bytes, Stack size unknown bytes, rtexit2.o(.ARM.Collect$$rtexit$$00000004))
<BR><BR>[Calls]<UL><LI><a href="#[4e]">&gt;&gt;</a>&nbsp;&nbsp;&nbsp;_sys_exit
</UL>

<P><STRONG><a name="[9e]"></a>Reset_Handler</STRONG> (Thumb, 4 bytes, Stack size 0 bytes, startup_swm260.o(.text))
<BR><BR>[Called By]<UL><LI><a href="#[e]">&gt;&gt;</a>&nbsp;&nbsp;&nbsp;STL_StartUp
</UL>

<P><STRONG><a name="[db]"></a>_maybe_terminate_alloc</STRONG> (Thumb, 0 bytes, Stack size 0 bytes, maybetermalloc1.o(.emb_text), UNUSED)

<P><STRONG><a name="[f]"></a>NMI_Handler</STRONG> (Thumb, 2 bytes, Stack size 0 bytes, startup_swm260.o(.text))
<BR><BR>[Calls]<UL><LI><a href="#[f]">&gt;&gt;</a>&nbsp;&nbsp;&nbsp;NMI_Handler
</UL>
<BR>[Called By]<UL><LI><a href="#[f]">&gt;&gt;</a>&nbsp;&nbsp;&nbsp;NMI_Handler
</UL>
<BR>[Address Reference Count : 1]<UL><LI> startup_swm260.o(RESET)
</UL>
<P><STRONG><a name="[10]"></a>HardFault_Handler</STRONG> (Thumb, 2 bytes, Stack size 0 bytes, startup_swm260.o(.text))
<BR><BR>[Calls]<UL><LI><a href="#[10]">&gt;&gt;</a>&nbsp;&nbsp;&nbsp;HardFault_Handler
</UL>
<BR>[Called By]<UL><LI><a href="#[10]">&gt;&gt;</a>&nbsp;&nbsp;&nbsp;HardFault_Handler
</UL>
<BR>[Address Reference Count : 1]<UL><LI> startup_swm260.o(RESET)
</UL>
<P><STRONG><a name="[11]"></a>SVC_Handler</STRONG> (Thumb, 2 bytes, Stack size 0 bytes, startup_swm260.o(.text))
<BR><BR>[Calls]<UL><LI><a href="#[11]">&gt;&gt;</a>&nbsp;&nbsp;&nbsp;SVC_Handler
</UL>
<BR>[Called By]<UL><LI><a href="#[11]">&gt;&gt;</a>&nbsp;&nbsp;&nbsp;SVC_Handler
</UL>
<BR>[Address Reference Count : 1]<UL><LI> startup_swm260.o(RESET)
</UL>
<P><STRONG><a name="[12]"></a>PendSV_Handler</STRONG> (Thumb, 2 bytes, Stack size 0 bytes, startup_swm260.o(.text))
<BR><BR>[Calls]<UL><LI><a href="#[12]">&gt;&gt;</a>&nbsp;&nbsp;&nbsp;PendSV_Handler
</UL>
<BR>[Called By]<UL><LI><a href="#[12]">&gt;&gt;</a>&nbsp;&nbsp;&nbsp;PendSV_Handler
</UL>
<BR>[Address Reference Count : 1]<UL><LI> startup_swm260.o(RESET)
</UL>
<P><STRONG><a name="[14]"></a>UART0_Handler</STRONG> (Thumb, 2 bytes, Stack size 0 bytes, startup_swm260.o(.text))
<BR><BR>[Calls]<UL><LI><a href="#[14]">&gt;&gt;</a>&nbsp;&nbsp;&nbsp;UART0_Handler
</UL>
<BR>[Called By]<UL><LI><a href="#[14]">&gt;&gt;</a>&nbsp;&nbsp;&nbsp;UART0_Handler
</UL>
<BR>[Address Reference Count : 1]<UL><LI> startup_swm260.o(RESET)
</UL>
<P><STRONG><a name="[15]"></a>TIMR0_Handler</STRONG> (Thumb, 2 bytes, Stack size 0 bytes, startup_swm260.o(.text))
<BR><BR>[Calls]<UL><LI><a href="#[15]">&gt;&gt;</a>&nbsp;&nbsp;&nbsp;TIMR0_Handler
</UL>
<BR>[Called By]<UL><LI><a href="#[15]">&gt;&gt;</a>&nbsp;&nbsp;&nbsp;TIMR0_Handler
</UL>
<BR>[Address Reference Count : 1]<UL><LI> startup_swm260.o(RESET)
</UL>
<P><STRONG><a name="[16]"></a>SPI0_Handler</STRONG> (Thumb, 2 bytes, Stack size 0 bytes, startup_swm260.o(.text))
<BR><BR>[Calls]<UL><LI><a href="#[16]">&gt;&gt;</a>&nbsp;&nbsp;&nbsp;SPI0_Handler
</UL>
<BR>[Called By]<UL><LI><a href="#[16]">&gt;&gt;</a>&nbsp;&nbsp;&nbsp;SPI0_Handler
</UL>
<BR>[Address Reference Count : 1]<UL><LI> startup_swm260.o(RESET)
</UL>
<P><STRONG><a name="[17]"></a>UART1_Handler</STRONG> (Thumb, 2 bytes, Stack size 0 bytes, startup_swm260.o(.text))
<BR><BR>[Calls]<UL><LI><a href="#[17]">&gt;&gt;</a>&nbsp;&nbsp;&nbsp;UART1_Handler
</UL>
<BR>[Called By]<UL><LI><a href="#[17]">&gt;&gt;</a>&nbsp;&nbsp;&nbsp;UART1_Handler
</UL>
<BR>[Address Reference Count : 1]<UL><LI> startup_swm260.o(RESET)
</UL>
<P><STRONG><a name="[18]"></a>UART2_Handler</STRONG> (Thumb, 2 bytes, Stack size 0 bytes, startup_swm260.o(.text))
<BR><BR>[Calls]<UL><LI><a href="#[18]">&gt;&gt;</a>&nbsp;&nbsp;&nbsp;UART2_Handler
</UL>
<BR>[Called By]<UL><LI><a href="#[18]">&gt;&gt;</a>&nbsp;&nbsp;&nbsp;UART2_Handler
</UL>
<BR>[Address Reference Count : 1]<UL><LI> startup_swm260.o(RESET)
</UL>
<P><STRONG><a name="[19]"></a>TIMR1_Handler</STRONG> (Thumb, 2 bytes, Stack size 0 bytes, startup_swm260.o(.text))
<BR><BR>[Calls]<UL><LI><a href="#[19]">&gt;&gt;</a>&nbsp;&nbsp;&nbsp;TIMR1_Handler
</UL>
<BR>[Called By]<UL><LI><a href="#[19]">&gt;&gt;</a>&nbsp;&nbsp;&nbsp;TIMR1_Handler
</UL>
<BR>[Address Reference Count : 1]<UL><LI> startup_swm260.o(RESET)
</UL>
<P><STRONG><a name="[1a]"></a>DMA_Handler</STRONG> (Thumb, 2 bytes, Stack size 0 bytes, startup_swm260.o(.text))
<BR><BR>[Calls]<UL><LI><a href="#[1a]">&gt;&gt;</a>&nbsp;&nbsp;&nbsp;DMA_Handler
</UL>
<BR>[Called By]<UL><LI><a href="#[1a]">&gt;&gt;</a>&nbsp;&nbsp;&nbsp;DMA_Handler
</UL>
<BR>[Address Reference Count : 1]<UL><LI> startup_swm260.o(RESET)
</UL>
<P><STRONG><a name="[1b]"></a>PWM0_Handler</STRONG> (Thumb, 2 bytes, Stack size 0 bytes, startup_swm260.o(.text))
<BR><BR>[Calls]<UL><LI><a href="#[1b]">&gt;&gt;</a>&nbsp;&nbsp;&nbsp;PWM0_Handler
</UL>
<BR>[Called By]<UL><LI><a href="#[1b]">&gt;&gt;</a>&nbsp;&nbsp;&nbsp;PWM0_Handler
</UL>
<BR>[Address Reference Count : 1]<UL><LI> startup_swm260.o(RESET)
</UL>
<P><STRONG><a name="[1c]"></a>BTIMR0_Handler</STRONG> (Thumb, 2 bytes, Stack size 0 bytes, startup_swm260.o(.text))
<BR><BR>[Calls]<UL><LI><a href="#[1c]">&gt;&gt;</a>&nbsp;&nbsp;&nbsp;BTIMR0_Handler
</UL>
<BR>[Called By]<UL><LI><a href="#[1c]">&gt;&gt;</a>&nbsp;&nbsp;&nbsp;BTIMR0_Handler
</UL>
<BR>[Address Reference Count : 1]<UL><LI> startup_swm260.o(RESET)
</UL>
<P><STRONG><a name="[1d]"></a>TIMR2_Handler</STRONG> (Thumb, 2 bytes, Stack size 0 bytes, startup_swm260.o(.text))
<BR><BR>[Calls]<UL><LI><a href="#[1d]">&gt;&gt;</a>&nbsp;&nbsp;&nbsp;TIMR2_Handler
</UL>
<BR>[Called By]<UL><LI><a href="#[1d]">&gt;&gt;</a>&nbsp;&nbsp;&nbsp;TIMR2_Handler
</UL>
<BR>[Address Reference Count : 1]<UL><LI> startup_swm260.o(RESET)
</UL>
<P><STRONG><a name="[1e]"></a>TIMR3_Handler</STRONG> (Thumb, 2 bytes, Stack size 0 bytes, startup_swm260.o(.text))
<BR><BR>[Calls]<UL><LI><a href="#[1e]">&gt;&gt;</a>&nbsp;&nbsp;&nbsp;TIMR3_Handler
</UL>
<BR>[Called By]<UL><LI><a href="#[1e]">&gt;&gt;</a>&nbsp;&nbsp;&nbsp;TIMR3_Handler
</UL>
<BR>[Address Reference Count : 1]<UL><LI> startup_swm260.o(RESET)
</UL>
<P><STRONG><a name="[1f]"></a>WDT_Handler</STRONG> (Thumb, 2 bytes, Stack size 0 bytes, startup_swm260.o(.text))
<BR><BR>[Calls]<UL><LI><a href="#[1f]">&gt;&gt;</a>&nbsp;&nbsp;&nbsp;WDT_Handler
</UL>
<BR>[Called By]<UL><LI><a href="#[1f]">&gt;&gt;</a>&nbsp;&nbsp;&nbsp;WDT_Handler
</UL>
<BR>[Address Reference Count : 1]<UL><LI> startup_swm260.o(RESET)
</UL>
<P><STRONG><a name="[20]"></a>I2C4_Handler</STRONG> (Thumb, 2 bytes, Stack size 0 bytes, startup_swm260.o(.text))
<BR><BR>[Calls]<UL><LI><a href="#[20]">&gt;&gt;</a>&nbsp;&nbsp;&nbsp;I2C4_Handler
</UL>
<BR>[Called By]<UL><LI><a href="#[20]">&gt;&gt;</a>&nbsp;&nbsp;&nbsp;I2C4_Handler
</UL>
<BR>[Address Reference Count : 1]<UL><LI> startup_swm260.o(RESET)
</UL>
<P><STRONG><a name="[21]"></a>UART3_Handler</STRONG> (Thumb, 2 bytes, Stack size 0 bytes, startup_swm260.o(.text))
<BR><BR>[Calls]<UL><LI><a href="#[21]">&gt;&gt;</a>&nbsp;&nbsp;&nbsp;UART3_Handler
</UL>
<BR>[Called By]<UL><LI><a href="#[21]">&gt;&gt;</a>&nbsp;&nbsp;&nbsp;UART3_Handler
</UL>
<BR>[Address Reference Count : 1]<UL><LI> startup_swm260.o(RESET)
</UL>
<P><STRONG><a name="[22]"></a>ADC0_Handler</STRONG> (Thumb, 2 bytes, Stack size 0 bytes, startup_swm260.o(.text))
<BR><BR>[Calls]<UL><LI><a href="#[22]">&gt;&gt;</a>&nbsp;&nbsp;&nbsp;ADC0_Handler
</UL>
<BR>[Called By]<UL><LI><a href="#[22]">&gt;&gt;</a>&nbsp;&nbsp;&nbsp;ADC0_Handler
</UL>
<BR>[Address Reference Count : 1]<UL><LI> startup_swm260.o(RESET)
</UL>
<P><STRONG><a name="[23]"></a>BTIMR1_Handler</STRONG> (Thumb, 2 bytes, Stack size 0 bytes, startup_swm260.o(.text))
<BR><BR>[Calls]<UL><LI><a href="#[23]">&gt;&gt;</a>&nbsp;&nbsp;&nbsp;BTIMR1_Handler
</UL>
<BR>[Called By]<UL><LI><a href="#[23]">&gt;&gt;</a>&nbsp;&nbsp;&nbsp;BTIMR1_Handler
</UL>
<BR>[Address Reference Count : 1]<UL><LI> startup_swm260.o(RESET)
</UL>
<P><STRONG><a name="[24]"></a>GPIOA9_GPIOC6_Handler</STRONG> (Thumb, 2 bytes, Stack size 0 bytes, startup_swm260.o(.text))
<BR><BR>[Calls]<UL><LI><a href="#[24]">&gt;&gt;</a>&nbsp;&nbsp;&nbsp;GPIOA9_GPIOC6_Handler
</UL>
<BR>[Called By]<UL><LI><a href="#[24]">&gt;&gt;</a>&nbsp;&nbsp;&nbsp;GPIOA9_GPIOC6_Handler
</UL>
<BR>[Address Reference Count : 1]<UL><LI> startup_swm260.o(RESET)
</UL>
<P><STRONG><a name="[25]"></a>GPIOA6_GPIOC7_Handler</STRONG> (Thumb, 2 bytes, Stack size 0 bytes, startup_swm260.o(.text))
<BR><BR>[Calls]<UL><LI><a href="#[25]">&gt;&gt;</a>&nbsp;&nbsp;&nbsp;GPIOA6_GPIOC7_Handler
</UL>
<BR>[Called By]<UL><LI><a href="#[25]">&gt;&gt;</a>&nbsp;&nbsp;&nbsp;GPIOA6_GPIOC7_Handler
</UL>
<BR>[Address Reference Count : 1]<UL><LI> startup_swm260.o(RESET)
</UL>
<P><STRONG><a name="[26]"></a>GPIOA7_GPIOC8_Handler</STRONG> (Thumb, 2 bytes, Stack size 0 bytes, startup_swm260.o(.text))
<BR><BR>[Calls]<UL><LI><a href="#[26]">&gt;&gt;</a>&nbsp;&nbsp;&nbsp;GPIOA7_GPIOC8_Handler
</UL>
<BR>[Called By]<UL><LI><a href="#[26]">&gt;&gt;</a>&nbsp;&nbsp;&nbsp;GPIOA7_GPIOC8_Handler
</UL>
<BR>[Address Reference Count : 1]<UL><LI> startup_swm260.o(RESET)
</UL>
<P><STRONG><a name="[27]"></a>GPIOA8_GPIOC9_Handler</STRONG> (Thumb, 2 bytes, Stack size 0 bytes, startup_swm260.o(.text))
<BR><BR>[Calls]<UL><LI><a href="#[27]">&gt;&gt;</a>&nbsp;&nbsp;&nbsp;GPIOA8_GPIOC9_Handler
</UL>
<BR>[Called By]<UL><LI><a href="#[27]">&gt;&gt;</a>&nbsp;&nbsp;&nbsp;GPIOA8_GPIOC9_Handler
</UL>
<BR>[Address Reference Count : 1]<UL><LI> startup_swm260.o(RESET)
</UL>
<P><STRONG><a name="[28]"></a>GPIOA10_GPIOC10_Handler</STRONG> (Thumb, 2 bytes, Stack size 0 bytes, startup_swm260.o(.text))
<BR><BR>[Calls]<UL><LI><a href="#[28]">&gt;&gt;</a>&nbsp;&nbsp;&nbsp;GPIOA10_GPIOC10_Handler
</UL>
<BR>[Called By]<UL><LI><a href="#[28]">&gt;&gt;</a>&nbsp;&nbsp;&nbsp;GPIOA10_GPIOC10_Handler
</UL>
<BR>[Address Reference Count : 1]<UL><LI> startup_swm260.o(RESET)
</UL>
<P><STRONG><a name="[29]"></a>GPIOA13_GPIOC12_Handler</STRONG> (Thumb, 2 bytes, Stack size 0 bytes, startup_swm260.o(.text))
<BR><BR>[Calls]<UL><LI><a href="#[29]">&gt;&gt;</a>&nbsp;&nbsp;&nbsp;GPIOA13_GPIOC12_Handler
</UL>
<BR>[Called By]<UL><LI><a href="#[29]">&gt;&gt;</a>&nbsp;&nbsp;&nbsp;GPIOA13_GPIOC12_Handler
</UL>
<BR>[Address Reference Count : 1]<UL><LI> startup_swm260.o(RESET)
</UL>
<P><STRONG><a name="[2a]"></a>GPIOA12_GPIOC13_Handler</STRONG> (Thumb, 2 bytes, Stack size 0 bytes, startup_swm260.o(.text))
<BR><BR>[Calls]<UL><LI><a href="#[2a]">&gt;&gt;</a>&nbsp;&nbsp;&nbsp;GPIOA12_GPIOC13_Handler
</UL>
<BR>[Called By]<UL><LI><a href="#[2a]">&gt;&gt;</a>&nbsp;&nbsp;&nbsp;GPIOA12_GPIOC13_Handler
</UL>
<BR>[Address Reference Count : 1]<UL><LI> startup_swm260.o(RESET)
</UL>
<P><STRONG><a name="[2b]"></a>GPIOA11_GPIOC14_Handler</STRONG> (Thumb, 2 bytes, Stack size 0 bytes, startup_swm260.o(.text))
<BR><BR>[Calls]<UL><LI><a href="#[2b]">&gt;&gt;</a>&nbsp;&nbsp;&nbsp;GPIOA11_GPIOC14_Handler
</UL>
<BR>[Called By]<UL><LI><a href="#[2b]">&gt;&gt;</a>&nbsp;&nbsp;&nbsp;GPIOA11_GPIOC14_Handler
</UL>
<BR>[Address Reference Count : 1]<UL><LI> startup_swm260.o(RESET)
</UL>
<P><STRONG><a name="[2c]"></a>XTALSTOPDET_GPIOC0_Handler</STRONG> (Thumb, 2 bytes, Stack size 0 bytes, startup_swm260.o(.text))
<BR><BR>[Calls]<UL><LI><a href="#[2c]">&gt;&gt;</a>&nbsp;&nbsp;&nbsp;XTALSTOPDET_GPIOC0_Handler
</UL>
<BR>[Called By]<UL><LI><a href="#[2c]">&gt;&gt;</a>&nbsp;&nbsp;&nbsp;XTALSTOPDET_GPIOC0_Handler
</UL>
<BR>[Address Reference Count : 1]<UL><LI> startup_swm260.o(RESET)
</UL>
<P><STRONG><a name="[2d]"></a>BTIMR2_GPIOB12_Handler</STRONG> (Thumb, 2 bytes, Stack size 0 bytes, startup_swm260.o(.text))
<BR><BR>[Calls]<UL><LI><a href="#[2d]">&gt;&gt;</a>&nbsp;&nbsp;&nbsp;BTIMR2_GPIOB12_Handler
</UL>
<BR>[Called By]<UL><LI><a href="#[2d]">&gt;&gt;</a>&nbsp;&nbsp;&nbsp;BTIMR2_GPIOB12_Handler
</UL>
<BR>[Address Reference Count : 1]<UL><LI> startup_swm260.o(RESET)
</UL>
<P><STRONG><a name="[2e]"></a>PWM1_GPIOA1_Handler</STRONG> (Thumb, 2 bytes, Stack size 0 bytes, startup_swm260.o(.text))
<BR><BR>[Calls]<UL><LI><a href="#[2e]">&gt;&gt;</a>&nbsp;&nbsp;&nbsp;PWM1_GPIOA1_Handler
</UL>
<BR>[Called By]<UL><LI><a href="#[2e]">&gt;&gt;</a>&nbsp;&nbsp;&nbsp;PWM1_GPIOA1_Handler
</UL>
<BR>[Address Reference Count : 1]<UL><LI> startup_swm260.o(RESET)
</UL>
<P><STRONG><a name="[2f]"></a>PWM2_UART4_Handler</STRONG> (Thumb, 2 bytes, Stack size 0 bytes, startup_swm260.o(.text))
<BR><BR>[Calls]<UL><LI><a href="#[2f]">&gt;&gt;</a>&nbsp;&nbsp;&nbsp;PWM2_UART4_Handler
</UL>
<BR>[Called By]<UL><LI><a href="#[2f]">&gt;&gt;</a>&nbsp;&nbsp;&nbsp;PWM2_UART4_Handler
</UL>
<BR>[Address Reference Count : 1]<UL><LI> startup_swm260.o(RESET)
</UL>
<P><STRONG><a name="[30]"></a>BOD_PWMHALT_Handler</STRONG> (Thumb, 2 bytes, Stack size 0 bytes, startup_swm260.o(.text))
<BR><BR>[Calls]<UL><LI><a href="#[30]">&gt;&gt;</a>&nbsp;&nbsp;&nbsp;BOD_PWMHALT_Handler
</UL>
<BR>[Called By]<UL><LI><a href="#[30]">&gt;&gt;</a>&nbsp;&nbsp;&nbsp;BOD_PWMHALT_Handler
</UL>
<BR>[Address Reference Count : 1]<UL><LI> startup_swm260.o(RESET)
</UL>
<P><STRONG><a name="[31]"></a>PWM3_GPIOB_ACMP_Handler</STRONG> (Thumb, 2 bytes, Stack size 0 bytes, startup_swm260.o(.text))
<BR><BR>[Calls]<UL><LI><a href="#[31]">&gt;&gt;</a>&nbsp;&nbsp;&nbsp;PWM3_GPIOB_ACMP_Handler
</UL>
<BR>[Called By]<UL><LI><a href="#[31]">&gt;&gt;</a>&nbsp;&nbsp;&nbsp;PWM3_GPIOB_ACMP_Handler
</UL>
<BR>[Address Reference Count : 1]<UL><LI> startup_swm260.o(RESET)
</UL>
<P><STRONG><a name="[32]"></a>SPI1_HALL_GPIOD_Handler</STRONG> (Thumb, 2 bytes, Stack size 0 bytes, startup_swm260.o(.text))
<BR><BR>[Calls]<UL><LI><a href="#[32]">&gt;&gt;</a>&nbsp;&nbsp;&nbsp;SPI1_HALL_GPIOD_Handler
</UL>
<BR>[Called By]<UL><LI><a href="#[32]">&gt;&gt;</a>&nbsp;&nbsp;&nbsp;SPI1_HALL_GPIOD_Handler
</UL>
<BR>[Address Reference Count : 1]<UL><LI> startup_swm260.o(RESET)
</UL>
<P><STRONG><a name="[33]"></a>BTIMR3_RTC_Handler</STRONG> (Thumb, 2 bytes, Stack size 0 bytes, startup_swm260.o(.text))
<BR><BR>[Calls]<UL><LI><a href="#[33]">&gt;&gt;</a>&nbsp;&nbsp;&nbsp;BTIMR3_RTC_Handler
</UL>
<BR>[Called By]<UL><LI><a href="#[33]">&gt;&gt;</a>&nbsp;&nbsp;&nbsp;BTIMR3_RTC_Handler
</UL>
<BR>[Address Reference Count : 1]<UL><LI> startup_swm260.o(RESET)
</UL>
<P><STRONG><a name="[60]"></a>__user_initial_stackheap</STRONG> (Thumb, 0 bytes, Stack size unknown bytes, startup_swm260.o(.text))
<BR><BR>[Called By]<UL><LI><a href="#[45]">&gt;&gt;</a>&nbsp;&nbsp;&nbsp;__user_setup_stackheap
</UL>

<P><STRONG><a name="[4f]"></a>STL_RunTimeCPUTest</STRONG> (Thumb, 364 bytes, Stack size 0 bytes, swm260_stlcpurunkeil.o(.text))
<BR><BR>[Calls]<UL><LI><a href="#[50]">&gt;&gt;</a>&nbsp;&nbsp;&nbsp;FailSafePOR
</UL>
<BR>[Called By]<UL><LI><a href="#[8f]">&gt;&gt;</a>&nbsp;&nbsp;&nbsp;STL_DoRunTimeChecks
</UL>

<P><STRONG><a name="[51]"></a>STL_StartUpCPUTest</STRONG> (Thumb, 476 bytes, Stack size 0 bytes, swm260_stlcpustartkeil.o(.text))
<BR><BR>[Calls]<UL><LI><a href="#[50]">&gt;&gt;</a>&nbsp;&nbsp;&nbsp;FailSafePOR
</UL>
<BR>[Called By]<UL><LI><a href="#[e]">&gt;&gt;</a>&nbsp;&nbsp;&nbsp;STL_StartUp
</UL>

<P><STRONG><a name="[52]"></a>__2printf</STRONG> (Thumb, 22 bytes, Stack size 24 bytes, noretval__2printf.o(.text))
<BR><BR>[Stack]<UL><LI>Max Depth = 128<LI>Call Chain = __2printf &rArr; _printf_char_file &rArr; _printf_char_common &rArr; __printf
</UL>
<BR>[Calls]<UL><LI><a href="#[53]">&gt;&gt;</a>&nbsp;&nbsp;&nbsp;_printf_char_file
</UL>
<BR>[Called By]<UL><LI><a href="#[49]">&gt;&gt;</a>&nbsp;&nbsp;&nbsp;main
</UL>

<P><STRONG><a name="[dc]"></a>__aeabi_uidiv</STRONG> (Thumb, 0 bytes, Stack size 0 bytes, aeabi_sdiv.o(.text), UNUSED)

<P><STRONG><a name="[85]"></a>__aeabi_uidivmod</STRONG> (Thumb, 20 bytes, Stack size 0 bytes, aeabi_sdiv.o(.text))
<BR><BR>[Called By]<UL><LI><a href="#[a2]">&gt;&gt;</a>&nbsp;&nbsp;&nbsp;UART_Init
<LI><a href="#[94]">&gt;&gt;</a>&nbsp;&nbsp;&nbsp;STL_InitRunTimeChecks
<LI><a href="#[49]">&gt;&gt;</a>&nbsp;&nbsp;&nbsp;main
<LI><a href="#[93]">&gt;&gt;</a>&nbsp;&nbsp;&nbsp;STL_crc32Run
<LI><a href="#[87]">&gt;&gt;</a>&nbsp;&nbsp;&nbsp;STL_ClockStartUpTest
<LI><a href="#[84]">&gt;&gt;</a>&nbsp;&nbsp;&nbsp;STL_CheckPeriod
<LI><a href="#[a5]">&gt;&gt;</a>&nbsp;&nbsp;&nbsp;SystemCoreClockUpdate
<LI><a href="#[91]">&gt;&gt;</a>&nbsp;&nbsp;&nbsp;STL_MainClockTest
</UL>

<P><STRONG><a name="[dd]"></a>__aeabi_idiv</STRONG> (Thumb, 0 bytes, Stack size 8 bytes, aeabi_sdiv.o(.text), UNUSED)

<P><STRONG><a name="[de]"></a>__aeabi_idivmod</STRONG> (Thumb, 326 bytes, Stack size 8 bytes, aeabi_sdiv.o(.text), UNUSED)

<P><STRONG><a name="[df]"></a>__use_two_region_memory</STRONG> (Thumb, 2 bytes, Stack size 0 bytes, heapauxi.o(.text), UNUSED)

<P><STRONG><a name="[8]"></a>__rt_heap_escrow</STRONG> (Thumb, 2 bytes, Stack size 0 bytes, heapauxi.o(.text), UNUSED)

<P><STRONG><a name="[7]"></a>__rt_heap_expand</STRONG> (Thumb, 2 bytes, Stack size 0 bytes, heapauxi.o(.text), UNUSED)

<P><STRONG><a name="[53]"></a>_printf_char_file</STRONG> (Thumb, 34 bytes, Stack size 16 bytes, _printf_char_file.o(.text))
<BR><BR>[Stack]<UL><LI>Max Depth = 104<LI>Call Chain = _printf_char_file &rArr; _printf_char_common &rArr; __printf
</UL>
<BR>[Calls]<UL><LI><a href="#[55]">&gt;&gt;</a>&nbsp;&nbsp;&nbsp;ferror
<LI><a href="#[54]">&gt;&gt;</a>&nbsp;&nbsp;&nbsp;_printf_char_common
</UL>
<BR>[Called By]<UL><LI><a href="#[52]">&gt;&gt;</a>&nbsp;&nbsp;&nbsp;__2printf
</UL>

<P><STRONG><a name="[54]"></a>_printf_char_common</STRONG> (Thumb, 32 bytes, Stack size 64 bytes, _printf_char_common.o(.text))
<BR><BR>[Stack]<UL><LI>Max Depth = 88<LI>Call Chain = _printf_char_common &rArr; __printf
</UL>
<BR>[Calls]<UL><LI><a href="#[56]">&gt;&gt;</a>&nbsp;&nbsp;&nbsp;__printf
</UL>
<BR>[Called By]<UL><LI><a href="#[53]">&gt;&gt;</a>&nbsp;&nbsp;&nbsp;_printf_char_file
</UL>

<P><STRONG><a name="[55]"></a>ferror</STRONG> (Thumb, 8 bytes, Stack size 0 bytes, ferror.o(.text))
<BR><BR>[Called By]<UL><LI><a href="#[53]">&gt;&gt;</a>&nbsp;&nbsp;&nbsp;_printf_char_file
</UL>

<P><STRONG><a name="[41]"></a>_initio</STRONG> (Thumb, 216 bytes, Stack size 8 bytes, initio.o(.text))
<BR><BR>[Stack]<UL><LI>Max Depth = 144<LI>Call Chain = _initio &rArr; freopen &rArr; _fclose_internal &rArr; _fflush &rArr; _writebuf &rArr; _sys_write
</UL>
<BR>[Calls]<UL><LI><a href="#[57]">&gt;&gt;</a>&nbsp;&nbsp;&nbsp;__aeabi_memclr4
<LI><a href="#[59]">&gt;&gt;</a>&nbsp;&nbsp;&nbsp;__rt_SIGRTRED
<LI><a href="#[58]">&gt;&gt;</a>&nbsp;&nbsp;&nbsp;freopen
<LI><a href="#[5a]">&gt;&gt;</a>&nbsp;&nbsp;&nbsp;setvbuf
</UL>
<BR>[Called By]<UL><LI><a href="#[40]">&gt;&gt;</a>&nbsp;&nbsp;&nbsp;__rt_lib_init_stdio_2
</UL>

<P><STRONG><a name="[43]"></a>_terminateio</STRONG> (Thumb, 56 bytes, Stack size 16 bytes, initio.o(.text))
<BR><BR>[Stack]<UL><LI>Max Depth = 120<LI>Call Chain = _terminateio &rArr; _fclose_internal &rArr; _fflush &rArr; _writebuf &rArr; _sys_write
</UL>
<BR>[Calls]<UL><LI><a href="#[5b]">&gt;&gt;</a>&nbsp;&nbsp;&nbsp;_fclose_internal
<LI><a href="#[5c]">&gt;&gt;</a>&nbsp;&nbsp;&nbsp;free
</UL>
<BR>[Called By]<UL><LI><a href="#[42]">&gt;&gt;</a>&nbsp;&nbsp;&nbsp;__rt_lib_shutdown_stdio_2
</UL>

<P><STRONG><a name="[5d]"></a>_sys_open</STRONG> (Thumb, 20 bytes, Stack size 16 bytes, sys_io.o(.text))
<BR><BR>[Stack]<UL><LI>Max Depth = 28<LI>Call Chain = _sys_open &rArr; strlen
</UL>
<BR>[Calls]<UL><LI><a href="#[5e]">&gt;&gt;</a>&nbsp;&nbsp;&nbsp;strlen
</UL>
<BR>[Called By]<UL><LI><a href="#[58]">&gt;&gt;</a>&nbsp;&nbsp;&nbsp;freopen
</UL>

<P><STRONG><a name="[66]"></a>_sys_close</STRONG> (Thumb, 12 bytes, Stack size 8 bytes, sys_io.o(.text))
<BR><BR>[Stack]<UL><LI>Max Depth = 8<LI>Call Chain = _sys_close
</UL>
<BR>[Called By]<UL><LI><a href="#[5b]">&gt;&gt;</a>&nbsp;&nbsp;&nbsp;_fclose_internal
</UL>

<P><STRONG><a name="[7a]"></a>_sys_write</STRONG> (Thumb, 16 bytes, Stack size 24 bytes, sys_io.o(.text))
<BR><BR>[Stack]<UL><LI>Max Depth = 24<LI>Call Chain = _sys_write
</UL>
<BR>[Called By]<UL><LI><a href="#[78]">&gt;&gt;</a>&nbsp;&nbsp;&nbsp;_writebuf
</UL>

<P><STRONG><a name="[e0]"></a>_sys_read</STRONG> (Thumb, 14 bytes, Stack size 24 bytes, sys_io.o(.text), UNUSED)

<P><STRONG><a name="[74]"></a>_sys_istty</STRONG> (Thumb, 12 bytes, Stack size 8 bytes, sys_io.o(.text))
<BR><BR>[Stack]<UL><LI>Max Depth = 8<LI>Call Chain = _sys_istty
</UL>
<BR>[Called By]<UL><LI><a href="#[62]">&gt;&gt;</a>&nbsp;&nbsp;&nbsp;_fseek
</UL>

<P><STRONG><a name="[79]"></a>_sys_seek</STRONG> (Thumb, 14 bytes, Stack size 16 bytes, sys_io.o(.text))
<BR><BR>[Stack]<UL><LI>Max Depth = 16<LI>Call Chain = _sys_seek
</UL>
<BR>[Called By]<UL><LI><a href="#[78]">&gt;&gt;</a>&nbsp;&nbsp;&nbsp;_writebuf
</UL>

<P><STRONG><a name="[e1]"></a>_sys_ensure</STRONG> (Thumb, 2 bytes, Stack size 0 bytes, sys_io.o(.text), UNUSED)

<P><STRONG><a name="[76]"></a>_sys_flen</STRONG> (Thumb, 12 bytes, Stack size 8 bytes, sys_io.o(.text))
<BR><BR>[Stack]<UL><LI>Max Depth = 8<LI>Call Chain = _sys_flen
</UL>
<BR>[Called By]<UL><LI><a href="#[62]">&gt;&gt;</a>&nbsp;&nbsp;&nbsp;_fseek
</UL>

<P><STRONG><a name="[45]"></a>__user_setup_stackheap</STRONG> (Thumb, 62 bytes, Stack size 8 bytes, sys_stackheap_outer.o(.text))
<BR><BR>[Stack]<UL><LI>Max Depth = 8 + Unknown Stack Size
<LI>Call Chain = __user_setup_stackheap
</UL>
<BR>[Calls]<UL><LI><a href="#[60]">&gt;&gt;</a>&nbsp;&nbsp;&nbsp;__user_initial_stackheap
<LI><a href="#[5f]">&gt;&gt;</a>&nbsp;&nbsp;&nbsp;__user_perproc_libspace
</UL>
<BR>[Called By]<UL><LI><a href="#[44]">&gt;&gt;</a>&nbsp;&nbsp;&nbsp;__rt_entry_sh
</UL>

<P><STRONG><a name="[5c]"></a>free</STRONG> (Thumb, 76 bytes, Stack size 16 bytes, h1_free.o(.text))
<BR><BR>[Stack]<UL><LI>Max Depth = 16<LI>Call Chain = free
</UL>
<BR>[Calls]<UL><LI><a href="#[61]">&gt;&gt;</a>&nbsp;&nbsp;&nbsp;__rt_heap_descriptor
</UL>
<BR>[Called By]<UL><LI><a href="#[5b]">&gt;&gt;</a>&nbsp;&nbsp;&nbsp;_fclose_internal
<LI><a href="#[43]">&gt;&gt;</a>&nbsp;&nbsp;&nbsp;_terminateio
<LI><a href="#[70]">&gt;&gt;</a>&nbsp;&nbsp;&nbsp;__Heap_ProvideMemory
</UL>

<P><STRONG><a name="[56]"></a>__printf</STRONG> (Thumb, 36 bytes, Stack size 24 bytes, __printf_nopercent.o(.text))
<BR><BR>[Stack]<UL><LI>Max Depth = 24<LI>Call Chain = __printf
</UL>
<BR>[Called By]<UL><LI><a href="#[54]">&gt;&gt;</a>&nbsp;&nbsp;&nbsp;_printf_char_common
</UL>

<P><STRONG><a name="[5a]"></a>setvbuf</STRONG> (Thumb, 72 bytes, Stack size 16 bytes, setvbuf.o(.text))
<BR><BR>[Stack]<UL><LI>Max Depth = 16<LI>Call Chain = setvbuf
</UL>
<BR>[Called By]<UL><LI><a href="#[41]">&gt;&gt;</a>&nbsp;&nbsp;&nbsp;_initio
</UL>

<P><STRONG><a name="[58]"></a>freopen</STRONG> (Thumb, 148 bytes, Stack size 32 bytes, fopen.o(.text))
<BR><BR>[Stack]<UL><LI>Max Depth = 136<LI>Call Chain = freopen &rArr; _fclose_internal &rArr; _fflush &rArr; _writebuf &rArr; _sys_write
</UL>
<BR>[Calls]<UL><LI><a href="#[62]">&gt;&gt;</a>&nbsp;&nbsp;&nbsp;_fseek
<LI><a href="#[5b]">&gt;&gt;</a>&nbsp;&nbsp;&nbsp;_fclose_internal
<LI><a href="#[5d]">&gt;&gt;</a>&nbsp;&nbsp;&nbsp;_sys_open
</UL>
<BR>[Called By]<UL><LI><a href="#[63]">&gt;&gt;</a>&nbsp;&nbsp;&nbsp;fopen
<LI><a href="#[41]">&gt;&gt;</a>&nbsp;&nbsp;&nbsp;_initio
</UL>

<P><STRONG><a name="[63]"></a>fopen</STRONG> (Thumb, 76 bytes, Stack size 24 bytes, fopen.o(.text), UNUSED)
<BR><BR>[Calls]<UL><LI><a href="#[64]">&gt;&gt;</a>&nbsp;&nbsp;&nbsp;malloc
<LI><a href="#[57]">&gt;&gt;</a>&nbsp;&nbsp;&nbsp;__aeabi_memclr4
<LI><a href="#[58]">&gt;&gt;</a>&nbsp;&nbsp;&nbsp;freopen
</UL>

<P><STRONG><a name="[5b]"></a>_fclose_internal</STRONG> (Thumb, 72 bytes, Stack size 32 bytes, fclose.o(.text))
<BR><BR>[Stack]<UL><LI>Max Depth = 104<LI>Call Chain = _fclose_internal &rArr; _fflush &rArr; _writebuf &rArr; _sys_write
</UL>
<BR>[Calls]<UL><LI><a href="#[65]">&gt;&gt;</a>&nbsp;&nbsp;&nbsp;_fflush
<LI><a href="#[57]">&gt;&gt;</a>&nbsp;&nbsp;&nbsp;__aeabi_memclr4
<LI><a href="#[5c]">&gt;&gt;</a>&nbsp;&nbsp;&nbsp;free
<LI><a href="#[66]">&gt;&gt;</a>&nbsp;&nbsp;&nbsp;_sys_close
</UL>
<BR>[Called By]<UL><LI><a href="#[58]">&gt;&gt;</a>&nbsp;&nbsp;&nbsp;freopen
<LI><a href="#[43]">&gt;&gt;</a>&nbsp;&nbsp;&nbsp;_terminateio
</UL>

<P><STRONG><a name="[e2]"></a>fclose</STRONG> (Thumb, 0 bytes, Stack size 32 bytes, fclose.o(.text), UNUSED)

<P><STRONG><a name="[4a]"></a>exit</STRONG> (Thumb, 16 bytes, Stack size 8 bytes, exit.o(.text))
<BR><BR>[Stack]<UL><LI>Max Depth = 8 + Unknown Stack Size
<LI>Call Chain = exit
</UL>
<BR>[Calls]<UL><LI><a href="#[68]">&gt;&gt;</a>&nbsp;&nbsp;&nbsp;__rt_exit
<LI><a href="#[67]">&gt;&gt;</a>&nbsp;&nbsp;&nbsp;_call_atexit_fns (Weak Reference)
</UL>
<BR>[Called By]<UL><LI><a href="#[48]">&gt;&gt;</a>&nbsp;&nbsp;&nbsp;__rt_entry_main
</UL>

<P><STRONG><a name="[59]"></a>__rt_SIGRTRED</STRONG> (Thumb, 12 bytes, Stack size 8 bytes, defsig_rtred_outer.o(.text))
<BR><BR>[Stack]<UL><LI>Max Depth = 40<LI>Call Chain = __rt_SIGRTRED &rArr; __rt_SIGRTRED_inner &rArr; __default_signal_display &rArr; _ttywrch
</UL>
<BR>[Calls]<UL><LI><a href="#[69]">&gt;&gt;</a>&nbsp;&nbsp;&nbsp;__rt_SIGRTRED_inner
<LI><a href="#[6a]">&gt;&gt;</a>&nbsp;&nbsp;&nbsp;__sig_exit
</UL>
<BR>[Called By]<UL><LI><a href="#[41]">&gt;&gt;</a>&nbsp;&nbsp;&nbsp;_initio
</UL>

<P><STRONG><a name="[6c]"></a>_memset_w</STRONG> (Thumb, 26 bytes, Stack size 0 bytes, rt_memclr.o(.text), UNUSED)
<BR><BR>[Called By]<UL><LI><a href="#[6e]">&gt;&gt;</a>&nbsp;&nbsp;&nbsp;__rt_memclr_w
<LI><a href="#[6b]">&gt;&gt;</a>&nbsp;&nbsp;&nbsp;_memset
</UL>

<P><STRONG><a name="[6b]"></a>_memset</STRONG> (Thumb, 30 bytes, Stack size 0 bytes, rt_memclr.o(.text), UNUSED)
<BR><BR>[Calls]<UL><LI><a href="#[6c]">&gt;&gt;</a>&nbsp;&nbsp;&nbsp;_memset_w
</UL>
<BR>[Called By]<UL><LI><a href="#[6d]">&gt;&gt;</a>&nbsp;&nbsp;&nbsp;__aeabi_memclr
</UL>

<P><STRONG><a name="[6d]"></a>__aeabi_memclr</STRONG> (Thumb, 4 bytes, Stack size 0 bytes, rt_memclr.o(.text), UNUSED)
<BR><BR>[Calls]<UL><LI><a href="#[6b]">&gt;&gt;</a>&nbsp;&nbsp;&nbsp;_memset
</UL>

<P><STRONG><a name="[e3]"></a>__rt_memclr</STRONG> (Thumb, 0 bytes, Stack size 0 bytes, rt_memclr.o(.text), UNUSED)

<P><STRONG><a name="[57]"></a>__aeabi_memclr4</STRONG> (Thumb, 0 bytes, Stack size 0 bytes, rt_memclr.o(.text))
<BR><BR>[Called By]<UL><LI><a href="#[5b]">&gt;&gt;</a>&nbsp;&nbsp;&nbsp;_fclose_internal
<LI><a href="#[63]">&gt;&gt;</a>&nbsp;&nbsp;&nbsp;fopen
<LI><a href="#[41]">&gt;&gt;</a>&nbsp;&nbsp;&nbsp;_initio
</UL>

<P><STRONG><a name="[e4]"></a>__aeabi_memclr8</STRONG> (Thumb, 0 bytes, Stack size 0 bytes, rt_memclr.o(.text), UNUSED)

<P><STRONG><a name="[6e]"></a>__rt_memclr_w</STRONG> (Thumb, 4 bytes, Stack size 0 bytes, rt_memclr.o(.text), UNUSED)
<BR><BR>[Calls]<UL><LI><a href="#[6c]">&gt;&gt;</a>&nbsp;&nbsp;&nbsp;_memset_w
</UL>

<P><STRONG><a name="[e5]"></a>__user_libspace</STRONG> (Thumb, 8 bytes, Stack size 0 bytes, libspace.o(.text), UNUSED)

<P><STRONG><a name="[5f]"></a>__user_perproc_libspace</STRONG> (Thumb, 0 bytes, Stack size 0 bytes, libspace.o(.text))
<BR><BR>[Called By]<UL><LI><a href="#[45]">&gt;&gt;</a>&nbsp;&nbsp;&nbsp;__user_setup_stackheap
</UL>

<P><STRONG><a name="[e6]"></a>__user_perthread_libspace</STRONG> (Thumb, 0 bytes, Stack size 0 bytes, libspace.o(.text), UNUSED)

<P><STRONG><a name="[e7]"></a>__I$use$semihosting</STRONG> (Thumb, 0 bytes, Stack size 0 bytes, use_no_semi.o(.text), UNUSED)

<P><STRONG><a name="[e8]"></a>__use_no_semihosting_swi</STRONG> (Thumb, 2 bytes, Stack size 0 bytes, use_no_semi.o(.text), UNUSED)

<P><STRONG><a name="[e9]"></a>__semihosting_library_function</STRONG> (Thumb, 0 bytes, Stack size unknown bytes, indicate_semi.o(.text), UNUSED)

<P><STRONG><a name="[61]"></a>__rt_heap_descriptor</STRONG> (Thumb, 8 bytes, Stack size 0 bytes, rt_heap_descriptor_intlibspace.o(.text))
<BR><BR>[Called By]<UL><LI><a href="#[64]">&gt;&gt;</a>&nbsp;&nbsp;&nbsp;malloc
<LI><a href="#[3f]">&gt;&gt;</a>&nbsp;&nbsp;&nbsp;_init_alloc
<LI><a href="#[5c]">&gt;&gt;</a>&nbsp;&nbsp;&nbsp;free
</UL>

<P><STRONG><a name="[ea]"></a>__use_no_heap</STRONG> (Thumb, 2 bytes, Stack size 0 bytes, hguard.o(.text), UNUSED)

<P><STRONG><a name="[eb]"></a>__heap$guard</STRONG> (Thumb, 2 bytes, Stack size 0 bytes, hguard.o(.text), UNUSED)

<P><STRONG><a name="[6]"></a>_terminate_user_alloc</STRONG> (Thumb, 2 bytes, Stack size 0 bytes, init_alloc.o(.text), UNUSED)

<P><STRONG><a name="[5]"></a>_init_user_alloc</STRONG> (Thumb, 2 bytes, Stack size 0 bytes, init_alloc.o(.text), UNUSED)

<P><STRONG><a name="[6f]"></a>__Heap_Full</STRONG> (Thumb, 32 bytes, Stack size 16 bytes, init_alloc.o(.text), UNUSED)
<BR><BR>[Calls]<UL><LI><a href="#[70]">&gt;&gt;</a>&nbsp;&nbsp;&nbsp;__Heap_ProvideMemory
</UL>
<BR>[Called By]<UL><LI><a href="#[64]">&gt;&gt;</a>&nbsp;&nbsp;&nbsp;malloc
</UL>

<P><STRONG><a name="[71]"></a>__Heap_Broken</STRONG> (Thumb, 10 bytes, Stack size 8 bytes, init_alloc.o(.text), UNUSED)
<BR><BR>[Calls]<UL><LI><a href="#[72]">&gt;&gt;</a>&nbsp;&nbsp;&nbsp;__rt_SIGRTMEM
</UL>

<P><STRONG><a name="[3f]"></a>_init_alloc</STRONG> (Thumb, 90 bytes, Stack size 24 bytes, init_alloc.o(.text))
<BR><BR>[Stack]<UL><LI>Max Depth = 64<LI>Call Chain = _init_alloc &rArr; __rt_SIGRTMEM &rArr; __rt_SIGRTMEM_inner &rArr; __default_signal_display &rArr; _ttywrch
</UL>
<BR>[Calls]<UL><LI><a href="#[61]">&gt;&gt;</a>&nbsp;&nbsp;&nbsp;__rt_heap_descriptor
<LI><a href="#[72]">&gt;&gt;</a>&nbsp;&nbsp;&nbsp;__rt_SIGRTMEM
<LI><a href="#[70]">&gt;&gt;</a>&nbsp;&nbsp;&nbsp;__Heap_ProvideMemory
<LI><a href="#[73]">&gt;&gt;</a>&nbsp;&nbsp;&nbsp;__Heap_Initialize
</UL>
<BR>[Called By]<UL><LI><a href="#[3e]">&gt;&gt;</a>&nbsp;&nbsp;&nbsp;__rt_lib_init_heap_2
</UL>

<P><STRONG><a name="[64]"></a>malloc</STRONG> (Thumb, 98 bytes, Stack size 16 bytes, h1_alloc.o(.text), UNUSED)
<BR><BR>[Calls]<UL><LI><a href="#[6f]">&gt;&gt;</a>&nbsp;&nbsp;&nbsp;__Heap_Full
<LI><a href="#[61]">&gt;&gt;</a>&nbsp;&nbsp;&nbsp;__rt_heap_descriptor
</UL>
<BR>[Called By]<UL><LI><a href="#[63]">&gt;&gt;</a>&nbsp;&nbsp;&nbsp;fopen
</UL>

<P><STRONG><a name="[62]"></a>_fseek</STRONG> (Thumb, 240 bytes, Stack size 24 bytes, fseek.o(.text))
<BR><BR>[Stack]<UL><LI>Max Depth = 32<LI>Call Chain = _fseek &rArr; _sys_flen
</UL>
<BR>[Calls]<UL><LI><a href="#[77]">&gt;&gt;</a>&nbsp;&nbsp;&nbsp;_seterr
<LI><a href="#[76]">&gt;&gt;</a>&nbsp;&nbsp;&nbsp;_sys_flen
<LI><a href="#[74]">&gt;&gt;</a>&nbsp;&nbsp;&nbsp;_sys_istty
<LI><a href="#[75]">&gt;&gt;</a>&nbsp;&nbsp;&nbsp;_ftell_internal
</UL>
<BR>[Called By]<UL><LI><a href="#[58]">&gt;&gt;</a>&nbsp;&nbsp;&nbsp;freopen
</UL>

<P><STRONG><a name="[ec]"></a>fseek</STRONG> (Thumb, 0 bytes, Stack size 24 bytes, fseek.o(.text), UNUSED)

<P><STRONG><a name="[77]"></a>_seterr</STRONG> (Thumb, 20 bytes, Stack size 0 bytes, stdio.o(.text))
<BR><BR>[Called By]<UL><LI><a href="#[78]">&gt;&gt;</a>&nbsp;&nbsp;&nbsp;_writebuf
<LI><a href="#[62]">&gt;&gt;</a>&nbsp;&nbsp;&nbsp;_fseek
</UL>

<P><STRONG><a name="[78]"></a>_writebuf</STRONG> (Thumb, 76 bytes, Stack size 32 bytes, stdio.o(.text))
<BR><BR>[Stack]<UL><LI>Max Depth = 56<LI>Call Chain = _writebuf &rArr; _sys_write
</UL>
<BR>[Calls]<UL><LI><a href="#[77]">&gt;&gt;</a>&nbsp;&nbsp;&nbsp;_seterr
<LI><a href="#[79]">&gt;&gt;</a>&nbsp;&nbsp;&nbsp;_sys_seek
<LI><a href="#[7a]">&gt;&gt;</a>&nbsp;&nbsp;&nbsp;_sys_write
</UL>
<BR>[Called By]<UL><LI><a href="#[65]">&gt;&gt;</a>&nbsp;&nbsp;&nbsp;_fflush
</UL>

<P><STRONG><a name="[65]"></a>_fflush</STRONG> (Thumb, 76 bytes, Stack size 16 bytes, stdio.o(.text))
<BR><BR>[Stack]<UL><LI>Max Depth = 72<LI>Call Chain = _fflush &rArr; _writebuf &rArr; _sys_write
</UL>
<BR>[Calls]<UL><LI><a href="#[78]">&gt;&gt;</a>&nbsp;&nbsp;&nbsp;_writebuf
</UL>
<BR>[Called By]<UL><LI><a href="#[7b]">&gt;&gt;</a>&nbsp;&nbsp;&nbsp;_deferredlazyseek
<LI><a href="#[5b]">&gt;&gt;</a>&nbsp;&nbsp;&nbsp;_fclose_internal
</UL>

<P><STRONG><a name="[7b]"></a>_deferredlazyseek</STRONG> (Thumb, 60 bytes, Stack size 8 bytes, stdio.o(.text), UNUSED)
<BR><BR>[Calls]<UL><LI><a href="#[65]">&gt;&gt;</a>&nbsp;&nbsp;&nbsp;_fflush
</UL>

<P><STRONG><a name="[6a]"></a>__sig_exit</STRONG> (Thumb, 12 bytes, Stack size 8 bytes, defsig_exit.o(.text))
<BR><BR>[Stack]<UL><LI>Max Depth = 8<LI>Call Chain = __sig_exit
</UL>
<BR>[Calls]<UL><LI><a href="#[4e]">&gt;&gt;</a>&nbsp;&nbsp;&nbsp;_sys_exit
</UL>
<BR>[Called By]<UL><LI><a href="#[59]">&gt;&gt;</a>&nbsp;&nbsp;&nbsp;__rt_SIGRTRED
<LI><a href="#[72]">&gt;&gt;</a>&nbsp;&nbsp;&nbsp;__rt_SIGRTMEM
</UL>

<P><STRONG><a name="[69]"></a>__rt_SIGRTRED_inner</STRONG> (Thumb, 14 bytes, Stack size 8 bytes, defsig_rtred_inner.o(.text))
<BR><BR>[Stack]<UL><LI>Max Depth = 32<LI>Call Chain = __rt_SIGRTRED_inner &rArr; __default_signal_display &rArr; _ttywrch
</UL>
<BR>[Calls]<UL><LI><a href="#[7c]">&gt;&gt;</a>&nbsp;&nbsp;&nbsp;__default_signal_display
</UL>
<BR>[Called By]<UL><LI><a href="#[59]">&gt;&gt;</a>&nbsp;&nbsp;&nbsp;__rt_SIGRTRED
</UL>

<P><STRONG><a name="[5e]"></a>strlen</STRONG> (Thumb, 62 bytes, Stack size 12 bytes, strlen.o(.text))
<BR><BR>[Stack]<UL><LI>Max Depth = 12<LI>Call Chain = strlen
</UL>
<BR>[Called By]<UL><LI><a href="#[5d]">&gt;&gt;</a>&nbsp;&nbsp;&nbsp;_sys_open
</UL>

<P><STRONG><a name="[4e]"></a>_sys_exit</STRONG> (Thumb, 8 bytes, Stack size 0 bytes, sys_exit.o(.text))
<BR><BR>[Called By]<UL><LI><a href="#[4d]">&gt;&gt;</a>&nbsp;&nbsp;&nbsp;__rt_exit_exit
<LI><a href="#[6a]">&gt;&gt;</a>&nbsp;&nbsp;&nbsp;__sig_exit
</UL>

<P><STRONG><a name="[73]"></a>__Heap_Initialize</STRONG> (Thumb, 10 bytes, Stack size 0 bytes, h1_init.o(.text))
<BR><BR>[Called By]<UL><LI><a href="#[3f]">&gt;&gt;</a>&nbsp;&nbsp;&nbsp;_init_alloc
</UL>

<P><STRONG><a name="[9]"></a>__Heap_DescSize</STRONG> (Thumb, 4 bytes, Stack size 0 bytes, h1_init.o(.text), UNUSED)

<P><STRONG><a name="[70]"></a>__Heap_ProvideMemory</STRONG> (Thumb, 52 bytes, Stack size 8 bytes, h1_extend.o(.text))
<BR><BR>[Stack]<UL><LI>Max Depth = 24<LI>Call Chain = __Heap_ProvideMemory &rArr; free
</UL>
<BR>[Calls]<UL><LI><a href="#[5c]">&gt;&gt;</a>&nbsp;&nbsp;&nbsp;free
</UL>
<BR>[Called By]<UL><LI><a href="#[3f]">&gt;&gt;</a>&nbsp;&nbsp;&nbsp;_init_alloc
<LI><a href="#[6f]">&gt;&gt;</a>&nbsp;&nbsp;&nbsp;__Heap_Full
</UL>

<P><STRONG><a name="[75]"></a>_ftell_internal</STRONG> (Thumb, 66 bytes, Stack size 8 bytes, ftell.o(.text))
<BR><BR>[Stack]<UL><LI>Max Depth = 8<LI>Call Chain = _ftell_internal
</UL>
<BR>[Calls]<UL><LI><a href="#[7d]">&gt;&gt;</a>&nbsp;&nbsp;&nbsp;__aeabi_errno_addr
</UL>
<BR>[Called By]<UL><LI><a href="#[62]">&gt;&gt;</a>&nbsp;&nbsp;&nbsp;_fseek
</UL>

<P><STRONG><a name="[ed]"></a>ftell</STRONG> (Thumb, 0 bytes, Stack size 8 bytes, ftell.o(.text), UNUSED)

<P><STRONG><a name="[7c]"></a>__default_signal_display</STRONG> (Thumb, 52 bytes, Stack size 16 bytes, defsig_general.o(.text))
<BR><BR>[Stack]<UL><LI>Max Depth = 24<LI>Call Chain = __default_signal_display &rArr; _ttywrch
</UL>
<BR>[Calls]<UL><LI><a href="#[7e]">&gt;&gt;</a>&nbsp;&nbsp;&nbsp;_ttywrch
</UL>
<BR>[Called By]<UL><LI><a href="#[69]">&gt;&gt;</a>&nbsp;&nbsp;&nbsp;__rt_SIGRTRED_inner
<LI><a href="#[7f]">&gt;&gt;</a>&nbsp;&nbsp;&nbsp;__rt_SIGRTMEM_inner
</UL>

<P><STRONG><a name="[72]"></a>__rt_SIGRTMEM</STRONG> (Thumb, 12 bytes, Stack size 8 bytes, defsig_rtmem_outer.o(.text))
<BR><BR>[Stack]<UL><LI>Max Depth = 40<LI>Call Chain = __rt_SIGRTMEM &rArr; __rt_SIGRTMEM_inner &rArr; __default_signal_display &rArr; _ttywrch
</UL>
<BR>[Calls]<UL><LI><a href="#[6a]">&gt;&gt;</a>&nbsp;&nbsp;&nbsp;__sig_exit
<LI><a href="#[7f]">&gt;&gt;</a>&nbsp;&nbsp;&nbsp;__rt_SIGRTMEM_inner
</UL>
<BR>[Called By]<UL><LI><a href="#[3f]">&gt;&gt;</a>&nbsp;&nbsp;&nbsp;_init_alloc
<LI><a href="#[71]">&gt;&gt;</a>&nbsp;&nbsp;&nbsp;__Heap_Broken
</UL>

<P><STRONG><a name="[7e]"></a>_ttywrch</STRONG> (Thumb, 12 bytes, Stack size 8 bytes, sys_wrch.o(.text))
<BR><BR>[Stack]<UL><LI>Max Depth = 8<LI>Call Chain = _ttywrch
</UL>
<BR>[Called By]<UL><LI><a href="#[7c]">&gt;&gt;</a>&nbsp;&nbsp;&nbsp;__default_signal_display
</UL>

<P><STRONG><a name="[7d]"></a>__aeabi_errno_addr</STRONG> (Thumb, 8 bytes, Stack size 0 bytes, rt_errno_addr_intlibspace.o(.text))
<BR><BR>[Called By]<UL><LI><a href="#[75]">&gt;&gt;</a>&nbsp;&nbsp;&nbsp;_ftell_internal
</UL>

<P><STRONG><a name="[ee]"></a>__errno$intlibspace</STRONG> (Thumb, 0 bytes, Stack size 0 bytes, rt_errno_addr_intlibspace.o(.text), UNUSED)

<P><STRONG><a name="[ef]"></a>__rt_errno_addr$intlibspace</STRONG> (Thumb, 0 bytes, Stack size 0 bytes, rt_errno_addr_intlibspace.o(.text), UNUSED)

<P><STRONG><a name="[7f]"></a>__rt_SIGRTMEM_inner</STRONG> (Thumb, 22 bytes, Stack size 8 bytes, defsig_rtmem_inner.o(.text))
<BR><BR>[Stack]<UL><LI>Max Depth = 32<LI>Call Chain = __rt_SIGRTMEM_inner &rArr; __default_signal_display &rArr; _ttywrch
</UL>
<BR>[Calls]<UL><LI><a href="#[7c]">&gt;&gt;</a>&nbsp;&nbsp;&nbsp;__default_signal_display
</UL>
<BR>[Called By]<UL><LI><a href="#[72]">&gt;&gt;</a>&nbsp;&nbsp;&nbsp;__rt_SIGRTMEM
</UL>

<P><STRONG><a name="[9c]"></a>CRC_CalcBlockCrc</STRONG> (Thumb, 60 bytes, Stack size 8 bytes, swm260_stlcrc32.o(i.CRC_CalcBlockCrc))
<BR><BR>[Stack]<UL><LI>Max Depth = 8<LI>Call Chain = CRC_CalcBlockCrc
</UL>
<BR>[Called By]<UL><LI><a href="#[93]">&gt;&gt;</a>&nbsp;&nbsp;&nbsp;STL_crc32Run
<LI><a href="#[e]">&gt;&gt;</a>&nbsp;&nbsp;&nbsp;STL_StartUp
</UL>

<P><STRONG><a name="[50]"></a>FailSafePOR</STRONG> (Thumb, 16 bytes, Stack size 0 bytes, swm260_stlstartup.o(i.FailSafePOR))
<BR><BR>[Calls]<UL><LI><a href="#[80]">&gt;&gt;</a>&nbsp;&nbsp;&nbsp;SysTick_ITConfig
<LI><a href="#[81]">&gt;&gt;</a>&nbsp;&nbsp;&nbsp;WDT_Feed
</UL>
<BR>[Called By]<UL><LI><a href="#[8f]">&gt;&gt;</a>&nbsp;&nbsp;&nbsp;STL_DoRunTimeChecks
<LI><a href="#[13]">&gt;&gt;</a>&nbsp;&nbsp;&nbsp;SysTick_Handler
<LI><a href="#[e]">&gt;&gt;</a>&nbsp;&nbsp;&nbsp;STL_StartUp
<LI><a href="#[51]">&gt;&gt;</a>&nbsp;&nbsp;&nbsp;STL_StartUpCPUTest
<LI><a href="#[4f]">&gt;&gt;</a>&nbsp;&nbsp;&nbsp;STL_RunTimeCPUTest
</UL>

<P><STRONG><a name="[b6]"></a>GPIO_ClrBit</STRONG> (Thumb, 14 bytes, Stack size 8 bytes, swm260_gpio.o(i.GPIO_ClrBit))
<BR><BR>[Stack]<UL><LI>Max Depth = 8<LI>Call Chain = GPIO_ClrBit
</UL>
<BR>[Called By]<UL><LI><a href="#[49]">&gt;&gt;</a>&nbsp;&nbsp;&nbsp;main
</UL>

<P><STRONG><a name="[82]"></a>GPIO_Init</STRONG> (Thumb, 294 bytes, Stack size 40 bytes, swm260_gpio.o(i.GPIO_Init))
<BR><BR>[Stack]<UL><LI>Max Depth = 56<LI>Call Chain = GPIO_Init &rArr; PORT_Init
</UL>
<BR>[Calls]<UL><LI><a href="#[83]">&gt;&gt;</a>&nbsp;&nbsp;&nbsp;PORT_Init
</UL>
<BR>[Called By]<UL><LI><a href="#[49]">&gt;&gt;</a>&nbsp;&nbsp;&nbsp;main
</UL>

<P><STRONG><a name="[b5]"></a>GPIO_SetBit</STRONG> (Thumb, 14 bytes, Stack size 8 bytes, swm260_gpio.o(i.GPIO_SetBit))
<BR><BR>[Stack]<UL><LI>Max Depth = 8<LI>Call Chain = GPIO_SetBit
</UL>
<BR>[Called By]<UL><LI><a href="#[49]">&gt;&gt;</a>&nbsp;&nbsp;&nbsp;main
</UL>

<P><STRONG><a name="[b7]"></a>PLLInit</STRONG> (Thumb, 94 bytes, Stack size 0 bytes, system_swm260.o(i.PLLInit))
<BR><BR>[Called By]<UL><LI><a href="#[ab]">&gt;&gt;</a>&nbsp;&nbsp;&nbsp;switchToPLL
</UL>

<P><STRONG><a name="[83]"></a>PORT_Init</STRONG> (Thumb, 116 bytes, Stack size 16 bytes, swm260_port.o(i.PORT_Init))
<BR><BR>[Stack]<UL><LI>Max Depth = 16<LI>Call Chain = PORT_Init
</UL>
<BR>[Called By]<UL><LI><a href="#[82]">&gt;&gt;</a>&nbsp;&nbsp;&nbsp;GPIO_Init
<LI><a href="#[a1]">&gt;&gt;</a>&nbsp;&nbsp;&nbsp;SerialInit
<LI><a href="#[89]">&gt;&gt;</a>&nbsp;&nbsp;&nbsp;STL_HSEinit
<LI><a href="#[aa]">&gt;&gt;</a>&nbsp;&nbsp;&nbsp;switchToXTAL
</UL>

<P><STRONG><a name="[8e]"></a>RTC_GetSubSecond</STRONG> (Thumb, 6 bytes, Stack size 0 bytes, main.o(i.RTC_GetSubSecond))
<BR><BR>[Called By]<UL><LI><a href="#[94]">&gt;&gt;</a>&nbsp;&nbsp;&nbsp;STL_InitRunTimeChecks
<LI><a href="#[13]">&gt;&gt;</a>&nbsp;&nbsp;&nbsp;SysTick_Handler
<LI><a href="#[87]">&gt;&gt;</a>&nbsp;&nbsp;&nbsp;STL_ClockStartUpTest
</UL>

<P><STRONG><a name="[9a]"></a>STLSystemInit</STRONG> (Thumb, 2 bytes, Stack size 0 bytes, swm260_stlstartup.o(i.STLSystemInit))
<BR><BR>[Called By]<UL><LI><a href="#[e]">&gt;&gt;</a>&nbsp;&nbsp;&nbsp;STL_StartUp
</UL>

<P><STRONG><a name="[84]"></a>STL_CheckPeriod</STRONG> (Thumb, 100 bytes, Stack size 16 bytes, swm260_stlclockrun.o(i.STL_CheckPeriod))
<BR><BR>[Stack]<UL><LI>Max Depth = 16<LI>Call Chain = STL_CheckPeriod
</UL>
<BR>[Calls]<UL><LI><a href="#[86]">&gt;&gt;</a>&nbsp;&nbsp;&nbsp;switchTo48MHz
<LI><a href="#[85]">&gt;&gt;</a>&nbsp;&nbsp;&nbsp;__aeabi_uidivmod
</UL>
<BR>[Called By]<UL><LI><a href="#[91]">&gt;&gt;</a>&nbsp;&nbsp;&nbsp;STL_MainClockTest
</UL>

<P><STRONG><a name="[90]"></a>STL_CheckStack</STRONG> (Thumb, 80 bytes, Stack size 0 bytes, swm260_stlmain.o(i.STL_CheckStack))
<BR><BR>[Called By]<UL><LI><a href="#[8f]">&gt;&gt;</a>&nbsp;&nbsp;&nbsp;STL_DoRunTimeChecks
</UL>

<P><STRONG><a name="[87]"></a>STL_ClockStartUpTest</STRONG> (Thumb, 252 bytes, Stack size 16 bytes, swm260_stlclockstart.o(i.STL_ClockStartUpTest))
<BR><BR>[Stack]<UL><LI>Max Depth = 56<LI>Call Chain = STL_ClockStartUpTest &rArr; TIMR_Init
</UL>
<BR>[Calls]<UL><LI><a href="#[8e]">&gt;&gt;</a>&nbsp;&nbsp;&nbsp;RTC_GetSubSecond
<LI><a href="#[8a]">&gt;&gt;</a>&nbsp;&nbsp;&nbsp;STL_SysTickInit
<LI><a href="#[8d]">&gt;&gt;</a>&nbsp;&nbsp;&nbsp;STL_SwitchToExtClockSrc
<LI><a href="#[88]">&gt;&gt;</a>&nbsp;&nbsp;&nbsp;STL_LSIinit
<LI><a href="#[89]">&gt;&gt;</a>&nbsp;&nbsp;&nbsp;STL_HSEinit
<LI><a href="#[86]">&gt;&gt;</a>&nbsp;&nbsp;&nbsp;switchTo48MHz
<LI><a href="#[8c]">&gt;&gt;</a>&nbsp;&nbsp;&nbsp;TIMR_Start
<LI><a href="#[8b]">&gt;&gt;</a>&nbsp;&nbsp;&nbsp;TIMR_Init
<LI><a href="#[85]">&gt;&gt;</a>&nbsp;&nbsp;&nbsp;__aeabi_uidivmod
</UL>
<BR>[Called By]<UL><LI><a href="#[e]">&gt;&gt;</a>&nbsp;&nbsp;&nbsp;STL_StartUp
</UL>

<P><STRONG><a name="[8f]"></a>STL_DoRunTimeChecks</STRONG> (Thumb, 404 bytes, Stack size 16 bytes, swm260_stlmain.o(i.STL_DoRunTimeChecks))
<BR><BR>[Stack]<UL><LI>Max Depth = 48<LI>Call Chain = STL_DoRunTimeChecks &rArr; STL_MainClockTest &rArr; STL_CheckPeriod
</UL>
<BR>[Calls]<UL><LI><a href="#[50]">&gt;&gt;</a>&nbsp;&nbsp;&nbsp;FailSafePOR
<LI><a href="#[93]">&gt;&gt;</a>&nbsp;&nbsp;&nbsp;STL_crc32Run
<LI><a href="#[92]">&gt;&gt;</a>&nbsp;&nbsp;&nbsp;__ARM_common_switch8
<LI><a href="#[81]">&gt;&gt;</a>&nbsp;&nbsp;&nbsp;WDT_Feed
<LI><a href="#[4f]">&gt;&gt;</a>&nbsp;&nbsp;&nbsp;STL_RunTimeCPUTest
<LI><a href="#[91]">&gt;&gt;</a>&nbsp;&nbsp;&nbsp;STL_MainClockTest
<LI><a href="#[90]">&gt;&gt;</a>&nbsp;&nbsp;&nbsp;STL_CheckStack
</UL>
<BR>[Called By]<UL><LI><a href="#[49]">&gt;&gt;</a>&nbsp;&nbsp;&nbsp;main
</UL>

<P><STRONG><a name="[97]"></a>STL_FlashCrc32Init</STRONG> (Thumb, 26 bytes, Stack size 0 bytes, swm260_stlcrc32run.o(i.STL_FlashCrc32Init))
<BR><BR>[Called By]<UL><LI><a href="#[94]">&gt;&gt;</a>&nbsp;&nbsp;&nbsp;STL_InitRunTimeChecks
<LI><a href="#[93]">&gt;&gt;</a>&nbsp;&nbsp;&nbsp;STL_crc32Run
</UL>

<P><STRONG><a name="[9d]"></a>STL_FullRamMarchC</STRONG> (Thumb, 264 bytes, Stack size 12 bytes, swm260_stlfullrammc.o(i.STL_FullRamMarchC))
<BR><BR>[Stack]<UL><LI>Max Depth = 12<LI>Call Chain = STL_FullRamMarchC
</UL>
<BR>[Called By]<UL><LI><a href="#[e]">&gt;&gt;</a>&nbsp;&nbsp;&nbsp;STL_StartUp
</UL>

<P><STRONG><a name="[94]"></a>STL_InitRunTimeChecks</STRONG> (Thumb, 134 bytes, Stack size 8 bytes, swm260_stlmain.o(i.STL_InitRunTimeChecks))
<BR><BR>[Stack]<UL><LI>Max Depth = 20<LI>Call Chain = STL_InitRunTimeChecks &rArr; WDT_Init
</UL>
<BR>[Calls]<UL><LI><a href="#[8e]">&gt;&gt;</a>&nbsp;&nbsp;&nbsp;RTC_GetSubSecond
<LI><a href="#[97]">&gt;&gt;</a>&nbsp;&nbsp;&nbsp;STL_FlashCrc32Init
<LI><a href="#[96]">&gt;&gt;</a>&nbsp;&nbsp;&nbsp;STL_SysTickConfig
<LI><a href="#[99]">&gt;&gt;</a>&nbsp;&nbsp;&nbsp;WDT_Start
<LI><a href="#[98]">&gt;&gt;</a>&nbsp;&nbsp;&nbsp;WDT_Init
<LI><a href="#[85]">&gt;&gt;</a>&nbsp;&nbsp;&nbsp;__aeabi_uidivmod
<LI><a href="#[95]">&gt;&gt;</a>&nbsp;&nbsp;&nbsp;STL_TranspMarchCInit
</UL>
<BR>[Called By]<UL><LI><a href="#[49]">&gt;&gt;</a>&nbsp;&nbsp;&nbsp;main
</UL>

<P><STRONG><a name="[91]"></a>STL_MainClockTest</STRONG> (Thumb, 158 bytes, Stack size 16 bytes, swm260_stlmain.o(i.STL_MainClockTest))
<BR><BR>[Stack]<UL><LI>Max Depth = 32<LI>Call Chain = STL_MainClockTest &rArr; STL_CheckPeriod
</UL>
<BR>[Calls]<UL><LI><a href="#[84]">&gt;&gt;</a>&nbsp;&nbsp;&nbsp;STL_CheckPeriod
<LI><a href="#[85]">&gt;&gt;</a>&nbsp;&nbsp;&nbsp;__aeabi_uidivmod
</UL>
<BR>[Called By]<UL><LI><a href="#[8f]">&gt;&gt;</a>&nbsp;&nbsp;&nbsp;STL_DoRunTimeChecks
</UL>

<P><STRONG><a name="[e]"></a>STL_StartUp</STRONG> (Thumb, 348 bytes, Stack size 8 bytes, swm260_stlstartup.o(i.STL_StartUp))
<BR><BR>[Stack]<UL><LI>Max Depth = 64<LI>Call Chain = STL_StartUp &rArr; STL_ClockStartUpTest &rArr; TIMR_Init
</UL>
<BR>[Calls]<UL><LI><a href="#[50]">&gt;&gt;</a>&nbsp;&nbsp;&nbsp;FailSafePOR
<LI><a href="#[9c]">&gt;&gt;</a>&nbsp;&nbsp;&nbsp;CRC_CalcBlockCrc
<LI><a href="#[87]">&gt;&gt;</a>&nbsp;&nbsp;&nbsp;STL_ClockStartUpTest
<LI><a href="#[9e]">&gt;&gt;</a>&nbsp;&nbsp;&nbsp;Reset_Handler
<LI><a href="#[92]">&gt;&gt;</a>&nbsp;&nbsp;&nbsp;__ARM_common_switch8
<LI><a href="#[51]">&gt;&gt;</a>&nbsp;&nbsp;&nbsp;STL_StartUpCPUTest
<LI><a href="#[9b]">&gt;&gt;</a>&nbsp;&nbsp;&nbsp;STL_WDGSelfTest
<LI><a href="#[9a]">&gt;&gt;</a>&nbsp;&nbsp;&nbsp;STLSystemInit
<LI><a href="#[9d]">&gt;&gt;</a>&nbsp;&nbsp;&nbsp;STL_FullRamMarchC
</UL>
<BR>[Address Reference Count : 1]<UL><LI> startup_swm260.o(RESET)
</UL>
<P><STRONG><a name="[96]"></a>STL_SysTickConfig</STRONG> (Thumb, 36 bytes, Stack size 8 bytes, swm260_stlclockrun.o(i.STL_SysTickConfig))
<BR><BR>[Stack]<UL><LI>Max Depth = 8<LI>Call Chain = STL_SysTickConfig
</UL>
<BR>[Calls]<UL><LI><a href="#[a0]">&gt;&gt;</a>&nbsp;&nbsp;&nbsp;SysTick_SetReload
<LI><a href="#[80]">&gt;&gt;</a>&nbsp;&nbsp;&nbsp;SysTick_ITConfig
<LI><a href="#[9f]">&gt;&gt;</a>&nbsp;&nbsp;&nbsp;SysTick_CounterCmd
</UL>
<BR>[Called By]<UL><LI><a href="#[94]">&gt;&gt;</a>&nbsp;&nbsp;&nbsp;STL_InitRunTimeChecks
</UL>

<P><STRONG><a name="[8a]"></a>STL_SysTickInit</STRONG> (Thumb, 42 bytes, Stack size 8 bytes, swm260_stlclockstart.o(i.STL_SysTickInit))
<BR><BR>[Stack]<UL><LI>Max Depth = 8<LI>Call Chain = STL_SysTickInit
</UL>
<BR>[Calls]<UL><LI><a href="#[a0]">&gt;&gt;</a>&nbsp;&nbsp;&nbsp;SysTick_SetReload
<LI><a href="#[9f]">&gt;&gt;</a>&nbsp;&nbsp;&nbsp;SysTick_CounterCmd
</UL>
<BR>[Called By]<UL><LI><a href="#[87]">&gt;&gt;</a>&nbsp;&nbsp;&nbsp;STL_ClockStartUpTest
</UL>

<P><STRONG><a name="[a4]"></a>STL_TranspMarchC</STRONG> (Thumb, 700 bytes, Stack size 12 bytes, swm260_stltransprammc.o(i.STL_TranspMarchC))
<BR><BR>[Stack]<UL><LI>Max Depth = 12<LI>Call Chain = STL_TranspMarchC
</UL>
<BR>[Called By]<UL><LI><a href="#[13]">&gt;&gt;</a>&nbsp;&nbsp;&nbsp;SysTick_Handler
</UL>

<P><STRONG><a name="[95]"></a>STL_TranspMarchCInit</STRONG> (Thumb, 14 bytes, Stack size 0 bytes, swm260_stltransprammc.o(i.STL_TranspMarchCInit))
<BR><BR>[Called By]<UL><LI><a href="#[94]">&gt;&gt;</a>&nbsp;&nbsp;&nbsp;STL_InitRunTimeChecks
</UL>

<P><STRONG><a name="[9b]"></a>STL_WDGSelfTest</STRONG> (Thumb, 58 bytes, Stack size 8 bytes, swm260_stlstartup.o(i.STL_WDGSelfTest))
<BR><BR>[Stack]<UL><LI>Max Depth = 20<LI>Call Chain = STL_WDGSelfTest &rArr; WDT_Init
</UL>
<BR>[Calls]<UL><LI><a href="#[99]">&gt;&gt;</a>&nbsp;&nbsp;&nbsp;WDT_Start
<LI><a href="#[98]">&gt;&gt;</a>&nbsp;&nbsp;&nbsp;WDT_Init
</UL>
<BR>[Called By]<UL><LI><a href="#[e]">&gt;&gt;</a>&nbsp;&nbsp;&nbsp;STL_StartUp
</UL>

<P><STRONG><a name="[93]"></a>STL_crc32Run</STRONG> (Thumb, 170 bytes, Stack size 16 bytes, swm260_stlcrc32run.o(i.STL_crc32Run))
<BR><BR>[Stack]<UL><LI>Max Depth = 24<LI>Call Chain = STL_crc32Run &rArr; CRC_CalcBlockCrc
</UL>
<BR>[Calls]<UL><LI><a href="#[97]">&gt;&gt;</a>&nbsp;&nbsp;&nbsp;STL_FlashCrc32Init
<LI><a href="#[9c]">&gt;&gt;</a>&nbsp;&nbsp;&nbsp;CRC_CalcBlockCrc
<LI><a href="#[85]">&gt;&gt;</a>&nbsp;&nbsp;&nbsp;__aeabi_uidivmod
</UL>
<BR>[Called By]<UL><LI><a href="#[8f]">&gt;&gt;</a>&nbsp;&nbsp;&nbsp;STL_DoRunTimeChecks
</UL>

<P><STRONG><a name="[a1]"></a>SerialInit</STRONG> (Thumb, 82 bytes, Stack size 24 bytes, main.o(i.SerialInit))
<BR><BR>[Stack]<UL><LI>Max Depth = 40<LI>Call Chain = SerialInit &rArr; UART_Init
</UL>
<BR>[Calls]<UL><LI><a href="#[a3]">&gt;&gt;</a>&nbsp;&nbsp;&nbsp;UART_Open
<LI><a href="#[a2]">&gt;&gt;</a>&nbsp;&nbsp;&nbsp;UART_Init
<LI><a href="#[83]">&gt;&gt;</a>&nbsp;&nbsp;&nbsp;PORT_Init
</UL>
<BR>[Called By]<UL><LI><a href="#[49]">&gt;&gt;</a>&nbsp;&nbsp;&nbsp;main
</UL>

<P><STRONG><a name="[9f]"></a>SysTick_CounterCmd</STRONG> (Thumb, 44 bytes, Stack size 0 bytes, swm260_stlmisc.o(i.SysTick_CounterCmd))
<BR><BR>[Called By]<UL><LI><a href="#[8a]">&gt;&gt;</a>&nbsp;&nbsp;&nbsp;STL_SysTickInit
<LI><a href="#[96]">&gt;&gt;</a>&nbsp;&nbsp;&nbsp;STL_SysTickConfig
</UL>

<P><STRONG><a name="[13]"></a>SysTick_Handler</STRONG> (Thumb, 270 bytes, Stack size 8 bytes, main.o(i.SysTick_Handler))
<BR><BR>[Stack]<UL><LI>Max Depth = 20<LI>Call Chain = SysTick_Handler &rArr; STL_TranspMarchC
</UL>
<BR>[Calls]<UL><LI><a href="#[a4]">&gt;&gt;</a>&nbsp;&nbsp;&nbsp;STL_TranspMarchC
<LI><a href="#[50]">&gt;&gt;</a>&nbsp;&nbsp;&nbsp;FailSafePOR
<LI><a href="#[8e]">&gt;&gt;</a>&nbsp;&nbsp;&nbsp;RTC_GetSubSecond
</UL>
<BR>[Address Reference Count : 1]<UL><LI> startup_swm260.o(RESET)
</UL>
<P><STRONG><a name="[80]"></a>SysTick_ITConfig</STRONG> (Thumb, 32 bytes, Stack size 0 bytes, swm260_stlmisc.o(i.SysTick_ITConfig))
<BR><BR>[Called By]<UL><LI><a href="#[50]">&gt;&gt;</a>&nbsp;&nbsp;&nbsp;FailSafePOR
<LI><a href="#[96]">&gt;&gt;</a>&nbsp;&nbsp;&nbsp;STL_SysTickConfig
</UL>

<P><STRONG><a name="[a0]"></a>SysTick_SetReload</STRONG> (Thumb, 6 bytes, Stack size 0 bytes, swm260_stlmisc.o(i.SysTick_SetReload))
<BR><BR>[Called By]<UL><LI><a href="#[8a]">&gt;&gt;</a>&nbsp;&nbsp;&nbsp;STL_SysTickInit
<LI><a href="#[96]">&gt;&gt;</a>&nbsp;&nbsp;&nbsp;STL_SysTickConfig
</UL>

<P><STRONG><a name="[a5]"></a>SystemCoreClockUpdate</STRONG> (Thumb, 246 bytes, Stack size 8 bytes, system_swm260.o(i.SystemCoreClockUpdate))
<BR><BR>[Stack]<UL><LI>Max Depth = 16<LI>Call Chain = SystemCoreClockUpdate &rArr; __ARM_common_switch8
</UL>
<BR>[Calls]<UL><LI><a href="#[92]">&gt;&gt;</a>&nbsp;&nbsp;&nbsp;__ARM_common_switch8
<LI><a href="#[85]">&gt;&gt;</a>&nbsp;&nbsp;&nbsp;__aeabi_uidivmod
</UL>
<BR>[Called By]<UL><LI><a href="#[a6]">&gt;&gt;</a>&nbsp;&nbsp;&nbsp;SystemInit
</UL>

<P><STRONG><a name="[a6]"></a>SystemInit</STRONG> (Thumb, 114 bytes, Stack size 8 bytes, system_swm260.o(i.SystemInit))
<BR><BR>[Stack]<UL><LI>Max Depth = 40<LI>Call Chain = SystemInit &rArr; switchToXTAL &rArr; PORT_Init
</UL>
<BR>[Calls]<UL><LI><a href="#[ad]">&gt;&gt;</a>&nbsp;&nbsp;&nbsp;switchToXTAL_32K
<LI><a href="#[aa]">&gt;&gt;</a>&nbsp;&nbsp;&nbsp;switchToXTAL
<LI><a href="#[ab]">&gt;&gt;</a>&nbsp;&nbsp;&nbsp;switchToPLL
<LI><a href="#[a9]">&gt;&gt;</a>&nbsp;&nbsp;&nbsp;switchTo6MHz
<LI><a href="#[86]">&gt;&gt;</a>&nbsp;&nbsp;&nbsp;switchTo48MHz
<LI><a href="#[a8]">&gt;&gt;</a>&nbsp;&nbsp;&nbsp;switchTo3MHz
<LI><a href="#[ac]">&gt;&gt;</a>&nbsp;&nbsp;&nbsp;switchTo32KHz
<LI><a href="#[a7]">&gt;&gt;</a>&nbsp;&nbsp;&nbsp;switchTo24MHz
<LI><a href="#[92]">&gt;&gt;</a>&nbsp;&nbsp;&nbsp;__ARM_common_switch8
<LI><a href="#[a5]">&gt;&gt;</a>&nbsp;&nbsp;&nbsp;SystemCoreClockUpdate
</UL>
<BR>[Called By]<UL><LI><a href="#[49]">&gt;&gt;</a>&nbsp;&nbsp;&nbsp;main
</UL>

<P><STRONG><a name="[8b]"></a>TIMR_Init</STRONG> (Thumb, 330 bytes, Stack size 40 bytes, swm260_timr.o(i.TIMR_Init))
<BR><BR>[Stack]<UL><LI>Max Depth = 40<LI>Call Chain = TIMR_Init
</UL>
<BR>[Calls]<UL><LI><a href="#[ae]">&gt;&gt;</a>&nbsp;&nbsp;&nbsp;TIMR_Stop
<LI><a href="#[af]">&gt;&gt;</a>&nbsp;&nbsp;&nbsp;NVIC_EnableIRQ
</UL>
<BR>[Called By]<UL><LI><a href="#[87]">&gt;&gt;</a>&nbsp;&nbsp;&nbsp;STL_ClockStartUpTest
</UL>

<P><STRONG><a name="[8c]"></a>TIMR_Start</STRONG> (Thumb, 162 bytes, Stack size 0 bytes, swm260_timr.o(i.TIMR_Start))
<BR><BR>[Called By]<UL><LI><a href="#[87]">&gt;&gt;</a>&nbsp;&nbsp;&nbsp;STL_ClockStartUpTest
</UL>

<P><STRONG><a name="[ae]"></a>TIMR_Stop</STRONG> (Thumb, 162 bytes, Stack size 0 bytes, swm260_timr.o(i.TIMR_Stop))
<BR><BR>[Called By]<UL><LI><a href="#[8b]">&gt;&gt;</a>&nbsp;&nbsp;&nbsp;TIMR_Init
</UL>

<P><STRONG><a name="[b0]"></a>UART_Close</STRONG> (Thumb, 12 bytes, Stack size 0 bytes, swm260_uart.o(i.UART_Close))
<BR><BR>[Called By]<UL><LI><a href="#[a2]">&gt;&gt;</a>&nbsp;&nbsp;&nbsp;UART_Init
</UL>

<P><STRONG><a name="[a2]"></a>UART_Init</STRONG> (Thumb, 532 bytes, Stack size 16 bytes, swm260_uart.o(i.UART_Init))
<BR><BR>[Stack]<UL><LI>Max Depth = 16<LI>Call Chain = UART_Init
</UL>
<BR>[Calls]<UL><LI><a href="#[b0]">&gt;&gt;</a>&nbsp;&nbsp;&nbsp;UART_Close
<LI><a href="#[b1]">&gt;&gt;</a>&nbsp;&nbsp;&nbsp;NVIC_EnableIRQ
<LI><a href="#[b2]">&gt;&gt;</a>&nbsp;&nbsp;&nbsp;NVIC_DisableIRQ
<LI><a href="#[85]">&gt;&gt;</a>&nbsp;&nbsp;&nbsp;__aeabi_uidivmod
</UL>
<BR>[Called By]<UL><LI><a href="#[a1]">&gt;&gt;</a>&nbsp;&nbsp;&nbsp;SerialInit
</UL>

<P><STRONG><a name="[b4]"></a>UART_IsTXBusy</STRONG> (Thumb, 48 bytes, Stack size 0 bytes, swm260_uart.o(i.UART_IsTXBusy))
<BR><BR>[Called By]<UL><LI><a href="#[37]">&gt;&gt;</a>&nbsp;&nbsp;&nbsp;fputc
</UL>

<P><STRONG><a name="[a3]"></a>UART_Open</STRONG> (Thumb, 12 bytes, Stack size 0 bytes, swm260_uart.o(i.UART_Open))
<BR><BR>[Called By]<UL><LI><a href="#[a1]">&gt;&gt;</a>&nbsp;&nbsp;&nbsp;SerialInit
</UL>

<P><STRONG><a name="[b3]"></a>UART_WriteByte</STRONG> (Thumb, 4 bytes, Stack size 0 bytes, swm260_uart.o(i.UART_WriteByte))
<BR><BR>[Called By]<UL><LI><a href="#[37]">&gt;&gt;</a>&nbsp;&nbsp;&nbsp;fputc
</UL>

<P><STRONG><a name="[81]"></a>WDT_Feed</STRONG> (Thumb, 16 bytes, Stack size 0 bytes, swm260_wdt.o(i.WDT_Feed))
<BR><BR>[Called By]<UL><LI><a href="#[8f]">&gt;&gt;</a>&nbsp;&nbsp;&nbsp;STL_DoRunTimeChecks
<LI><a href="#[50]">&gt;&gt;</a>&nbsp;&nbsp;&nbsp;FailSafePOR
</UL>

<P><STRONG><a name="[98]"></a>WDT_Init</STRONG> (Thumb, 102 bytes, Stack size 12 bytes, swm260_wdt.o(i.WDT_Init))
<BR><BR>[Stack]<UL><LI>Max Depth = 12<LI>Call Chain = WDT_Init
</UL>
<BR>[Called By]<UL><LI><a href="#[94]">&gt;&gt;</a>&nbsp;&nbsp;&nbsp;STL_InitRunTimeChecks
<LI><a href="#[9b]">&gt;&gt;</a>&nbsp;&nbsp;&nbsp;STL_WDGSelfTest
</UL>

<P><STRONG><a name="[99]"></a>WDT_Start</STRONG> (Thumb, 10 bytes, Stack size 0 bytes, swm260_wdt.o(i.WDT_Start))
<BR><BR>[Called By]<UL><LI><a href="#[94]">&gt;&gt;</a>&nbsp;&nbsp;&nbsp;STL_InitRunTimeChecks
<LI><a href="#[9b]">&gt;&gt;</a>&nbsp;&nbsp;&nbsp;STL_WDGSelfTest
</UL>

<P><STRONG><a name="[92]"></a>__ARM_common_switch8</STRONG> (Thumb, 28 bytes, Stack size 8 bytes, system_swm260.o(i.__ARM_common_switch8))
<BR><BR>[Stack]<UL><LI>Max Depth = 8<LI>Call Chain = __ARM_common_switch8
</UL>
<BR>[Called By]<UL><LI><a href="#[a6]">&gt;&gt;</a>&nbsp;&nbsp;&nbsp;SystemInit
<LI><a href="#[8f]">&gt;&gt;</a>&nbsp;&nbsp;&nbsp;STL_DoRunTimeChecks
<LI><a href="#[e]">&gt;&gt;</a>&nbsp;&nbsp;&nbsp;STL_StartUp
<LI><a href="#[a5]">&gt;&gt;</a>&nbsp;&nbsp;&nbsp;SystemCoreClockUpdate
</UL>

<P><STRONG><a name="[37]"></a>fputc</STRONG> (Thumb, 30 bytes, Stack size 16 bytes, main.o(i.fputc))
<BR><BR>[Stack]<UL><LI>Max Depth = 16<LI>Call Chain = fputc
</UL>
<BR>[Calls]<UL><LI><a href="#[b3]">&gt;&gt;</a>&nbsp;&nbsp;&nbsp;UART_WriteByte
<LI><a href="#[b4]">&gt;&gt;</a>&nbsp;&nbsp;&nbsp;UART_IsTXBusy
</UL>
<BR>[Address Reference Count : 1]<UL><LI> _printf_char_file.o(.text)
</UL>
<P><STRONG><a name="[49]"></a>main</STRONG> (Thumb, 118 bytes, Stack size 16 bytes, main.o(i.main))
<BR><BR>[Stack]<UL><LI>Max Depth = 144<LI>Call Chain = main &rArr; __2printf &rArr; _printf_char_file &rArr; _printf_char_common &rArr; __printf
</UL>
<BR>[Calls]<UL><LI><a href="#[a6]">&gt;&gt;</a>&nbsp;&nbsp;&nbsp;SystemInit
<LI><a href="#[94]">&gt;&gt;</a>&nbsp;&nbsp;&nbsp;STL_InitRunTimeChecks
<LI><a href="#[8f]">&gt;&gt;</a>&nbsp;&nbsp;&nbsp;STL_DoRunTimeChecks
<LI><a href="#[b5]">&gt;&gt;</a>&nbsp;&nbsp;&nbsp;GPIO_SetBit
<LI><a href="#[82]">&gt;&gt;</a>&nbsp;&nbsp;&nbsp;GPIO_Init
<LI><a href="#[b6]">&gt;&gt;</a>&nbsp;&nbsp;&nbsp;GPIO_ClrBit
<LI><a href="#[a1]">&gt;&gt;</a>&nbsp;&nbsp;&nbsp;SerialInit
<LI><a href="#[85]">&gt;&gt;</a>&nbsp;&nbsp;&nbsp;__aeabi_uidivmod
<LI><a href="#[52]">&gt;&gt;</a>&nbsp;&nbsp;&nbsp;__2printf
</UL>
<BR>[Called By]<UL><LI><a href="#[48]">&gt;&gt;</a>&nbsp;&nbsp;&nbsp;__rt_entry_main
</UL>

<P><STRONG><a name="[a7]"></a>switchTo24MHz</STRONG> (Thumb, 20 bytes, Stack size 0 bytes, system_swm260.o(i.switchTo24MHz))
<BR><BR>[Called By]<UL><LI><a href="#[a6]">&gt;&gt;</a>&nbsp;&nbsp;&nbsp;SystemInit
<LI><a href="#[ad]">&gt;&gt;</a>&nbsp;&nbsp;&nbsp;switchToXTAL_32K
<LI><a href="#[aa]">&gt;&gt;</a>&nbsp;&nbsp;&nbsp;switchToXTAL
<LI><a href="#[ab]">&gt;&gt;</a>&nbsp;&nbsp;&nbsp;switchToPLL
<LI><a href="#[a8]">&gt;&gt;</a>&nbsp;&nbsp;&nbsp;switchTo3MHz
<LI><a href="#[ac]">&gt;&gt;</a>&nbsp;&nbsp;&nbsp;switchTo32KHz
</UL>

<P><STRONG><a name="[ac]"></a>switchTo32KHz</STRONG> (Thumb, 60 bytes, Stack size 4 bytes, system_swm260.o(i.switchTo32KHz))
<BR><BR>[Stack]<UL><LI>Max Depth = 4<LI>Call Chain = switchTo32KHz
</UL>
<BR>[Calls]<UL><LI><a href="#[a7]">&gt;&gt;</a>&nbsp;&nbsp;&nbsp;switchTo24MHz
</UL>
<BR>[Called By]<UL><LI><a href="#[a6]">&gt;&gt;</a>&nbsp;&nbsp;&nbsp;SystemInit
</UL>

<P><STRONG><a name="[a8]"></a>switchTo3MHz</STRONG> (Thumb, 62 bytes, Stack size 4 bytes, system_swm260.o(i.switchTo3MHz))
<BR><BR>[Stack]<UL><LI>Max Depth = 4<LI>Call Chain = switchTo3MHz
</UL>
<BR>[Calls]<UL><LI><a href="#[a7]">&gt;&gt;</a>&nbsp;&nbsp;&nbsp;switchTo24MHz
</UL>
<BR>[Called By]<UL><LI><a href="#[a6]">&gt;&gt;</a>&nbsp;&nbsp;&nbsp;SystemInit
</UL>

<P><STRONG><a name="[86]"></a>switchTo48MHz</STRONG> (Thumb, 20 bytes, Stack size 0 bytes, system_swm260.o(i.switchTo48MHz))
<BR><BR>[Called By]<UL><LI><a href="#[a6]">&gt;&gt;</a>&nbsp;&nbsp;&nbsp;SystemInit
<LI><a href="#[87]">&gt;&gt;</a>&nbsp;&nbsp;&nbsp;STL_ClockStartUpTest
<LI><a href="#[84]">&gt;&gt;</a>&nbsp;&nbsp;&nbsp;STL_CheckPeriod
<LI><a href="#[a9]">&gt;&gt;</a>&nbsp;&nbsp;&nbsp;switchTo6MHz
</UL>

<P><STRONG><a name="[a9]"></a>switchTo6MHz</STRONG> (Thumb, 62 bytes, Stack size 4 bytes, system_swm260.o(i.switchTo6MHz))
<BR><BR>[Stack]<UL><LI>Max Depth = 4<LI>Call Chain = switchTo6MHz
</UL>
<BR>[Calls]<UL><LI><a href="#[86]">&gt;&gt;</a>&nbsp;&nbsp;&nbsp;switchTo48MHz
</UL>
<BR>[Called By]<UL><LI><a href="#[a6]">&gt;&gt;</a>&nbsp;&nbsp;&nbsp;SystemInit
</UL>

<P><STRONG><a name="[ab]"></a>switchToPLL</STRONG> (Thumb, 94 bytes, Stack size 4 bytes, system_swm260.o(i.switchToPLL))
<BR><BR>[Stack]<UL><LI>Max Depth = 4<LI>Call Chain = switchToPLL
</UL>
<BR>[Calls]<UL><LI><a href="#[a7]">&gt;&gt;</a>&nbsp;&nbsp;&nbsp;switchTo24MHz
<LI><a href="#[b7]">&gt;&gt;</a>&nbsp;&nbsp;&nbsp;PLLInit
</UL>
<BR>[Called By]<UL><LI><a href="#[a6]">&gt;&gt;</a>&nbsp;&nbsp;&nbsp;SystemInit
</UL>

<P><STRONG><a name="[aa]"></a>switchToXTAL</STRONG> (Thumb, 144 bytes, Stack size 16 bytes, system_swm260.o(i.switchToXTAL))
<BR><BR>[Stack]<UL><LI>Max Depth = 32<LI>Call Chain = switchToXTAL &rArr; PORT_Init
</UL>
<BR>[Calls]<UL><LI><a href="#[83]">&gt;&gt;</a>&nbsp;&nbsp;&nbsp;PORT_Init
<LI><a href="#[a7]">&gt;&gt;</a>&nbsp;&nbsp;&nbsp;switchTo24MHz
</UL>
<BR>[Called By]<UL><LI><a href="#[a6]">&gt;&gt;</a>&nbsp;&nbsp;&nbsp;SystemInit
</UL>

<P><STRONG><a name="[ad]"></a>switchToXTAL_32K</STRONG> (Thumb, 92 bytes, Stack size 4 bytes, system_swm260.o(i.switchToXTAL_32K))
<BR><BR>[Stack]<UL><LI>Max Depth = 4<LI>Call Chain = switchToXTAL_32K
</UL>
<BR>[Calls]<UL><LI><a href="#[a7]">&gt;&gt;</a>&nbsp;&nbsp;&nbsp;switchTo24MHz
</UL>
<BR>[Called By]<UL><LI><a href="#[a6]">&gt;&gt;</a>&nbsp;&nbsp;&nbsp;SystemInit
</UL>
<P>
<H3>
Local Symbols
</H3>
<P><STRONG><a name="[af]"></a>NVIC_EnableIRQ</STRONG> (Thumb, 14 bytes, Stack size 0 bytes, swm260_timr.o(i.NVIC_EnableIRQ))
<BR><BR>[Called By]<UL><LI><a href="#[8b]">&gt;&gt;</a>&nbsp;&nbsp;&nbsp;TIMR_Init
</UL>

<P><STRONG><a name="[b2]"></a>NVIC_DisableIRQ</STRONG> (Thumb, 14 bytes, Stack size 0 bytes, swm260_uart.o(i.NVIC_DisableIRQ))
<BR><BR>[Called By]<UL><LI><a href="#[a2]">&gt;&gt;</a>&nbsp;&nbsp;&nbsp;UART_Init
</UL>

<P><STRONG><a name="[b1]"></a>NVIC_EnableIRQ</STRONG> (Thumb, 14 bytes, Stack size 0 bytes, swm260_uart.o(i.NVIC_EnableIRQ))
<BR><BR>[Called By]<UL><LI><a href="#[a2]">&gt;&gt;</a>&nbsp;&nbsp;&nbsp;UART_Init
</UL>

<P><STRONG><a name="[89]"></a>STL_HSEinit</STRONG> (Thumb, 80 bytes, Stack size 16 bytes, swm260_stlclockstart.o(i.STL_HSEinit))
<BR><BR>[Stack]<UL><LI>Max Depth = 32<LI>Call Chain = STL_HSEinit &rArr; PORT_Init
</UL>
<BR>[Calls]<UL><LI><a href="#[83]">&gt;&gt;</a>&nbsp;&nbsp;&nbsp;PORT_Init
</UL>
<BR>[Called By]<UL><LI><a href="#[87]">&gt;&gt;</a>&nbsp;&nbsp;&nbsp;STL_ClockStartUpTest
</UL>

<P><STRONG><a name="[88]"></a>STL_LSIinit</STRONG> (Thumb, 46 bytes, Stack size 0 bytes, swm260_stlclockstart.o(i.STL_LSIinit))
<BR><BR>[Called By]<UL><LI><a href="#[87]">&gt;&gt;</a>&nbsp;&nbsp;&nbsp;STL_ClockStartUpTest
</UL>

<P><STRONG><a name="[8d]"></a>STL_SwitchToExtClockSrc</STRONG> (Thumb, 44 bytes, Stack size 0 bytes, swm260_stlclockstart.o(i.STL_SwitchToExtClockSrc))
<BR><BR>[Called By]<UL><LI><a href="#[87]">&gt;&gt;</a>&nbsp;&nbsp;&nbsp;STL_ClockStartUpTest
</UL>

<P><STRONG><a name="[35]"></a>CPUTstCont</STRONG> (Thumb, 0 bytes, Stack size unknown bytes, swm260_stlcpurunkeil.o(.text))
<BR>[Address Reference Count : 1]<UL><LI> swm260_stlcpurunkeil.o(.text)
</UL>
<P><STRONG><a name="[36]"></a>CPUTstCont</STRONG> (Thumb, 0 bytes, Stack size unknown bytes, swm260_stlcpustartkeil.o(.text))
<BR>[Address Reference Count : 1]<UL><LI> swm260_stlcpustartkeil.o(.text)
</UL>
<P><STRONG><a name="[38]"></a>_printf_input_char</STRONG> (Thumb, 10 bytes, Stack size 0 bytes, _printf_char_common.o(.text))
<BR>[Address Reference Count : 1]<UL><LI> _printf_char_common.o(.text)
</UL><P>
<H3>
Undefined Global Symbols
</H3>
<P><STRONG><a name="[67]"></a>_call_atexit_fns</STRONG> (ARM, 0 bytes, Stack size 0 bytes, UNDEFINED)
<BR><BR>[Called By]<UL><LI><a href="#[4a]">&gt;&gt;</a>&nbsp;&nbsp;&nbsp;exit
</UL>
<HR></body></html>
