<!doctype html public "-//w3c//dtd html 4.0 transitional//en">
<html><head>
<title>Static Call Graph - [.\out\SWM260_IEC60335.axf]</title></head>
<body><HR>
<H1>Static Call Graph for image .\out\SWM260_IEC60335.axf</H1><HR>
<BR><P>#&#060CALLGRAPH&#062# ARM Linker, 5060960: Last Updated: Thu Dec 07 10:21:23 2023
<BR><P>
<H3>Maximum Stack Usage =         88 bytes + Unknown(Functions without stacksize, Cycles, Untraceable Function Pointers)</H3><H3>
Call chain for Maximum Stack Depth:</H3>
STL_StartUp &rArr; STL_ClockStartUpTest &rArr; TIMR_Init &rArr; TIMR_Stop
<P>
<H3>
Functions with no stack information
</H3><UL>
 <LI><a href="#[28]">CPUTstCont</a>
 <LI><a href="#[29]">CPUTstCont</a>
</UL>
</UL>
<P>
<H3>
Mutually Recursive functions
</H3> <LI><a href="#[1]">NMI_Handler</a>&nbsp;&nbsp;&nbsp;&rArr;&nbsp;&nbsp;&nbsp;<a href="#[1]">NMI_Handler</a><BR>
 <LI><a href="#[2]">HardFault_Handler</a>&nbsp;&nbsp;&nbsp;&rArr;&nbsp;&nbsp;&nbsp;<a href="#[2]">HardFault_Handler</a><BR>
 <LI><a href="#[3]">SVC_Handler</a>&nbsp;&nbsp;&nbsp;&rArr;&nbsp;&nbsp;&nbsp;<a href="#[3]">SVC_Handler</a><BR>
 <LI><a href="#[4]">PendSV_Handler</a>&nbsp;&nbsp;&nbsp;&rArr;&nbsp;&nbsp;&nbsp;<a href="#[4]">PendSV_Handler</a><BR>
 <LI><a href="#[6]">UART0_Handler</a>&nbsp;&nbsp;&nbsp;&rArr;&nbsp;&nbsp;&nbsp;<a href="#[6]">UART0_Handler</a><BR>
 <LI><a href="#[7]">TIMR0_Handler</a>&nbsp;&nbsp;&nbsp;&rArr;&nbsp;&nbsp;&nbsp;<a href="#[7]">TIMR0_Handler</a><BR>
 <LI><a href="#[8]">SPI0_Handler</a>&nbsp;&nbsp;&nbsp;&rArr;&nbsp;&nbsp;&nbsp;<a href="#[8]">SPI0_Handler</a><BR>
 <LI><a href="#[9]">UART1_Handler</a>&nbsp;&nbsp;&nbsp;&rArr;&nbsp;&nbsp;&nbsp;<a href="#[9]">UART1_Handler</a><BR>
 <LI><a href="#[a]">UART2_Handler</a>&nbsp;&nbsp;&nbsp;&rArr;&nbsp;&nbsp;&nbsp;<a href="#[a]">UART2_Handler</a><BR>
 <LI><a href="#[b]">TIMR1_Handler</a>&nbsp;&nbsp;&nbsp;&rArr;&nbsp;&nbsp;&nbsp;<a href="#[b]">TIMR1_Handler</a><BR>
 <LI><a href="#[c]">DMA_Handler</a>&nbsp;&nbsp;&nbsp;&rArr;&nbsp;&nbsp;&nbsp;<a href="#[c]">DMA_Handler</a><BR>
 <LI><a href="#[d]">PWM0_Handler</a>&nbsp;&nbsp;&nbsp;&rArr;&nbsp;&nbsp;&nbsp;<a href="#[d]">PWM0_Handler</a><BR>
 <LI><a href="#[e]">BTIMR0_Handler</a>&nbsp;&nbsp;&nbsp;&rArr;&nbsp;&nbsp;&nbsp;<a href="#[e]">BTIMR0_Handler</a><BR>
 <LI><a href="#[f]">TIMR2_Handler</a>&nbsp;&nbsp;&nbsp;&rArr;&nbsp;&nbsp;&nbsp;<a href="#[f]">TIMR2_Handler</a><BR>
 <LI><a href="#[10]">TIMR3_Handler</a>&nbsp;&nbsp;&nbsp;&rArr;&nbsp;&nbsp;&nbsp;<a href="#[10]">TIMR3_Handler</a><BR>
 <LI><a href="#[11]">WDT_Handler</a>&nbsp;&nbsp;&nbsp;&rArr;&nbsp;&nbsp;&nbsp;<a href="#[11]">WDT_Handler</a><BR>
 <LI><a href="#[12]">I2C4_Handler</a>&nbsp;&nbsp;&nbsp;&rArr;&nbsp;&nbsp;&nbsp;<a href="#[12]">I2C4_Handler</a><BR>
 <LI><a href="#[13]">UART3_Handler</a>&nbsp;&nbsp;&nbsp;&rArr;&nbsp;&nbsp;&nbsp;<a href="#[13]">UART3_Handler</a><BR>
 <LI><a href="#[14]">ADC0_Handler</a>&nbsp;&nbsp;&nbsp;&rArr;&nbsp;&nbsp;&nbsp;<a href="#[14]">ADC0_Handler</a><BR>
 <LI><a href="#[15]">BTIMR1_Handler</a>&nbsp;&nbsp;&nbsp;&rArr;&nbsp;&nbsp;&nbsp;<a href="#[15]">BTIMR1_Handler</a><BR>
 <LI><a href="#[16]">GPIOA9_GPIOC6_Handler</a>&nbsp;&nbsp;&nbsp;&rArr;&nbsp;&nbsp;&nbsp;<a href="#[16]">GPIOA9_GPIOC6_Handler</a><BR>
 <LI><a href="#[17]">GPIOA6_GPIOC7_Handler</a>&nbsp;&nbsp;&nbsp;&rArr;&nbsp;&nbsp;&nbsp;<a href="#[17]">GPIOA6_GPIOC7_Handler</a><BR>
 <LI><a href="#[18]">GPIOA7_GPIOC8_Handler</a>&nbsp;&nbsp;&nbsp;&rArr;&nbsp;&nbsp;&nbsp;<a href="#[18]">GPIOA7_GPIOC8_Handler</a><BR>
 <LI><a href="#[19]">GPIOA8_GPIOC9_Handler</a>&nbsp;&nbsp;&nbsp;&rArr;&nbsp;&nbsp;&nbsp;<a href="#[19]">GPIOA8_GPIOC9_Handler</a><BR>
 <LI><a href="#[1a]">GPIOA10_GPIOC10_Handler</a>&nbsp;&nbsp;&nbsp;&rArr;&nbsp;&nbsp;&nbsp;<a href="#[1a]">GPIOA10_GPIOC10_Handler</a><BR>
 <LI><a href="#[1b]">GPIOA13_GPIOC12_Handler</a>&nbsp;&nbsp;&nbsp;&rArr;&nbsp;&nbsp;&nbsp;<a href="#[1b]">GPIOA13_GPIOC12_Handler</a><BR>
 <LI><a href="#[1c]">GPIOA12_GPIOC13_Handler</a>&nbsp;&nbsp;&nbsp;&rArr;&nbsp;&nbsp;&nbsp;<a href="#[1c]">GPIOA12_GPIOC13_Handler</a><BR>
 <LI><a href="#[1d]">GPIOA11_GPIOC14_Handler</a>&nbsp;&nbsp;&nbsp;&rArr;&nbsp;&nbsp;&nbsp;<a href="#[1d]">GPIOA11_GPIOC14_Handler</a><BR>
 <LI><a href="#[1e]">XTALSTOPDET_GPIOC0_Handler</a>&nbsp;&nbsp;&nbsp;&rArr;&nbsp;&nbsp;&nbsp;<a href="#[1e]">XTALSTOPDET_GPIOC0_Handler</a><BR>
 <LI><a href="#[1f]">BTIMR2_GPIOB12_Handler</a>&nbsp;&nbsp;&nbsp;&rArr;&nbsp;&nbsp;&nbsp;<a href="#[1f]">BTIMR2_GPIOB12_Handler</a><BR>
 <LI><a href="#[20]">PWM1_GPIOA1_Handler</a>&nbsp;&nbsp;&nbsp;&rArr;&nbsp;&nbsp;&nbsp;<a href="#[20]">PWM1_GPIOA1_Handler</a><BR>
 <LI><a href="#[21]">PWM2_UART4_Handler</a>&nbsp;&nbsp;&nbsp;&rArr;&nbsp;&nbsp;&nbsp;<a href="#[21]">PWM2_UART4_Handler</a><BR>
 <LI><a href="#[22]">BOD_PWMHALT_Handler</a>&nbsp;&nbsp;&nbsp;&rArr;&nbsp;&nbsp;&nbsp;<a href="#[22]">BOD_PWMHALT_Handler</a><BR>
 <LI><a href="#[23]">PWM3_GPIOB_ACMP_Handler</a>&nbsp;&nbsp;&nbsp;&rArr;&nbsp;&nbsp;&nbsp;<a href="#[23]">PWM3_GPIOB_ACMP_Handler</a><BR>
 <LI><a href="#[24]">SPI1_HALL_GPIOD_Handler</a>&nbsp;&nbsp;&nbsp;&rArr;&nbsp;&nbsp;&nbsp;<a href="#[24]">SPI1_HALL_GPIOD_Handler</a><BR>
 <LI><a href="#[25]">BTIMR3_RTC_Handler</a>&nbsp;&nbsp;&nbsp;&rArr;&nbsp;&nbsp;&nbsp;<a href="#[25]">BTIMR3_RTC_Handler</a><BR>
</UL>
<P>
<H3>
Function Pointers
</H3><UL>
 <LI><a href="#[14]">ADC0_Handler</a> from startup_swm260.o(.text) referenced from startup_swm260.o(RESET)
 <LI><a href="#[22]">BOD_PWMHALT_Handler</a> from startup_swm260.o(.text) referenced from startup_swm260.o(RESET)
 <LI><a href="#[e]">BTIMR0_Handler</a> from startup_swm260.o(.text) referenced from startup_swm260.o(RESET)
 <LI><a href="#[15]">BTIMR1_Handler</a> from startup_swm260.o(.text) referenced from startup_swm260.o(RESET)
 <LI><a href="#[1f]">BTIMR2_GPIOB12_Handler</a> from startup_swm260.o(.text) referenced from startup_swm260.o(RESET)
 <LI><a href="#[25]">BTIMR3_RTC_Handler</a> from startup_swm260.o(.text) referenced from startup_swm260.o(RESET)
 <LI><a href="#[28]">CPUTstCont</a> from swm260_stlcpurunkeil.o(.text) referenced 2 times from swm260_stlcpurunkeil.o(.text)
 <LI><a href="#[c]">DMA_Handler</a> from startup_swm260.o(.text) referenced from startup_swm260.o(RESET)
 <LI><a href="#[1a]">GPIOA10_GPIOC10_Handler</a> from startup_swm260.o(.text) referenced from startup_swm260.o(RESET)
 <LI><a href="#[1d]">GPIOA11_GPIOC14_Handler</a> from startup_swm260.o(.text) referenced from startup_swm260.o(RESET)
 <LI><a href="#[1c]">GPIOA12_GPIOC13_Handler</a> from startup_swm260.o(.text) referenced from startup_swm260.o(RESET)
 <LI><a href="#[1b]">GPIOA13_GPIOC12_Handler</a> from startup_swm260.o(.text) referenced from startup_swm260.o(RESET)
 <LI><a href="#[17]">GPIOA6_GPIOC7_Handler</a> from startup_swm260.o(.text) referenced from startup_swm260.o(RESET)
 <LI><a href="#[18]">GPIOA7_GPIOC8_Handler</a> from startup_swm260.o(.text) referenced from startup_swm260.o(RESET)
 <LI><a href="#[19]">GPIOA8_GPIOC9_Handler</a> from startup_swm260.o(.text) referenced from startup_swm260.o(RESET)
 <LI><a href="#[16]">GPIOA9_GPIOC6_Handler</a> from startup_swm260.o(.text) referenced from startup_swm260.o(RESET)
 <LI><a href="#[2]">HardFault_Handler</a> from startup_swm260.o(.text) referenced from startup_swm260.o(RESET)
 <LI><a href="#[12]">I2C4_Handler</a> from startup_swm260.o(.text) referenced from startup_swm260.o(RESET)
 <LI><a href="#[1]">NMI_Handler</a> from startup_swm260.o(.text) referenced from startup_swm260.o(RESET)
 <LI><a href="#[d]">PWM0_Handler</a> from startup_swm260.o(.text) referenced from startup_swm260.o(RESET)
 <LI><a href="#[20]">PWM1_GPIOA1_Handler</a> from startup_swm260.o(.text) referenced from startup_swm260.o(RESET)
 <LI><a href="#[21]">PWM2_UART4_Handler</a> from startup_swm260.o(.text) referenced from startup_swm260.o(RESET)
 <LI><a href="#[23]">PWM3_GPIOB_ACMP_Handler</a> from startup_swm260.o(.text) referenced from startup_swm260.o(RESET)
 <LI><a href="#[4]">PendSV_Handler</a> from startup_swm260.o(.text) referenced from startup_swm260.o(RESET)
 <LI><a href="#[8]">SPI0_Handler</a> from startup_swm260.o(.text) referenced from startup_swm260.o(RESET)
 <LI><a href="#[24]">SPI1_HALL_GPIOD_Handler</a> from startup_swm260.o(.text) referenced from startup_swm260.o(RESET)
 <LI><a href="#[0]">STL_StartUp</a> from swm260_stlstartup.o(.text) referenced from startup_swm260.o(RESET)
 <LI><a href="#[3]">SVC_Handler</a> from startup_swm260.o(.text) referenced from startup_swm260.o(RESET)
 <LI><a href="#[5]">SysTick_Handler</a> from main.o(.text) referenced from startup_swm260.o(RESET)
 <LI><a href="#[7]">TIMR0_Handler</a> from startup_swm260.o(.text) referenced from startup_swm260.o(RESET)
 <LI><a href="#[b]">TIMR1_Handler</a> from startup_swm260.o(.text) referenced from startup_swm260.o(RESET)
 <LI><a href="#[f]">TIMR2_Handler</a> from startup_swm260.o(.text) referenced from startup_swm260.o(RESET)
 <LI><a href="#[10]">TIMR3_Handler</a> from startup_swm260.o(.text) referenced from startup_swm260.o(RESET)
 <LI><a href="#[6]">UART0_Handler</a> from startup_swm260.o(.text) referenced from startup_swm260.o(RESET)
 <LI><a href="#[9]">UART1_Handler</a> from startup_swm260.o(.text) referenced from startup_swm260.o(RESET)
 <LI><a href="#[a]">UART2_Handler</a> from startup_swm260.o(.text) referenced from startup_swm260.o(RESET)
 <LI><a href="#[13]">UART3_Handler</a> from startup_swm260.o(.text) referenced from startup_swm260.o(RESET)
 <LI><a href="#[11]">WDT_Handler</a> from startup_swm260.o(.text) referenced from startup_swm260.o(RESET)
 <LI><a href="#[1e]">XTALSTOPDET_GPIOC0_Handler</a> from startup_swm260.o(.text) referenced from startup_swm260.o(RESET)
 <LI><a href="#[27]">__main</a> from entry.o(.ARM.Collect$$$$00000000) referenced from startup_swm260.o(.text)
 <LI><a href="#[2a]">fputc</a> from main.o(.text) referenced from printfb.o(i.__0printf$bare)
 <LI><a href="#[26]">main</a> from main.o(.text) referenced from entry9a.o(.ARM.Collect$$$$0000000B)
</UL>
<P>
<H3>
Global Symbols
</H3>
<P><STRONG><a name="[27]"></a>__main</STRONG> (Thumb, 0 bytes, Stack size unknown bytes, entry.o(.ARM.Collect$$$$00000000))
<BR>[Address Reference Count : 1]<UL><LI> startup_swm260.o(.text)
</UL>
<P><STRONG><a name="[75]"></a>_main_stk</STRONG> (Thumb, 0 bytes, Stack size unknown bytes, entry2.o(.ARM.Collect$$$$00000001))

<P><STRONG><a name="[2b]"></a>_main_scatterload</STRONG> (Thumb, 0 bytes, Stack size unknown bytes, entry5.o(.ARM.Collect$$$$00000004))
<BR><BR>[Calls]<UL><LI><a href="#[2c]">&gt;&gt;</a>&nbsp;&nbsp;&nbsp;__scatterload
</UL>

<P><STRONG><a name="[72]"></a>__main_after_scatterload</STRONG> (Thumb, 0 bytes, Stack size unknown bytes, entry5.o(.ARM.Collect$$$$00000004))
<BR><BR>[Called By]<UL><LI><a href="#[2c]">&gt;&gt;</a>&nbsp;&nbsp;&nbsp;__scatterload
</UL>

<P><STRONG><a name="[76]"></a>_main_clock</STRONG> (Thumb, 0 bytes, Stack size unknown bytes, entry7b.o(.ARM.Collect$$$$00000008))

<P><STRONG><a name="[77]"></a>_main_cpp_init</STRONG> (Thumb, 0 bytes, Stack size unknown bytes, entry8b.o(.ARM.Collect$$$$0000000A))

<P><STRONG><a name="[78]"></a>_main_init</STRONG> (Thumb, 0 bytes, Stack size unknown bytes, entry9a.o(.ARM.Collect$$$$0000000B))

<P><STRONG><a name="[2d]"></a>__rt_lib_shutdown_fini</STRONG> (Thumb, 0 bytes, Stack size unknown bytes, entry12b.o(.ARM.Collect$$$$0000000E))
<BR><BR>[Calls]<UL><LI><a href="#[2e]">&gt;&gt;</a>&nbsp;&nbsp;&nbsp;__arm_fini_ (Weak Reference)
</UL>

<P><STRONG><a name="[79]"></a>__rt_final_cpp</STRONG> (Thumb, 0 bytes, Stack size unknown bytes, entry10a.o(.ARM.Collect$$$$0000000F))

<P><STRONG><a name="[7a]"></a>__rt_final_exit</STRONG> (Thumb, 0 bytes, Stack size unknown bytes, entry11a.o(.ARM.Collect$$$$00000011))

<P><STRONG><a name="[3d]"></a>RTC_GetSubSecond</STRONG> (Thumb, 6 bytes, Stack size 0 bytes, main.o(.text))
<BR><BR>[Called By]<UL><LI><a href="#[61]">&gt;&gt;</a>&nbsp;&nbsp;&nbsp;STL_ClockStartUpTest
<LI><a href="#[37]">&gt;&gt;</a>&nbsp;&nbsp;&nbsp;STL_InitRunTimeChecks
<LI><a href="#[5]">&gt;&gt;</a>&nbsp;&nbsp;&nbsp;SysTick_Handler
</UL>

<P><STRONG><a name="[2f]"></a>SerialInit</STRONG> (Thumb, 78 bytes, Stack size 24 bytes, main.o(.text))
<BR><BR>[Stack]<UL><LI>Max Depth = 60<LI>Call Chain = SerialInit &rArr; UART_Init &rArr; __aeabi_uidivmod
</UL>
<BR>[Calls]<UL><LI><a href="#[32]">&gt;&gt;</a>&nbsp;&nbsp;&nbsp;UART_Open
<LI><a href="#[31]">&gt;&gt;</a>&nbsp;&nbsp;&nbsp;UART_Init
<LI><a href="#[30]">&gt;&gt;</a>&nbsp;&nbsp;&nbsp;PORT_Init
</UL>
<BR>[Called By]<UL><LI><a href="#[26]">&gt;&gt;</a>&nbsp;&nbsp;&nbsp;main
</UL>

<P><STRONG><a name="[26]"></a>main</STRONG> (Thumb, 110 bytes, Stack size 16 bytes, main.o(.text))
<BR><BR>[Stack]<UL><LI>Max Depth = 76<LI>Call Chain = main &rArr; STL_DoRunTimeChecks &rArr; STL_MainClockTest &rArr; STL_CheckPeriod &rArr; __aeabi_uidivmod
</UL>
<BR>[Calls]<UL><LI><a href="#[33]">&gt;&gt;</a>&nbsp;&nbsp;&nbsp;SystemInit
<LI><a href="#[37]">&gt;&gt;</a>&nbsp;&nbsp;&nbsp;STL_InitRunTimeChecks
<LI><a href="#[3a]">&gt;&gt;</a>&nbsp;&nbsp;&nbsp;STL_DoRunTimeChecks
<LI><a href="#[36]">&gt;&gt;</a>&nbsp;&nbsp;&nbsp;GPIO_SetBit
<LI><a href="#[34]">&gt;&gt;</a>&nbsp;&nbsp;&nbsp;GPIO_Init
<LI><a href="#[38]">&gt;&gt;</a>&nbsp;&nbsp;&nbsp;GPIO_ClrBit
<LI><a href="#[2f]">&gt;&gt;</a>&nbsp;&nbsp;&nbsp;SerialInit
<LI><a href="#[35]">&gt;&gt;</a>&nbsp;&nbsp;&nbsp;__2printf
<LI><a href="#[39]">&gt;&gt;</a>&nbsp;&nbsp;&nbsp;__aeabi_uidivmod
</UL>
<BR>[Address Reference Count : 1]<UL><LI> entry9a.o(.ARM.Collect$$$$0000000B)
</UL>
<P><STRONG><a name="[5]"></a>SysTick_Handler</STRONG> (Thumb, 204 bytes, Stack size 24 bytes, main.o(.text))
<BR><BR>[Stack]<UL><LI>Max Depth = 48<LI>Call Chain = SysTick_Handler &rArr; putc &rArr; fputc
</UL>
<BR>[Calls]<UL><LI><a href="#[3c]">&gt;&gt;</a>&nbsp;&nbsp;&nbsp;STL_TranspMarchC
<LI><a href="#[3b]">&gt;&gt;</a>&nbsp;&nbsp;&nbsp;FailSafePOR
<LI><a href="#[3d]">&gt;&gt;</a>&nbsp;&nbsp;&nbsp;RTC_GetSubSecond
<LI><a href="#[35]">&gt;&gt;</a>&nbsp;&nbsp;&nbsp;__2printf
<LI><a href="#[3e]">&gt;&gt;</a>&nbsp;&nbsp;&nbsp;putc
</UL>
<BR>[Address Reference Count : 1]<UL><LI> startup_swm260.o(RESET)
</UL>
<P><STRONG><a name="[2a]"></a>fputc</STRONG> (Thumb, 28 bytes, Stack size 16 bytes, main.o(.text))
<BR><BR>[Stack]<UL><LI>Max Depth = 16<LI>Call Chain = fputc
</UL>
<BR>[Calls]<UL><LI><a href="#[3f]">&gt;&gt;</a>&nbsp;&nbsp;&nbsp;UART_WriteByte
<LI><a href="#[40]">&gt;&gt;</a>&nbsp;&nbsp;&nbsp;UART_IsTXBusy
</UL>
<BR>[Called By]<UL><LI><a href="#[3e]">&gt;&gt;</a>&nbsp;&nbsp;&nbsp;putc
</UL>
<BR>[Address Reference Count : 1]<UL><LI> printfb.o(i.__0printf$bare)
</UL>
<P><STRONG><a name="[34]"></a>GPIO_Init</STRONG> (Thumb, 212 bytes, Stack size 40 bytes, swm260_gpio.o(.text))
<BR><BR>[Stack]<UL><LI>Max Depth = 56<LI>Call Chain = GPIO_Init &rArr; PORT_Init
</UL>
<BR>[Calls]<UL><LI><a href="#[30]">&gt;&gt;</a>&nbsp;&nbsp;&nbsp;PORT_Init
</UL>
<BR>[Called By]<UL><LI><a href="#[26]">&gt;&gt;</a>&nbsp;&nbsp;&nbsp;main
</UL>

<P><STRONG><a name="[36]"></a>GPIO_SetBit</STRONG> (Thumb, 10 bytes, Stack size 0 bytes, swm260_gpio.o(.text))
<BR><BR>[Called By]<UL><LI><a href="#[26]">&gt;&gt;</a>&nbsp;&nbsp;&nbsp;main
</UL>

<P><STRONG><a name="[38]"></a>GPIO_ClrBit</STRONG> (Thumb, 10 bytes, Stack size 0 bytes, swm260_gpio.o(.text))
<BR><BR>[Called By]<UL><LI><a href="#[26]">&gt;&gt;</a>&nbsp;&nbsp;&nbsp;main
</UL>

<P><STRONG><a name="[7b]"></a>GPIO_InvBit</STRONG> (Thumb, 14 bytes, Stack size 0 bytes, swm260_gpio.o(.text), UNUSED)

<P><STRONG><a name="[7c]"></a>GPIO_GetBit</STRONG> (Thumb, 8 bytes, Stack size 0 bytes, swm260_gpio.o(.text), UNUSED)

<P><STRONG><a name="[7d]"></a>GPIO_SetBits</STRONG> (Thumb, 22 bytes, Stack size 0 bytes, swm260_gpio.o(.text), UNUSED)

<P><STRONG><a name="[7e]"></a>GPIO_ClrBits</STRONG> (Thumb, 22 bytes, Stack size 0 bytes, swm260_gpio.o(.text), UNUSED)

<P><STRONG><a name="[7f]"></a>GPIO_InvBits</STRONG> (Thumb, 22 bytes, Stack size 0 bytes, swm260_gpio.o(.text), UNUSED)

<P><STRONG><a name="[80]"></a>GPIO_GetBits</STRONG> (Thumb, 16 bytes, Stack size 0 bytes, swm260_gpio.o(.text), UNUSED)

<P><STRONG><a name="[30]"></a>PORT_Init</STRONG> (Thumb, 80 bytes, Stack size 16 bytes, swm260_port.o(.text))
<BR><BR>[Stack]<UL><LI>Max Depth = 16<LI>Call Chain = PORT_Init
</UL>
<BR>[Called By]<UL><LI><a href="#[60]">&gt;&gt;</a>&nbsp;&nbsp;&nbsp;STL_HSEinit
<LI><a href="#[56]">&gt;&gt;</a>&nbsp;&nbsp;&nbsp;switchToXTAL
<LI><a href="#[34]">&gt;&gt;</a>&nbsp;&nbsp;&nbsp;GPIO_Init
<LI><a href="#[2f]">&gt;&gt;</a>&nbsp;&nbsp;&nbsp;SerialInit
</UL>

<P><STRONG><a name="[42]"></a>TIMR_Stop</STRONG> (Thumb, 120 bytes, Stack size 16 bytes, swm260_timr.o(.text))
<BR><BR>[Stack]<UL><LI>Max Depth = 16<LI>Call Chain = TIMR_Stop
</UL>
<BR>[Called By]<UL><LI><a href="#[41]">&gt;&gt;</a>&nbsp;&nbsp;&nbsp;TIMR_Init
</UL>

<P><STRONG><a name="[41]"></a>TIMR_Init</STRONG> (Thumb, 302 bytes, Stack size 40 bytes, swm260_timr.o(.text))
<BR><BR>[Stack]<UL><LI>Max Depth = 56<LI>Call Chain = TIMR_Init &rArr; TIMR_Stop
</UL>
<BR>[Calls]<UL><LI><a href="#[42]">&gt;&gt;</a>&nbsp;&nbsp;&nbsp;TIMR_Stop
<LI><a href="#[43]">&gt;&gt;</a>&nbsp;&nbsp;&nbsp;NVIC_EnableIRQ
</UL>
<BR>[Called By]<UL><LI><a href="#[61]">&gt;&gt;</a>&nbsp;&nbsp;&nbsp;STL_ClockStartUpTest
</UL>

<P><STRONG><a name="[63]"></a>TIMR_Start</STRONG> (Thumb, 118 bytes, Stack size 20 bytes, swm260_timr.o(.text))
<BR><BR>[Stack]<UL><LI>Max Depth = 20<LI>Call Chain = TIMR_Start
</UL>
<BR>[Called By]<UL><LI><a href="#[61]">&gt;&gt;</a>&nbsp;&nbsp;&nbsp;STL_ClockStartUpTest
</UL>

<P><STRONG><a name="[81]"></a>TIMR_Halt</STRONG> (Thumb, 6 bytes, Stack size 0 bytes, swm260_timr.o(.text), UNUSED)

<P><STRONG><a name="[82]"></a>TIMR_Resume</STRONG> (Thumb, 6 bytes, Stack size 0 bytes, swm260_timr.o(.text), UNUSED)

<P><STRONG><a name="[83]"></a>TIMR_SetPeriod</STRONG> (Thumb, 6 bytes, Stack size 0 bytes, swm260_timr.o(.text), UNUSED)

<P><STRONG><a name="[84]"></a>TIMR_GetPeriod</STRONG> (Thumb, 6 bytes, Stack size 0 bytes, swm260_timr.o(.text), UNUSED)

<P><STRONG><a name="[85]"></a>TIMR_GetCurValue</STRONG> (Thumb, 4 bytes, Stack size 0 bytes, swm260_timr.o(.text), UNUSED)

<P><STRONG><a name="[86]"></a>TIMR_INTEn</STRONG> (Thumb, 10 bytes, Stack size 0 bytes, swm260_timr.o(.text), UNUSED)

<P><STRONG><a name="[87]"></a>TIMR_INTDis</STRONG> (Thumb, 10 bytes, Stack size 0 bytes, swm260_timr.o(.text), UNUSED)

<P><STRONG><a name="[88]"></a>TIMR_INTClr</STRONG> (Thumb, 6 bytes, Stack size 0 bytes, swm260_timr.o(.text), UNUSED)

<P><STRONG><a name="[89]"></a>TIMR_INTStat</STRONG> (Thumb, 8 bytes, Stack size 0 bytes, swm260_timr.o(.text), UNUSED)

<P><STRONG><a name="[44]"></a>TIMR_OC_Init</STRONG> (Thumb, 114 bytes, Stack size 8 bytes, swm260_timr.o(.text), UNUSED)
<BR><BR>[Calls]<UL><LI><a href="#[43]">&gt;&gt;</a>&nbsp;&nbsp;&nbsp;NVIC_EnableIRQ
</UL>

<P><STRONG><a name="[8a]"></a>TIMR_OC_OutputEn</STRONG> (Thumb, 10 bytes, Stack size 0 bytes, swm260_timr.o(.text), UNUSED)

<P><STRONG><a name="[8b]"></a>TIMR_OC_OutputDis</STRONG> (Thumb, 32 bytes, Stack size 0 bytes, swm260_timr.o(.text), UNUSED)

<P><STRONG><a name="[8c]"></a>TIMR_OC_SetMatch</STRONG> (Thumb, 4 bytes, Stack size 0 bytes, swm260_timr.o(.text), UNUSED)

<P><STRONG><a name="[8d]"></a>TIMR_OC_GetMatch</STRONG> (Thumb, 4 bytes, Stack size 0 bytes, swm260_timr.o(.text), UNUSED)

<P><STRONG><a name="[8e]"></a>TIMR_OC_INTEn</STRONG> (Thumb, 10 bytes, Stack size 0 bytes, swm260_timr.o(.text), UNUSED)

<P><STRONG><a name="[8f]"></a>TIMR_OC_INTDis</STRONG> (Thumb, 10 bytes, Stack size 0 bytes, swm260_timr.o(.text), UNUSED)

<P><STRONG><a name="[90]"></a>TIMR_OC_INTClr</STRONG> (Thumb, 6 bytes, Stack size 0 bytes, swm260_timr.o(.text), UNUSED)

<P><STRONG><a name="[91]"></a>TIMR_OC_INTStat</STRONG> (Thumb, 8 bytes, Stack size 0 bytes, swm260_timr.o(.text), UNUSED)

<P><STRONG><a name="[45]"></a>TIMR_IC_Init</STRONG> (Thumb, 116 bytes, Stack size 8 bytes, swm260_timr.o(.text), UNUSED)
<BR><BR>[Calls]<UL><LI><a href="#[43]">&gt;&gt;</a>&nbsp;&nbsp;&nbsp;NVIC_EnableIRQ
</UL>

<P><STRONG><a name="[92]"></a>TIMR_IC_GetCaptureH</STRONG> (Thumb, 4 bytes, Stack size 0 bytes, swm260_timr.o(.text), UNUSED)

<P><STRONG><a name="[93]"></a>TIMR_IC_GetCaptureL</STRONG> (Thumb, 4 bytes, Stack size 0 bytes, swm260_timr.o(.text), UNUSED)

<P><STRONG><a name="[94]"></a>TIMR_IC_CaptureH_INTEn</STRONG> (Thumb, 10 bytes, Stack size 0 bytes, swm260_timr.o(.text), UNUSED)

<P><STRONG><a name="[95]"></a>TIMR_IC_CaptureH_INTDis</STRONG> (Thumb, 10 bytes, Stack size 0 bytes, swm260_timr.o(.text), UNUSED)

<P><STRONG><a name="[96]"></a>TIMR_IC_CaptureH_INTClr</STRONG> (Thumb, 6 bytes, Stack size 0 bytes, swm260_timr.o(.text), UNUSED)

<P><STRONG><a name="[97]"></a>TIMR_IC_CaptureH_INTStat</STRONG> (Thumb, 8 bytes, Stack size 0 bytes, swm260_timr.o(.text), UNUSED)

<P><STRONG><a name="[98]"></a>TIMR_IC_CaptureL_INTEn</STRONG> (Thumb, 10 bytes, Stack size 0 bytes, swm260_timr.o(.text), UNUSED)

<P><STRONG><a name="[99]"></a>TIMR_IC_CaptureL_INTDis</STRONG> (Thumb, 10 bytes, Stack size 0 bytes, swm260_timr.o(.text), UNUSED)

<P><STRONG><a name="[9a]"></a>TIMR_IC_CaptureL_INTClr</STRONG> (Thumb, 6 bytes, Stack size 0 bytes, swm260_timr.o(.text), UNUSED)

<P><STRONG><a name="[9b]"></a>TIMR_IC_CaptureL_INTStat</STRONG> (Thumb, 28 bytes, Stack size 0 bytes, swm260_timr.o(.text), UNUSED)

<P><STRONG><a name="[46]"></a>UART_Close</STRONG> (Thumb, 12 bytes, Stack size 0 bytes, swm260_uart.o(.text))
<BR><BR>[Called By]<UL><LI><a href="#[31]">&gt;&gt;</a>&nbsp;&nbsp;&nbsp;UART_Init
</UL>

<P><STRONG><a name="[31]"></a>UART_Init</STRONG> (Thumb, 474 bytes, Stack size 24 bytes, swm260_uart.o(.text))
<BR><BR>[Stack]<UL><LI>Max Depth = 36<LI>Call Chain = UART_Init &rArr; __aeabi_uidivmod
</UL>
<BR>[Calls]<UL><LI><a href="#[46]">&gt;&gt;</a>&nbsp;&nbsp;&nbsp;UART_Close
<LI><a href="#[48]">&gt;&gt;</a>&nbsp;&nbsp;&nbsp;NVIC_DisableIRQ
<LI><a href="#[47]">&gt;&gt;</a>&nbsp;&nbsp;&nbsp;NVIC_EnableIRQ
<LI><a href="#[39]">&gt;&gt;</a>&nbsp;&nbsp;&nbsp;__aeabi_uidivmod
</UL>
<BR>[Called By]<UL><LI><a href="#[2f]">&gt;&gt;</a>&nbsp;&nbsp;&nbsp;SerialInit
</UL>

<P><STRONG><a name="[32]"></a>UART_Open</STRONG> (Thumb, 12 bytes, Stack size 0 bytes, swm260_uart.o(.text))
<BR><BR>[Called By]<UL><LI><a href="#[2f]">&gt;&gt;</a>&nbsp;&nbsp;&nbsp;SerialInit
</UL>

<P><STRONG><a name="[3f]"></a>UART_WriteByte</STRONG> (Thumb, 4 bytes, Stack size 0 bytes, swm260_uart.o(.text))
<BR><BR>[Called By]<UL><LI><a href="#[2a]">&gt;&gt;</a>&nbsp;&nbsp;&nbsp;fputc
</UL>

<P><STRONG><a name="[9c]"></a>UART_ReadByte</STRONG> (Thumb, 20 bytes, Stack size 0 bytes, swm260_uart.o(.text), UNUSED)

<P><STRONG><a name="[40]"></a>UART_IsTXBusy</STRONG> (Thumb, 32 bytes, Stack size 0 bytes, swm260_uart.o(.text))
<BR><BR>[Called By]<UL><LI><a href="#[2a]">&gt;&gt;</a>&nbsp;&nbsp;&nbsp;fputc
</UL>

<P><STRONG><a name="[9d]"></a>UART_IsRXFIFOEmpty</STRONG> (Thumb, 10 bytes, Stack size 0 bytes, swm260_uart.o(.text), UNUSED)

<P><STRONG><a name="[9e]"></a>UART_IsTXFIFOFull</STRONG> (Thumb, 8 bytes, Stack size 0 bytes, swm260_uart.o(.text), UNUSED)

<P><STRONG><a name="[49]"></a>UART_SetBaudrate</STRONG> (Thumb, 74 bytes, Stack size 8 bytes, swm260_uart.o(.text), UNUSED)
<BR><BR>[Calls]<UL><LI><a href="#[39]">&gt;&gt;</a>&nbsp;&nbsp;&nbsp;__aeabi_uidivmod
</UL>

<P><STRONG><a name="[4a]"></a>UART_GetBaudrate</STRONG> (Thumb, 64 bytes, Stack size 8 bytes, swm260_uart.o(.text), UNUSED)
<BR><BR>[Calls]<UL><LI><a href="#[39]">&gt;&gt;</a>&nbsp;&nbsp;&nbsp;__aeabi_uidivmod
</UL>

<P><STRONG><a name="[9f]"></a>UART_CTSConfig</STRONG> (Thumb, 22 bytes, Stack size 8 bytes, swm260_uart.o(.text), UNUSED)

<P><STRONG><a name="[a0]"></a>UART_CTSLineState</STRONG> (Thumb, 8 bytes, Stack size 0 bytes, swm260_uart.o(.text), UNUSED)

<P><STRONG><a name="[a1]"></a>UART_RTSConfig</STRONG> (Thumb, 28 bytes, Stack size 12 bytes, swm260_uart.o(.text), UNUSED)

<P><STRONG><a name="[a2]"></a>UART_RTSLineState</STRONG> (Thumb, 8 bytes, Stack size 0 bytes, swm260_uart.o(.text), UNUSED)

<P><STRONG><a name="[a3]"></a>UART_LINConfig</STRONG> (Thumb, 22 bytes, Stack size 8 bytes, swm260_uart.o(.text), UNUSED)

<P><STRONG><a name="[a4]"></a>UART_LINGenerate</STRONG> (Thumb, 10 bytes, Stack size 0 bytes, swm260_uart.o(.text), UNUSED)

<P><STRONG><a name="[a5]"></a>UART_LINIsDetected</STRONG> (Thumb, 8 bytes, Stack size 0 bytes, swm260_uart.o(.text), UNUSED)

<P><STRONG><a name="[a6]"></a>UART_LINIsGenerated</STRONG> (Thumb, 8 bytes, Stack size 0 bytes, swm260_uart.o(.text), UNUSED)

<P><STRONG><a name="[a7]"></a>UART_ABRStart</STRONG> (Thumb, 90 bytes, Stack size 0 bytes, swm260_uart.o(.text), UNUSED)

<P><STRONG><a name="[a8]"></a>UART_ABRIsDone</STRONG> (Thumb, 24 bytes, Stack size 0 bytes, swm260_uart.o(.text), UNUSED)

<P><STRONG><a name="[a9]"></a>UART_INTEn</STRONG> (Thumb, 8 bytes, Stack size 0 bytes, swm260_uart.o(.text), UNUSED)

<P><STRONG><a name="[aa]"></a>UART_INTDis</STRONG> (Thumb, 8 bytes, Stack size 0 bytes, swm260_uart.o(.text), UNUSED)

<P><STRONG><a name="[ab]"></a>UART_INTStat</STRONG> (Thumb, 48 bytes, Stack size 0 bytes, swm260_uart.o(.text), UNUSED)

<P><STRONG><a name="[4e]"></a>WDT_Init</STRONG> (Thumb, 78 bytes, Stack size 16 bytes, swm260_wdt.o(.text))
<BR><BR>[Stack]<UL><LI>Max Depth = 16<LI>Call Chain = WDT_Init
</UL>
<BR>[Called By]<UL><LI><a href="#[4b]">&gt;&gt;</a>&nbsp;&nbsp;&nbsp;WDT_ReInit
<LI><a href="#[37]">&gt;&gt;</a>&nbsp;&nbsp;&nbsp;STL_InitRunTimeChecks
<LI><a href="#[6d]">&gt;&gt;</a>&nbsp;&nbsp;&nbsp;STL_WDGSelfTest
</UL>

<P><STRONG><a name="[4d]"></a>WDT_Stop</STRONG> (Thumb, 10 bytes, Stack size 0 bytes, swm260_wdt.o(.text), UNUSED)
<BR><BR>[Called By]<UL><LI><a href="#[4b]">&gt;&gt;</a>&nbsp;&nbsp;&nbsp;WDT_ReInit
</UL>

<P><STRONG><a name="[4c]"></a>WDT_Feed</STRONG> (Thumb, 12 bytes, Stack size 0 bytes, swm260_wdt.o(.text))
<BR><BR>[Called By]<UL><LI><a href="#[4b]">&gt;&gt;</a>&nbsp;&nbsp;&nbsp;WDT_ReInit
<LI><a href="#[3a]">&gt;&gt;</a>&nbsp;&nbsp;&nbsp;STL_DoRunTimeChecks
<LI><a href="#[3b]">&gt;&gt;</a>&nbsp;&nbsp;&nbsp;FailSafePOR
</UL>

<P><STRONG><a name="[4b]"></a>WDT_ReInit</STRONG> (Thumb, 52 bytes, Stack size 16 bytes, swm260_wdt.o(.text), UNUSED)
<BR><BR>[Calls]<UL><LI><a href="#[4c]">&gt;&gt;</a>&nbsp;&nbsp;&nbsp;WDT_Feed
<LI><a href="#[4d]">&gt;&gt;</a>&nbsp;&nbsp;&nbsp;WDT_Stop
<LI><a href="#[4e]">&gt;&gt;</a>&nbsp;&nbsp;&nbsp;WDT_Init
</UL>

<P><STRONG><a name="[69]"></a>WDT_Start</STRONG> (Thumb, 10 bytes, Stack size 0 bytes, swm260_wdt.o(.text))
<BR><BR>[Called By]<UL><LI><a href="#[37]">&gt;&gt;</a>&nbsp;&nbsp;&nbsp;STL_InitRunTimeChecks
<LI><a href="#[6d]">&gt;&gt;</a>&nbsp;&nbsp;&nbsp;STL_WDGSelfTest
</UL>

<P><STRONG><a name="[ac]"></a>WDT_INTClr</STRONG> (Thumb, 6 bytes, Stack size 0 bytes, swm260_wdt.o(.text), UNUSED)

<P><STRONG><a name="[ad]"></a>WDT_INTStat</STRONG> (Thumb, 4 bytes, Stack size 0 bytes, swm260_wdt.o(.text), UNUSED)

<P><STRONG><a name="[4f]"></a>SystemCoreClockUpdate</STRONG> (Thumb, 142 bytes, Stack size 24 bytes, system_swm260.o(.text))
<BR><BR>[Stack]<UL><LI>Max Depth = 36<LI>Call Chain = SystemCoreClockUpdate &rArr; __aeabi_uidivmod
</UL>
<BR>[Calls]<UL><LI><a href="#[50]">&gt;&gt;</a>&nbsp;&nbsp;&nbsp;__ARM_common_switch8
<LI><a href="#[39]">&gt;&gt;</a>&nbsp;&nbsp;&nbsp;__aeabi_uidivmod
</UL>
<BR>[Called By]<UL><LI><a href="#[33]">&gt;&gt;</a>&nbsp;&nbsp;&nbsp;SystemInit
</UL>

<P><STRONG><a name="[52]"></a>switchTo24MHz</STRONG> (Thumb, 16 bytes, Stack size 0 bytes, system_swm260.o(.text), UNUSED)
<BR><BR>[Called By]<UL><LI><a href="#[59]">&gt;&gt;</a>&nbsp;&nbsp;&nbsp;switchTo3MHz
<LI><a href="#[56]">&gt;&gt;</a>&nbsp;&nbsp;&nbsp;switchToXTAL
<LI><a href="#[54]">&gt;&gt;</a>&nbsp;&nbsp;&nbsp;switchToPLL
<LI><a href="#[53]">&gt;&gt;</a>&nbsp;&nbsp;&nbsp;switchTo32KHz
<LI><a href="#[51]">&gt;&gt;</a>&nbsp;&nbsp;&nbsp;switchToXTAL_32K
</UL>

<P><STRONG><a name="[51]"></a>switchToXTAL_32K</STRONG> (Thumb, 72 bytes, Stack size 4 bytes, system_swm260.o(.text), UNUSED)
<BR><BR>[Calls]<UL><LI><a href="#[52]">&gt;&gt;</a>&nbsp;&nbsp;&nbsp;switchTo24MHz
</UL>

<P><STRONG><a name="[53]"></a>switchTo32KHz</STRONG> (Thumb, 48 bytes, Stack size 4 bytes, system_swm260.o(.text), UNUSED)
<BR><BR>[Calls]<UL><LI><a href="#[52]">&gt;&gt;</a>&nbsp;&nbsp;&nbsp;switchTo24MHz
</UL>

<P><STRONG><a name="[55]"></a>PLLInit</STRONG> (Thumb, 56 bytes, Stack size 0 bytes, system_swm260.o(.text), UNUSED)
<BR><BR>[Called By]<UL><LI><a href="#[54]">&gt;&gt;</a>&nbsp;&nbsp;&nbsp;switchToPLL
</UL>

<P><STRONG><a name="[54]"></a>switchToPLL</STRONG> (Thumb, 64 bytes, Stack size 8 bytes, system_swm260.o(.text), UNUSED)
<BR><BR>[Calls]<UL><LI><a href="#[55]">&gt;&gt;</a>&nbsp;&nbsp;&nbsp;PLLInit
<LI><a href="#[52]">&gt;&gt;</a>&nbsp;&nbsp;&nbsp;switchTo24MHz
</UL>

<P><STRONG><a name="[56]"></a>switchToXTAL</STRONG> (Thumb, 110 bytes, Stack size 16 bytes, system_swm260.o(.text), UNUSED)
<BR><BR>[Calls]<UL><LI><a href="#[52]">&gt;&gt;</a>&nbsp;&nbsp;&nbsp;switchTo24MHz
<LI><a href="#[30]">&gt;&gt;</a>&nbsp;&nbsp;&nbsp;PORT_Init
</UL>

<P><STRONG><a name="[58]"></a>switchTo48MHz</STRONG> (Thumb, 18 bytes, Stack size 0 bytes, system_swm260.o(.text))
<BR><BR>[Called By]<UL><LI><a href="#[61]">&gt;&gt;</a>&nbsp;&nbsp;&nbsp;STL_ClockStartUpTest
<LI><a href="#[5e]">&gt;&gt;</a>&nbsp;&nbsp;&nbsp;STL_CheckPeriod
<LI><a href="#[57]">&gt;&gt;</a>&nbsp;&nbsp;&nbsp;switchTo6MHz
<LI><a href="#[33]">&gt;&gt;</a>&nbsp;&nbsp;&nbsp;SystemInit
</UL>

<P><STRONG><a name="[57]"></a>switchTo6MHz</STRONG> (Thumb, 46 bytes, Stack size 4 bytes, system_swm260.o(.text), UNUSED)
<BR><BR>[Calls]<UL><LI><a href="#[58]">&gt;&gt;</a>&nbsp;&nbsp;&nbsp;switchTo48MHz
</UL>

<P><STRONG><a name="[59]"></a>switchTo3MHz</STRONG> (Thumb, 46 bytes, Stack size 4 bytes, system_swm260.o(.text), UNUSED)
<BR><BR>[Calls]<UL><LI><a href="#[52]">&gt;&gt;</a>&nbsp;&nbsp;&nbsp;switchTo24MHz
</UL>

<P><STRONG><a name="[33]"></a>SystemInit</STRONG> (Thumb, 24 bytes, Stack size 8 bytes, system_swm260.o(.text))
<BR><BR>[Stack]<UL><LI>Max Depth = 44<LI>Call Chain = SystemInit &rArr; SystemCoreClockUpdate &rArr; __aeabi_uidivmod
</UL>
<BR>[Calls]<UL><LI><a href="#[58]">&gt;&gt;</a>&nbsp;&nbsp;&nbsp;switchTo48MHz
<LI><a href="#[4f]">&gt;&gt;</a>&nbsp;&nbsp;&nbsp;SystemCoreClockUpdate
</UL>
<BR>[Called By]<UL><LI><a href="#[26]">&gt;&gt;</a>&nbsp;&nbsp;&nbsp;main
</UL>

<P><STRONG><a name="[71]"></a>Reset_Handler</STRONG> (Thumb, 4 bytes, Stack size 0 bytes, startup_swm260.o(.text))
<BR><BR>[Called By]<UL><LI><a href="#[0]">&gt;&gt;</a>&nbsp;&nbsp;&nbsp;STL_StartUp
</UL>

<P><STRONG><a name="[1]"></a>NMI_Handler</STRONG> (Thumb, 2 bytes, Stack size 0 bytes, startup_swm260.o(.text))
<BR><BR>[Calls]<UL><LI><a href="#[1]">&gt;&gt;</a>&nbsp;&nbsp;&nbsp;NMI_Handler
</UL>
<BR>[Called By]<UL><LI><a href="#[1]">&gt;&gt;</a>&nbsp;&nbsp;&nbsp;NMI_Handler
</UL>
<BR>[Address Reference Count : 1]<UL><LI> startup_swm260.o(RESET)
</UL>
<P><STRONG><a name="[2]"></a>HardFault_Handler</STRONG> (Thumb, 2 bytes, Stack size 0 bytes, startup_swm260.o(.text))
<BR><BR>[Calls]<UL><LI><a href="#[2]">&gt;&gt;</a>&nbsp;&nbsp;&nbsp;HardFault_Handler
</UL>
<BR>[Called By]<UL><LI><a href="#[2]">&gt;&gt;</a>&nbsp;&nbsp;&nbsp;HardFault_Handler
</UL>
<BR>[Address Reference Count : 1]<UL><LI> startup_swm260.o(RESET)
</UL>
<P><STRONG><a name="[3]"></a>SVC_Handler</STRONG> (Thumb, 2 bytes, Stack size 0 bytes, startup_swm260.o(.text))
<BR><BR>[Calls]<UL><LI><a href="#[3]">&gt;&gt;</a>&nbsp;&nbsp;&nbsp;SVC_Handler
</UL>
<BR>[Called By]<UL><LI><a href="#[3]">&gt;&gt;</a>&nbsp;&nbsp;&nbsp;SVC_Handler
</UL>
<BR>[Address Reference Count : 1]<UL><LI> startup_swm260.o(RESET)
</UL>
<P><STRONG><a name="[4]"></a>PendSV_Handler</STRONG> (Thumb, 2 bytes, Stack size 0 bytes, startup_swm260.o(.text))
<BR><BR>[Calls]<UL><LI><a href="#[4]">&gt;&gt;</a>&nbsp;&nbsp;&nbsp;PendSV_Handler
</UL>
<BR>[Called By]<UL><LI><a href="#[4]">&gt;&gt;</a>&nbsp;&nbsp;&nbsp;PendSV_Handler
</UL>
<BR>[Address Reference Count : 1]<UL><LI> startup_swm260.o(RESET)
</UL>
<P><STRONG><a name="[6]"></a>UART0_Handler</STRONG> (Thumb, 2 bytes, Stack size 0 bytes, startup_swm260.o(.text))
<BR><BR>[Calls]<UL><LI><a href="#[6]">&gt;&gt;</a>&nbsp;&nbsp;&nbsp;UART0_Handler
</UL>
<BR>[Called By]<UL><LI><a href="#[6]">&gt;&gt;</a>&nbsp;&nbsp;&nbsp;UART0_Handler
</UL>
<BR>[Address Reference Count : 1]<UL><LI> startup_swm260.o(RESET)
</UL>
<P><STRONG><a name="[7]"></a>TIMR0_Handler</STRONG> (Thumb, 2 bytes, Stack size 0 bytes, startup_swm260.o(.text))
<BR><BR>[Calls]<UL><LI><a href="#[7]">&gt;&gt;</a>&nbsp;&nbsp;&nbsp;TIMR0_Handler
</UL>
<BR>[Called By]<UL><LI><a href="#[7]">&gt;&gt;</a>&nbsp;&nbsp;&nbsp;TIMR0_Handler
</UL>
<BR>[Address Reference Count : 1]<UL><LI> startup_swm260.o(RESET)
</UL>
<P><STRONG><a name="[8]"></a>SPI0_Handler</STRONG> (Thumb, 2 bytes, Stack size 0 bytes, startup_swm260.o(.text))
<BR><BR>[Calls]<UL><LI><a href="#[8]">&gt;&gt;</a>&nbsp;&nbsp;&nbsp;SPI0_Handler
</UL>
<BR>[Called By]<UL><LI><a href="#[8]">&gt;&gt;</a>&nbsp;&nbsp;&nbsp;SPI0_Handler
</UL>
<BR>[Address Reference Count : 1]<UL><LI> startup_swm260.o(RESET)
</UL>
<P><STRONG><a name="[9]"></a>UART1_Handler</STRONG> (Thumb, 2 bytes, Stack size 0 bytes, startup_swm260.o(.text))
<BR><BR>[Calls]<UL><LI><a href="#[9]">&gt;&gt;</a>&nbsp;&nbsp;&nbsp;UART1_Handler
</UL>
<BR>[Called By]<UL><LI><a href="#[9]">&gt;&gt;</a>&nbsp;&nbsp;&nbsp;UART1_Handler
</UL>
<BR>[Address Reference Count : 1]<UL><LI> startup_swm260.o(RESET)
</UL>
<P><STRONG><a name="[a]"></a>UART2_Handler</STRONG> (Thumb, 2 bytes, Stack size 0 bytes, startup_swm260.o(.text))
<BR><BR>[Calls]<UL><LI><a href="#[a]">&gt;&gt;</a>&nbsp;&nbsp;&nbsp;UART2_Handler
</UL>
<BR>[Called By]<UL><LI><a href="#[a]">&gt;&gt;</a>&nbsp;&nbsp;&nbsp;UART2_Handler
</UL>
<BR>[Address Reference Count : 1]<UL><LI> startup_swm260.o(RESET)
</UL>
<P><STRONG><a name="[b]"></a>TIMR1_Handler</STRONG> (Thumb, 2 bytes, Stack size 0 bytes, startup_swm260.o(.text))
<BR><BR>[Calls]<UL><LI><a href="#[b]">&gt;&gt;</a>&nbsp;&nbsp;&nbsp;TIMR1_Handler
</UL>
<BR>[Called By]<UL><LI><a href="#[b]">&gt;&gt;</a>&nbsp;&nbsp;&nbsp;TIMR1_Handler
</UL>
<BR>[Address Reference Count : 1]<UL><LI> startup_swm260.o(RESET)
</UL>
<P><STRONG><a name="[c]"></a>DMA_Handler</STRONG> (Thumb, 2 bytes, Stack size 0 bytes, startup_swm260.o(.text))
<BR><BR>[Calls]<UL><LI><a href="#[c]">&gt;&gt;</a>&nbsp;&nbsp;&nbsp;DMA_Handler
</UL>
<BR>[Called By]<UL><LI><a href="#[c]">&gt;&gt;</a>&nbsp;&nbsp;&nbsp;DMA_Handler
</UL>
<BR>[Address Reference Count : 1]<UL><LI> startup_swm260.o(RESET)
</UL>
<P><STRONG><a name="[d]"></a>PWM0_Handler</STRONG> (Thumb, 2 bytes, Stack size 0 bytes, startup_swm260.o(.text))
<BR><BR>[Calls]<UL><LI><a href="#[d]">&gt;&gt;</a>&nbsp;&nbsp;&nbsp;PWM0_Handler
</UL>
<BR>[Called By]<UL><LI><a href="#[d]">&gt;&gt;</a>&nbsp;&nbsp;&nbsp;PWM0_Handler
</UL>
<BR>[Address Reference Count : 1]<UL><LI> startup_swm260.o(RESET)
</UL>
<P><STRONG><a name="[e]"></a>BTIMR0_Handler</STRONG> (Thumb, 2 bytes, Stack size 0 bytes, startup_swm260.o(.text))
<BR><BR>[Calls]<UL><LI><a href="#[e]">&gt;&gt;</a>&nbsp;&nbsp;&nbsp;BTIMR0_Handler
</UL>
<BR>[Called By]<UL><LI><a href="#[e]">&gt;&gt;</a>&nbsp;&nbsp;&nbsp;BTIMR0_Handler
</UL>
<BR>[Address Reference Count : 1]<UL><LI> startup_swm260.o(RESET)
</UL>
<P><STRONG><a name="[f]"></a>TIMR2_Handler</STRONG> (Thumb, 2 bytes, Stack size 0 bytes, startup_swm260.o(.text))
<BR><BR>[Calls]<UL><LI><a href="#[f]">&gt;&gt;</a>&nbsp;&nbsp;&nbsp;TIMR2_Handler
</UL>
<BR>[Called By]<UL><LI><a href="#[f]">&gt;&gt;</a>&nbsp;&nbsp;&nbsp;TIMR2_Handler
</UL>
<BR>[Address Reference Count : 1]<UL><LI> startup_swm260.o(RESET)
</UL>
<P><STRONG><a name="[10]"></a>TIMR3_Handler</STRONG> (Thumb, 2 bytes, Stack size 0 bytes, startup_swm260.o(.text))
<BR><BR>[Calls]<UL><LI><a href="#[10]">&gt;&gt;</a>&nbsp;&nbsp;&nbsp;TIMR3_Handler
</UL>
<BR>[Called By]<UL><LI><a href="#[10]">&gt;&gt;</a>&nbsp;&nbsp;&nbsp;TIMR3_Handler
</UL>
<BR>[Address Reference Count : 1]<UL><LI> startup_swm260.o(RESET)
</UL>
<P><STRONG><a name="[11]"></a>WDT_Handler</STRONG> (Thumb, 2 bytes, Stack size 0 bytes, startup_swm260.o(.text))
<BR><BR>[Calls]<UL><LI><a href="#[11]">&gt;&gt;</a>&nbsp;&nbsp;&nbsp;WDT_Handler
</UL>
<BR>[Called By]<UL><LI><a href="#[11]">&gt;&gt;</a>&nbsp;&nbsp;&nbsp;WDT_Handler
</UL>
<BR>[Address Reference Count : 1]<UL><LI> startup_swm260.o(RESET)
</UL>
<P><STRONG><a name="[12]"></a>I2C4_Handler</STRONG> (Thumb, 2 bytes, Stack size 0 bytes, startup_swm260.o(.text))
<BR><BR>[Calls]<UL><LI><a href="#[12]">&gt;&gt;</a>&nbsp;&nbsp;&nbsp;I2C4_Handler
</UL>
<BR>[Called By]<UL><LI><a href="#[12]">&gt;&gt;</a>&nbsp;&nbsp;&nbsp;I2C4_Handler
</UL>
<BR>[Address Reference Count : 1]<UL><LI> startup_swm260.o(RESET)
</UL>
<P><STRONG><a name="[13]"></a>UART3_Handler</STRONG> (Thumb, 2 bytes, Stack size 0 bytes, startup_swm260.o(.text))
<BR><BR>[Calls]<UL><LI><a href="#[13]">&gt;&gt;</a>&nbsp;&nbsp;&nbsp;UART3_Handler
</UL>
<BR>[Called By]<UL><LI><a href="#[13]">&gt;&gt;</a>&nbsp;&nbsp;&nbsp;UART3_Handler
</UL>
<BR>[Address Reference Count : 1]<UL><LI> startup_swm260.o(RESET)
</UL>
<P><STRONG><a name="[14]"></a>ADC0_Handler</STRONG> (Thumb, 2 bytes, Stack size 0 bytes, startup_swm260.o(.text))
<BR><BR>[Calls]<UL><LI><a href="#[14]">&gt;&gt;</a>&nbsp;&nbsp;&nbsp;ADC0_Handler
</UL>
<BR>[Called By]<UL><LI><a href="#[14]">&gt;&gt;</a>&nbsp;&nbsp;&nbsp;ADC0_Handler
</UL>
<BR>[Address Reference Count : 1]<UL><LI> startup_swm260.o(RESET)
</UL>
<P><STRONG><a name="[15]"></a>BTIMR1_Handler</STRONG> (Thumb, 2 bytes, Stack size 0 bytes, startup_swm260.o(.text))
<BR><BR>[Calls]<UL><LI><a href="#[15]">&gt;&gt;</a>&nbsp;&nbsp;&nbsp;BTIMR1_Handler
</UL>
<BR>[Called By]<UL><LI><a href="#[15]">&gt;&gt;</a>&nbsp;&nbsp;&nbsp;BTIMR1_Handler
</UL>
<BR>[Address Reference Count : 1]<UL><LI> startup_swm260.o(RESET)
</UL>
<P><STRONG><a name="[16]"></a>GPIOA9_GPIOC6_Handler</STRONG> (Thumb, 2 bytes, Stack size 0 bytes, startup_swm260.o(.text))
<BR><BR>[Calls]<UL><LI><a href="#[16]">&gt;&gt;</a>&nbsp;&nbsp;&nbsp;GPIOA9_GPIOC6_Handler
</UL>
<BR>[Called By]<UL><LI><a href="#[16]">&gt;&gt;</a>&nbsp;&nbsp;&nbsp;GPIOA9_GPIOC6_Handler
</UL>
<BR>[Address Reference Count : 1]<UL><LI> startup_swm260.o(RESET)
</UL>
<P><STRONG><a name="[17]"></a>GPIOA6_GPIOC7_Handler</STRONG> (Thumb, 2 bytes, Stack size 0 bytes, startup_swm260.o(.text))
<BR><BR>[Calls]<UL><LI><a href="#[17]">&gt;&gt;</a>&nbsp;&nbsp;&nbsp;GPIOA6_GPIOC7_Handler
</UL>
<BR>[Called By]<UL><LI><a href="#[17]">&gt;&gt;</a>&nbsp;&nbsp;&nbsp;GPIOA6_GPIOC7_Handler
</UL>
<BR>[Address Reference Count : 1]<UL><LI> startup_swm260.o(RESET)
</UL>
<P><STRONG><a name="[18]"></a>GPIOA7_GPIOC8_Handler</STRONG> (Thumb, 2 bytes, Stack size 0 bytes, startup_swm260.o(.text))
<BR><BR>[Calls]<UL><LI><a href="#[18]">&gt;&gt;</a>&nbsp;&nbsp;&nbsp;GPIOA7_GPIOC8_Handler
</UL>
<BR>[Called By]<UL><LI><a href="#[18]">&gt;&gt;</a>&nbsp;&nbsp;&nbsp;GPIOA7_GPIOC8_Handler
</UL>
<BR>[Address Reference Count : 1]<UL><LI> startup_swm260.o(RESET)
</UL>
<P><STRONG><a name="[19]"></a>GPIOA8_GPIOC9_Handler</STRONG> (Thumb, 2 bytes, Stack size 0 bytes, startup_swm260.o(.text))
<BR><BR>[Calls]<UL><LI><a href="#[19]">&gt;&gt;</a>&nbsp;&nbsp;&nbsp;GPIOA8_GPIOC9_Handler
</UL>
<BR>[Called By]<UL><LI><a href="#[19]">&gt;&gt;</a>&nbsp;&nbsp;&nbsp;GPIOA8_GPIOC9_Handler
</UL>
<BR>[Address Reference Count : 1]<UL><LI> startup_swm260.o(RESET)
</UL>
<P><STRONG><a name="[1a]"></a>GPIOA10_GPIOC10_Handler</STRONG> (Thumb, 2 bytes, Stack size 0 bytes, startup_swm260.o(.text))
<BR><BR>[Calls]<UL><LI><a href="#[1a]">&gt;&gt;</a>&nbsp;&nbsp;&nbsp;GPIOA10_GPIOC10_Handler
</UL>
<BR>[Called By]<UL><LI><a href="#[1a]">&gt;&gt;</a>&nbsp;&nbsp;&nbsp;GPIOA10_GPIOC10_Handler
</UL>
<BR>[Address Reference Count : 1]<UL><LI> startup_swm260.o(RESET)
</UL>
<P><STRONG><a name="[1b]"></a>GPIOA13_GPIOC12_Handler</STRONG> (Thumb, 2 bytes, Stack size 0 bytes, startup_swm260.o(.text))
<BR><BR>[Calls]<UL><LI><a href="#[1b]">&gt;&gt;</a>&nbsp;&nbsp;&nbsp;GPIOA13_GPIOC12_Handler
</UL>
<BR>[Called By]<UL><LI><a href="#[1b]">&gt;&gt;</a>&nbsp;&nbsp;&nbsp;GPIOA13_GPIOC12_Handler
</UL>
<BR>[Address Reference Count : 1]<UL><LI> startup_swm260.o(RESET)
</UL>
<P><STRONG><a name="[1c]"></a>GPIOA12_GPIOC13_Handler</STRONG> (Thumb, 2 bytes, Stack size 0 bytes, startup_swm260.o(.text))
<BR><BR>[Calls]<UL><LI><a href="#[1c]">&gt;&gt;</a>&nbsp;&nbsp;&nbsp;GPIOA12_GPIOC13_Handler
</UL>
<BR>[Called By]<UL><LI><a href="#[1c]">&gt;&gt;</a>&nbsp;&nbsp;&nbsp;GPIOA12_GPIOC13_Handler
</UL>
<BR>[Address Reference Count : 1]<UL><LI> startup_swm260.o(RESET)
</UL>
<P><STRONG><a name="[1d]"></a>GPIOA11_GPIOC14_Handler</STRONG> (Thumb, 2 bytes, Stack size 0 bytes, startup_swm260.o(.text))
<BR><BR>[Calls]<UL><LI><a href="#[1d]">&gt;&gt;</a>&nbsp;&nbsp;&nbsp;GPIOA11_GPIOC14_Handler
</UL>
<BR>[Called By]<UL><LI><a href="#[1d]">&gt;&gt;</a>&nbsp;&nbsp;&nbsp;GPIOA11_GPIOC14_Handler
</UL>
<BR>[Address Reference Count : 1]<UL><LI> startup_swm260.o(RESET)
</UL>
<P><STRONG><a name="[1e]"></a>XTALSTOPDET_GPIOC0_Handler</STRONG> (Thumb, 2 bytes, Stack size 0 bytes, startup_swm260.o(.text))
<BR><BR>[Calls]<UL><LI><a href="#[1e]">&gt;&gt;</a>&nbsp;&nbsp;&nbsp;XTALSTOPDET_GPIOC0_Handler
</UL>
<BR>[Called By]<UL><LI><a href="#[1e]">&gt;&gt;</a>&nbsp;&nbsp;&nbsp;XTALSTOPDET_GPIOC0_Handler
</UL>
<BR>[Address Reference Count : 1]<UL><LI> startup_swm260.o(RESET)
</UL>
<P><STRONG><a name="[1f]"></a>BTIMR2_GPIOB12_Handler</STRONG> (Thumb, 2 bytes, Stack size 0 bytes, startup_swm260.o(.text))
<BR><BR>[Calls]<UL><LI><a href="#[1f]">&gt;&gt;</a>&nbsp;&nbsp;&nbsp;BTIMR2_GPIOB12_Handler
</UL>
<BR>[Called By]<UL><LI><a href="#[1f]">&gt;&gt;</a>&nbsp;&nbsp;&nbsp;BTIMR2_GPIOB12_Handler
</UL>
<BR>[Address Reference Count : 1]<UL><LI> startup_swm260.o(RESET)
</UL>
<P><STRONG><a name="[20]"></a>PWM1_GPIOA1_Handler</STRONG> (Thumb, 2 bytes, Stack size 0 bytes, startup_swm260.o(.text))
<BR><BR>[Calls]<UL><LI><a href="#[20]">&gt;&gt;</a>&nbsp;&nbsp;&nbsp;PWM1_GPIOA1_Handler
</UL>
<BR>[Called By]<UL><LI><a href="#[20]">&gt;&gt;</a>&nbsp;&nbsp;&nbsp;PWM1_GPIOA1_Handler
</UL>
<BR>[Address Reference Count : 1]<UL><LI> startup_swm260.o(RESET)
</UL>
<P><STRONG><a name="[21]"></a>PWM2_UART4_Handler</STRONG> (Thumb, 2 bytes, Stack size 0 bytes, startup_swm260.o(.text))
<BR><BR>[Calls]<UL><LI><a href="#[21]">&gt;&gt;</a>&nbsp;&nbsp;&nbsp;PWM2_UART4_Handler
</UL>
<BR>[Called By]<UL><LI><a href="#[21]">&gt;&gt;</a>&nbsp;&nbsp;&nbsp;PWM2_UART4_Handler
</UL>
<BR>[Address Reference Count : 1]<UL><LI> startup_swm260.o(RESET)
</UL>
<P><STRONG><a name="[22]"></a>BOD_PWMHALT_Handler</STRONG> (Thumb, 2 bytes, Stack size 0 bytes, startup_swm260.o(.text))
<BR><BR>[Calls]<UL><LI><a href="#[22]">&gt;&gt;</a>&nbsp;&nbsp;&nbsp;BOD_PWMHALT_Handler
</UL>
<BR>[Called By]<UL><LI><a href="#[22]">&gt;&gt;</a>&nbsp;&nbsp;&nbsp;BOD_PWMHALT_Handler
</UL>
<BR>[Address Reference Count : 1]<UL><LI> startup_swm260.o(RESET)
</UL>
<P><STRONG><a name="[23]"></a>PWM3_GPIOB_ACMP_Handler</STRONG> (Thumb, 2 bytes, Stack size 0 bytes, startup_swm260.o(.text))
<BR><BR>[Calls]<UL><LI><a href="#[23]">&gt;&gt;</a>&nbsp;&nbsp;&nbsp;PWM3_GPIOB_ACMP_Handler
</UL>
<BR>[Called By]<UL><LI><a href="#[23]">&gt;&gt;</a>&nbsp;&nbsp;&nbsp;PWM3_GPIOB_ACMP_Handler
</UL>
<BR>[Address Reference Count : 1]<UL><LI> startup_swm260.o(RESET)
</UL>
<P><STRONG><a name="[24]"></a>SPI1_HALL_GPIOD_Handler</STRONG> (Thumb, 2 bytes, Stack size 0 bytes, startup_swm260.o(.text))
<BR><BR>[Calls]<UL><LI><a href="#[24]">&gt;&gt;</a>&nbsp;&nbsp;&nbsp;SPI1_HALL_GPIOD_Handler
</UL>
<BR>[Called By]<UL><LI><a href="#[24]">&gt;&gt;</a>&nbsp;&nbsp;&nbsp;SPI1_HALL_GPIOD_Handler
</UL>
<BR>[Address Reference Count : 1]<UL><LI> startup_swm260.o(RESET)
</UL>
<P><STRONG><a name="[25]"></a>BTIMR3_RTC_Handler</STRONG> (Thumb, 2 bytes, Stack size 0 bytes, startup_swm260.o(.text))
<BR><BR>[Calls]<UL><LI><a href="#[25]">&gt;&gt;</a>&nbsp;&nbsp;&nbsp;BTIMR3_RTC_Handler
</UL>
<BR>[Called By]<UL><LI><a href="#[25]">&gt;&gt;</a>&nbsp;&nbsp;&nbsp;BTIMR3_RTC_Handler
</UL>
<BR>[Address Reference Count : 1]<UL><LI> startup_swm260.o(RESET)
</UL>
<P><STRONG><a name="[5a]"></a>STL_SysTickConfig</STRONG> (Thumb, 36 bytes, Stack size 8 bytes, swm260_stlclockrun.o(.text))
<BR><BR>[Stack]<UL><LI>Max Depth = 8<LI>Call Chain = STL_SysTickConfig
</UL>
<BR>[Calls]<UL><LI><a href="#[5c]">&gt;&gt;</a>&nbsp;&nbsp;&nbsp;SysTick_SetReload
<LI><a href="#[5d]">&gt;&gt;</a>&nbsp;&nbsp;&nbsp;SysTick_ITConfig
<LI><a href="#[5b]">&gt;&gt;</a>&nbsp;&nbsp;&nbsp;SysTick_CounterCmd
</UL>
<BR>[Called By]<UL><LI><a href="#[37]">&gt;&gt;</a>&nbsp;&nbsp;&nbsp;STL_InitRunTimeChecks
</UL>

<P><STRONG><a name="[5e]"></a>STL_CheckPeriod</STRONG> (Thumb, 80 bytes, Stack size 8 bytes, swm260_stlclockrun.o(.text))
<BR><BR>[Stack]<UL><LI>Max Depth = 20<LI>Call Chain = STL_CheckPeriod &rArr; __aeabi_uidivmod
</UL>
<BR>[Calls]<UL><LI><a href="#[58]">&gt;&gt;</a>&nbsp;&nbsp;&nbsp;switchTo48MHz
<LI><a href="#[39]">&gt;&gt;</a>&nbsp;&nbsp;&nbsp;__aeabi_uidivmod
</UL>
<BR>[Called By]<UL><LI><a href="#[6a]">&gt;&gt;</a>&nbsp;&nbsp;&nbsp;STL_MainClockTest
</UL>

<P><STRONG><a name="[5f]"></a>STL_SysTickInit</STRONG> (Thumb, 38 bytes, Stack size 8 bytes, swm260_stlclockstart.o(.text))
<BR><BR>[Stack]<UL><LI>Max Depth = 8<LI>Call Chain = STL_SysTickInit
</UL>
<BR>[Calls]<UL><LI><a href="#[5c]">&gt;&gt;</a>&nbsp;&nbsp;&nbsp;SysTick_SetReload
<LI><a href="#[5b]">&gt;&gt;</a>&nbsp;&nbsp;&nbsp;SysTick_CounterCmd
</UL>
<BR>[Called By]<UL><LI><a href="#[61]">&gt;&gt;</a>&nbsp;&nbsp;&nbsp;STL_ClockStartUpTest
</UL>

<P><STRONG><a name="[61]"></a>STL_ClockStartUpTest</STRONG> (Thumb, 202 bytes, Stack size 24 bytes, swm260_stlclockstart.o(.text))
<BR><BR>[Stack]<UL><LI>Max Depth = 80<LI>Call Chain = STL_ClockStartUpTest &rArr; TIMR_Init &rArr; TIMR_Stop
</UL>
<BR>[Calls]<UL><LI><a href="#[5f]">&gt;&gt;</a>&nbsp;&nbsp;&nbsp;STL_SysTickInit
<LI><a href="#[62]">&gt;&gt;</a>&nbsp;&nbsp;&nbsp;STL_LSIinit
<LI><a href="#[60]">&gt;&gt;</a>&nbsp;&nbsp;&nbsp;STL_HSEinit
<LI><a href="#[64]">&gt;&gt;</a>&nbsp;&nbsp;&nbsp;STL_SwitchToExtClockSrc
<LI><a href="#[58]">&gt;&gt;</a>&nbsp;&nbsp;&nbsp;switchTo48MHz
<LI><a href="#[63]">&gt;&gt;</a>&nbsp;&nbsp;&nbsp;TIMR_Start
<LI><a href="#[41]">&gt;&gt;</a>&nbsp;&nbsp;&nbsp;TIMR_Init
<LI><a href="#[3d]">&gt;&gt;</a>&nbsp;&nbsp;&nbsp;RTC_GetSubSecond
<LI><a href="#[39]">&gt;&gt;</a>&nbsp;&nbsp;&nbsp;__aeabi_uidivmod
</UL>
<BR>[Called By]<UL><LI><a href="#[0]">&gt;&gt;</a>&nbsp;&nbsp;&nbsp;STL_StartUp
</UL>

<P><STRONG><a name="[66]"></a>CRC_CalcBlockCrc</STRONG> (Thumb, 50 bytes, Stack size 12 bytes, swm260_stlcrc32.o(.text))
<BR><BR>[Stack]<UL><LI>Max Depth = 12<LI>Call Chain = CRC_CalcBlockCrc
</UL>
<BR>[Called By]<UL><LI><a href="#[65]">&gt;&gt;</a>&nbsp;&nbsp;&nbsp;STL_crc32Run
<LI><a href="#[0]">&gt;&gt;</a>&nbsp;&nbsp;&nbsp;STL_StartUp
</UL>

<P><STRONG><a name="[67]"></a>STL_FlashCrc32Init</STRONG> (Thumb, 22 bytes, Stack size 0 bytes, swm260_stlcrc32run.o(.text))
<BR><BR>[Called By]<UL><LI><a href="#[65]">&gt;&gt;</a>&nbsp;&nbsp;&nbsp;STL_crc32Run
<LI><a href="#[37]">&gt;&gt;</a>&nbsp;&nbsp;&nbsp;STL_InitRunTimeChecks
</UL>

<P><STRONG><a name="[65]"></a>STL_crc32Run</STRONG> (Thumb, 128 bytes, Stack size 24 bytes, swm260_stlcrc32run.o(.text))
<BR><BR>[Stack]<UL><LI>Max Depth = 36<LI>Call Chain = STL_crc32Run &rArr; CRC_CalcBlockCrc
</UL>
<BR>[Calls]<UL><LI><a href="#[67]">&gt;&gt;</a>&nbsp;&nbsp;&nbsp;STL_FlashCrc32Init
<LI><a href="#[66]">&gt;&gt;</a>&nbsp;&nbsp;&nbsp;CRC_CalcBlockCrc
<LI><a href="#[39]">&gt;&gt;</a>&nbsp;&nbsp;&nbsp;__aeabi_uidivmod
</UL>
<BR>[Called By]<UL><LI><a href="#[3a]">&gt;&gt;</a>&nbsp;&nbsp;&nbsp;STL_DoRunTimeChecks
</UL>

<P><STRONG><a name="[70]"></a>STL_FullRamMarchC</STRONG> (Thumb, 200 bytes, Stack size 20 bytes, swm260_stlfullrammc.o(.text))
<BR><BR>[Stack]<UL><LI>Max Depth = 20<LI>Call Chain = STL_FullRamMarchC
</UL>
<BR>[Called By]<UL><LI><a href="#[0]">&gt;&gt;</a>&nbsp;&nbsp;&nbsp;STL_StartUp
</UL>

<P><STRONG><a name="[37]"></a>STL_InitRunTimeChecks</STRONG> (Thumb, 110 bytes, Stack size 16 bytes, swm260_stlmain.o(.text))
<BR><BR>[Stack]<UL><LI>Max Depth = 32<LI>Call Chain = STL_InitRunTimeChecks &rArr; WDT_Init
</UL>
<BR>[Calls]<UL><LI><a href="#[67]">&gt;&gt;</a>&nbsp;&nbsp;&nbsp;STL_FlashCrc32Init
<LI><a href="#[5a]">&gt;&gt;</a>&nbsp;&nbsp;&nbsp;STL_SysTickConfig
<LI><a href="#[69]">&gt;&gt;</a>&nbsp;&nbsp;&nbsp;WDT_Start
<LI><a href="#[4e]">&gt;&gt;</a>&nbsp;&nbsp;&nbsp;WDT_Init
<LI><a href="#[3d]">&gt;&gt;</a>&nbsp;&nbsp;&nbsp;RTC_GetSubSecond
<LI><a href="#[39]">&gt;&gt;</a>&nbsp;&nbsp;&nbsp;__aeabi_uidivmod
<LI><a href="#[68]">&gt;&gt;</a>&nbsp;&nbsp;&nbsp;STL_TranspMarchCInit
</UL>
<BR>[Called By]<UL><LI><a href="#[26]">&gt;&gt;</a>&nbsp;&nbsp;&nbsp;main
</UL>

<P><STRONG><a name="[6a]"></a>STL_MainClockTest</STRONG> (Thumb, 108 bytes, Stack size 16 bytes, swm260_stlmain.o(.text))
<BR><BR>[Stack]<UL><LI>Max Depth = 36<LI>Call Chain = STL_MainClockTest &rArr; STL_CheckPeriod &rArr; __aeabi_uidivmod
</UL>
<BR>[Calls]<UL><LI><a href="#[5e]">&gt;&gt;</a>&nbsp;&nbsp;&nbsp;STL_CheckPeriod
<LI><a href="#[39]">&gt;&gt;</a>&nbsp;&nbsp;&nbsp;__aeabi_uidivmod
</UL>
<BR>[Called By]<UL><LI><a href="#[3a]">&gt;&gt;</a>&nbsp;&nbsp;&nbsp;STL_DoRunTimeChecks
</UL>

<P><STRONG><a name="[6c]"></a>STL_CheckStack</STRONG> (Thumb, 56 bytes, Stack size 0 bytes, swm260_stlmain.o(.text))
<BR><BR>[Called By]<UL><LI><a href="#[3a]">&gt;&gt;</a>&nbsp;&nbsp;&nbsp;STL_DoRunTimeChecks
</UL>

<P><STRONG><a name="[3a]"></a>STL_DoRunTimeChecks</STRONG> (Thumb, 296 bytes, Stack size 24 bytes, swm260_stlmain.o(.text))
<BR><BR>[Stack]<UL><LI>Max Depth = 60<LI>Call Chain = STL_DoRunTimeChecks &rArr; STL_MainClockTest &rArr; STL_CheckPeriod &rArr; __aeabi_uidivmod
</UL>
<BR>[Calls]<UL><LI><a href="#[6b]">&gt;&gt;</a>&nbsp;&nbsp;&nbsp;STL_RunTimeCPUTest
<LI><a href="#[6c]">&gt;&gt;</a>&nbsp;&nbsp;&nbsp;STL_CheckStack
<LI><a href="#[6a]">&gt;&gt;</a>&nbsp;&nbsp;&nbsp;STL_MainClockTest
<LI><a href="#[65]">&gt;&gt;</a>&nbsp;&nbsp;&nbsp;STL_crc32Run
<LI><a href="#[50]">&gt;&gt;</a>&nbsp;&nbsp;&nbsp;__ARM_common_switch8
<LI><a href="#[4c]">&gt;&gt;</a>&nbsp;&nbsp;&nbsp;WDT_Feed
<LI><a href="#[3b]">&gt;&gt;</a>&nbsp;&nbsp;&nbsp;FailSafePOR
</UL>
<BR>[Called By]<UL><LI><a href="#[26]">&gt;&gt;</a>&nbsp;&nbsp;&nbsp;main
</UL>

<P><STRONG><a name="[5c]"></a>SysTick_SetReload</STRONG> (Thumb, 6 bytes, Stack size 0 bytes, swm260_stlmisc.o(.text))
<BR><BR>[Called By]<UL><LI><a href="#[5f]">&gt;&gt;</a>&nbsp;&nbsp;&nbsp;STL_SysTickInit
<LI><a href="#[5a]">&gt;&gt;</a>&nbsp;&nbsp;&nbsp;STL_SysTickConfig
</UL>

<P><STRONG><a name="[5b]"></a>SysTick_CounterCmd</STRONG> (Thumb, 36 bytes, Stack size 0 bytes, swm260_stlmisc.o(.text))
<BR><BR>[Called By]<UL><LI><a href="#[5f]">&gt;&gt;</a>&nbsp;&nbsp;&nbsp;STL_SysTickInit
<LI><a href="#[5a]">&gt;&gt;</a>&nbsp;&nbsp;&nbsp;STL_SysTickConfig
</UL>

<P><STRONG><a name="[5d]"></a>SysTick_ITConfig</STRONG> (Thumb, 24 bytes, Stack size 0 bytes, swm260_stlmisc.o(.text))
<BR><BR>[Called By]<UL><LI><a href="#[5a]">&gt;&gt;</a>&nbsp;&nbsp;&nbsp;STL_SysTickConfig
<LI><a href="#[3b]">&gt;&gt;</a>&nbsp;&nbsp;&nbsp;FailSafePOR
</UL>

<P><STRONG><a name="[ae]"></a>SysTick_GetCounter</STRONG> (Thumb, 6 bytes, Stack size 0 bytes, swm260_stlmisc.o(.text), UNUSED)

<P><STRONG><a name="[af]"></a>SysTick_GetFlagStatus</STRONG> (Thumb, 34 bytes, Stack size 0 bytes, swm260_stlmisc.o(.text), UNUSED)

<P><STRONG><a name="[3b]"></a>FailSafePOR</STRONG> (Thumb, 16 bytes, Stack size 0 bytes, swm260_stlstartup.o(.text))
<BR><BR>[Calls]<UL><LI><a href="#[5d]">&gt;&gt;</a>&nbsp;&nbsp;&nbsp;SysTick_ITConfig
<LI><a href="#[4c]">&gt;&gt;</a>&nbsp;&nbsp;&nbsp;WDT_Feed
</UL>
<BR>[Called By]<UL><LI><a href="#[6b]">&gt;&gt;</a>&nbsp;&nbsp;&nbsp;STL_RunTimeCPUTest
<LI><a href="#[0]">&gt;&gt;</a>&nbsp;&nbsp;&nbsp;STL_StartUp
<LI><a href="#[3a]">&gt;&gt;</a>&nbsp;&nbsp;&nbsp;STL_DoRunTimeChecks
<LI><a href="#[5]">&gt;&gt;</a>&nbsp;&nbsp;&nbsp;SysTick_Handler
<LI><a href="#[6f]">&gt;&gt;</a>&nbsp;&nbsp;&nbsp;STL_StartUpCPUTest
</UL>

<P><STRONG><a name="[6d]"></a>STL_WDGSelfTest</STRONG> (Thumb, 58 bytes, Stack size 8 bytes, swm260_stlstartup.o(.text))
<BR><BR>[Stack]<UL><LI>Max Depth = 24<LI>Call Chain = STL_WDGSelfTest &rArr; WDT_Init
</UL>
<BR>[Calls]<UL><LI><a href="#[69]">&gt;&gt;</a>&nbsp;&nbsp;&nbsp;WDT_Start
<LI><a href="#[4e]">&gt;&gt;</a>&nbsp;&nbsp;&nbsp;WDT_Init
</UL>
<BR>[Called By]<UL><LI><a href="#[0]">&gt;&gt;</a>&nbsp;&nbsp;&nbsp;STL_StartUp
</UL>

<P><STRONG><a name="[6e]"></a>STLSystemInit</STRONG> (Thumb, 2 bytes, Stack size 0 bytes, swm260_stlstartup.o(.text))
<BR><BR>[Called By]<UL><LI><a href="#[0]">&gt;&gt;</a>&nbsp;&nbsp;&nbsp;STL_StartUp
</UL>

<P><STRONG><a name="[0]"></a>STL_StartUp</STRONG> (Thumb, 348 bytes, Stack size 8 bytes, swm260_stlstartup.o(.text))
<BR><BR>[Stack]<UL><LI>Max Depth = 88<LI>Call Chain = STL_StartUp &rArr; STL_ClockStartUpTest &rArr; TIMR_Init &rArr; TIMR_Stop
</UL>
<BR>[Calls]<UL><LI><a href="#[70]">&gt;&gt;</a>&nbsp;&nbsp;&nbsp;STL_FullRamMarchC
<LI><a href="#[66]">&gt;&gt;</a>&nbsp;&nbsp;&nbsp;CRC_CalcBlockCrc
<LI><a href="#[61]">&gt;&gt;</a>&nbsp;&nbsp;&nbsp;STL_ClockStartUpTest
<LI><a href="#[71]">&gt;&gt;</a>&nbsp;&nbsp;&nbsp;Reset_Handler
<LI><a href="#[50]">&gt;&gt;</a>&nbsp;&nbsp;&nbsp;__ARM_common_switch8
<LI><a href="#[3b]">&gt;&gt;</a>&nbsp;&nbsp;&nbsp;FailSafePOR
<LI><a href="#[6f]">&gt;&gt;</a>&nbsp;&nbsp;&nbsp;STL_StartUpCPUTest
<LI><a href="#[6e]">&gt;&gt;</a>&nbsp;&nbsp;&nbsp;STLSystemInit
<LI><a href="#[6d]">&gt;&gt;</a>&nbsp;&nbsp;&nbsp;STL_WDGSelfTest
</UL>
<BR>[Address Reference Count : 1]<UL><LI> startup_swm260.o(RESET)
</UL>
<P><STRONG><a name="[68]"></a>STL_TranspMarchCInit</STRONG> (Thumb, 14 bytes, Stack size 0 bytes, swm260_stltransprammc.o(.text))
<BR><BR>[Called By]<UL><LI><a href="#[37]">&gt;&gt;</a>&nbsp;&nbsp;&nbsp;STL_InitRunTimeChecks
</UL>

<P><STRONG><a name="[3c]"></a>STL_TranspMarchC</STRONG> (Thumb, 700 bytes, Stack size 12 bytes, swm260_stltransprammc.o(.text))
<BR><BR>[Stack]<UL><LI>Max Depth = 12<LI>Call Chain = STL_TranspMarchC
</UL>
<BR>[Called By]<UL><LI><a href="#[5]">&gt;&gt;</a>&nbsp;&nbsp;&nbsp;SysTick_Handler
</UL>

<P><STRONG><a name="[6b]"></a>STL_RunTimeCPUTest</STRONG> (Thumb, 364 bytes, Stack size 0 bytes, swm260_stlcpurunkeil.o(.text))
<BR><BR>[Calls]<UL><LI><a href="#[3b]">&gt;&gt;</a>&nbsp;&nbsp;&nbsp;FailSafePOR
</UL>
<BR>[Called By]<UL><LI><a href="#[3a]">&gt;&gt;</a>&nbsp;&nbsp;&nbsp;STL_DoRunTimeChecks
</UL>

<P><STRONG><a name="[6f]"></a>STL_StartUpCPUTest</STRONG> (Thumb, 476 bytes, Stack size 0 bytes, swm260_stlcpustartkeil.o(.text))
<BR><BR>[Calls]<UL><LI><a href="#[3b]">&gt;&gt;</a>&nbsp;&nbsp;&nbsp;FailSafePOR
</UL>
<BR>[Called By]<UL><LI><a href="#[0]">&gt;&gt;</a>&nbsp;&nbsp;&nbsp;STL_StartUp
</UL>

<P><STRONG><a name="[b0]"></a>__aeabi_uidiv</STRONG> (Thumb, 0 bytes, Stack size 12 bytes, uidiv.o(.text), UNUSED)

<P><STRONG><a name="[39]"></a>__aeabi_uidivmod</STRONG> (Thumb, 44 bytes, Stack size 12 bytes, uidiv.o(.text))
<BR><BR>[Stack]<UL><LI>Max Depth = 12<LI>Call Chain = __aeabi_uidivmod
</UL>
<BR>[Called By]<UL><LI><a href="#[6a]">&gt;&gt;</a>&nbsp;&nbsp;&nbsp;STL_MainClockTest
<LI><a href="#[65]">&gt;&gt;</a>&nbsp;&nbsp;&nbsp;STL_crc32Run
<LI><a href="#[61]">&gt;&gt;</a>&nbsp;&nbsp;&nbsp;STL_ClockStartUpTest
<LI><a href="#[5e]">&gt;&gt;</a>&nbsp;&nbsp;&nbsp;STL_CheckPeriod
<LI><a href="#[4f]">&gt;&gt;</a>&nbsp;&nbsp;&nbsp;SystemCoreClockUpdate
<LI><a href="#[4a]">&gt;&gt;</a>&nbsp;&nbsp;&nbsp;UART_GetBaudrate
<LI><a href="#[49]">&gt;&gt;</a>&nbsp;&nbsp;&nbsp;UART_SetBaudrate
<LI><a href="#[31]">&gt;&gt;</a>&nbsp;&nbsp;&nbsp;UART_Init
<LI><a href="#[37]">&gt;&gt;</a>&nbsp;&nbsp;&nbsp;STL_InitRunTimeChecks
<LI><a href="#[26]">&gt;&gt;</a>&nbsp;&nbsp;&nbsp;main
</UL>

<P><STRONG><a name="[2c]"></a>__scatterload</STRONG> (Thumb, 28 bytes, Stack size 0 bytes, init.o(.text))
<BR><BR>[Calls]<UL><LI><a href="#[72]">&gt;&gt;</a>&nbsp;&nbsp;&nbsp;__main_after_scatterload
</UL>
<BR>[Called By]<UL><LI><a href="#[2b]">&gt;&gt;</a>&nbsp;&nbsp;&nbsp;_main_scatterload
</UL>

<P><STRONG><a name="[b1]"></a>__scatterload_rt2</STRONG> (Thumb, 0 bytes, Stack size 0 bytes, init.o(.text), UNUSED)

<P><STRONG><a name="[73]"></a>__0printf$bare</STRONG> (Thumb, 12 bytes, Stack size 8 bytes, printfb.o(i.__0printf$bare), UNUSED)
<BR><BR>[Calls]<UL><LI><a href="#[74]">&gt;&gt;</a>&nbsp;&nbsp;&nbsp;_printf_core
</UL>

<P><STRONG><a name="[b2]"></a>__1printf$bare</STRONG> (Thumb, 0 bytes, Stack size 8 bytes, printfb.o(i.__0printf$bare), UNUSED)

<P><STRONG><a name="[35]"></a>__2printf</STRONG> (Thumb, 0 bytes, Stack size 8 bytes, printfb.o(i.__0printf$bare))
<BR><BR>[Stack]<UL><LI>Max Depth = 8<LI>Call Chain = __2printf
</UL>
<BR>[Called By]<UL><LI><a href="#[5]">&gt;&gt;</a>&nbsp;&nbsp;&nbsp;SysTick_Handler
<LI><a href="#[26]">&gt;&gt;</a>&nbsp;&nbsp;&nbsp;main
</UL>

<P><STRONG><a name="[50]"></a>__ARM_common_switch8</STRONG> (Thumb, 26 bytes, Stack size 8 bytes, system_swm260.o(i.__ARM_common_switch8))
<BR><BR>[Stack]<UL><LI>Max Depth = 8<LI>Call Chain = __ARM_common_switch8
</UL>
<BR>[Called By]<UL><LI><a href="#[0]">&gt;&gt;</a>&nbsp;&nbsp;&nbsp;STL_StartUp
<LI><a href="#[4f]">&gt;&gt;</a>&nbsp;&nbsp;&nbsp;SystemCoreClockUpdate
<LI><a href="#[3a]">&gt;&gt;</a>&nbsp;&nbsp;&nbsp;STL_DoRunTimeChecks
</UL>

<P><STRONG><a name="[b3]"></a>__scatterload_copy</STRONG> (Thumb, 14 bytes, Stack size unknown bytes, handlers.o(i.__scatterload_copy), UNUSED)

<P><STRONG><a name="[b4]"></a>__scatterload_null</STRONG> (Thumb, 2 bytes, Stack size unknown bytes, handlers.o(i.__scatterload_null), UNUSED)

<P><STRONG><a name="[b5]"></a>__scatterload_zeroinit</STRONG> (Thumb, 14 bytes, Stack size unknown bytes, handlers.o(i.__scatterload_zeroinit), UNUSED)

<P><STRONG><a name="[3e]"></a>putc</STRONG> (Thumb, 8 bytes, Stack size 8 bytes, putc.o(i.putc))
<BR><BR>[Stack]<UL><LI>Max Depth = 24<LI>Call Chain = putc &rArr; fputc
</UL>
<BR>[Calls]<UL><LI><a href="#[2a]">&gt;&gt;</a>&nbsp;&nbsp;&nbsp;fputc
</UL>
<BR>[Called By]<UL><LI><a href="#[5]">&gt;&gt;</a>&nbsp;&nbsp;&nbsp;SysTick_Handler
</UL>
<P>
<H3>
Local Symbols
</H3>
<P><STRONG><a name="[43]"></a>NVIC_EnableIRQ</STRONG> (Thumb, 14 bytes, Stack size 0 bytes, swm260_timr.o(.text))
<BR><BR>[Called By]<UL><LI><a href="#[45]">&gt;&gt;</a>&nbsp;&nbsp;&nbsp;TIMR_IC_Init
<LI><a href="#[44]">&gt;&gt;</a>&nbsp;&nbsp;&nbsp;TIMR_OC_Init
<LI><a href="#[41]">&gt;&gt;</a>&nbsp;&nbsp;&nbsp;TIMR_Init
</UL>

<P><STRONG><a name="[47]"></a>NVIC_EnableIRQ</STRONG> (Thumb, 42 bytes, Stack size 0 bytes, swm260_uart.o(.text))
<BR><BR>[Called By]<UL><LI><a href="#[31]">&gt;&gt;</a>&nbsp;&nbsp;&nbsp;UART_Init
</UL>

<P><STRONG><a name="[48]"></a>NVIC_DisableIRQ</STRONG> (Thumb, 14 bytes, Stack size 0 bytes, swm260_uart.o(.text))
<BR><BR>[Called By]<UL><LI><a href="#[31]">&gt;&gt;</a>&nbsp;&nbsp;&nbsp;UART_Init
</UL>

<P><STRONG><a name="[64]"></a>STL_SwitchToExtClockSrc</STRONG> (Thumb, 32 bytes, Stack size 0 bytes, swm260_stlclockstart.o(.text))
<BR><BR>[Called By]<UL><LI><a href="#[61]">&gt;&gt;</a>&nbsp;&nbsp;&nbsp;STL_ClockStartUpTest
</UL>

<P><STRONG><a name="[60]"></a>STL_HSEinit</STRONG> (Thumb, 70 bytes, Stack size 8 bytes, swm260_stlclockstart.o(.text))
<BR><BR>[Stack]<UL><LI>Max Depth = 24<LI>Call Chain = STL_HSEinit &rArr; PORT_Init
</UL>
<BR>[Calls]<UL><LI><a href="#[30]">&gt;&gt;</a>&nbsp;&nbsp;&nbsp;PORT_Init
</UL>
<BR>[Called By]<UL><LI><a href="#[61]">&gt;&gt;</a>&nbsp;&nbsp;&nbsp;STL_ClockStartUpTest
</UL>

<P><STRONG><a name="[62]"></a>STL_LSIinit</STRONG> (Thumb, 40 bytes, Stack size 0 bytes, swm260_stlclockstart.o(.text))
<BR><BR>[Called By]<UL><LI><a href="#[61]">&gt;&gt;</a>&nbsp;&nbsp;&nbsp;STL_ClockStartUpTest
</UL>

<P><STRONG><a name="[28]"></a>CPUTstCont</STRONG> (Thumb, 0 bytes, Stack size unknown bytes, swm260_stlcpurunkeil.o(.text))
<BR>[Address Reference Count : 1]<UL><LI> swm260_stlcpurunkeil.o(.text)
</UL>
<P><STRONG><a name="[29]"></a>CPUTstCont</STRONG> (Thumb, 0 bytes, Stack size unknown bytes, swm260_stlcpustartkeil.o(.text))
<BR>[Address Reference Count : 1]<UL><LI> swm260_stlcpustartkeil.o(.text)
</UL>
<P><STRONG><a name="[74]"></a>_printf_core</STRONG> (Thumb, 30 bytes, Stack size 24 bytes, printfb.o(i._printf_core), UNUSED)
<BR><BR>[Called By]<UL><LI><a href="#[73]">&gt;&gt;</a>&nbsp;&nbsp;&nbsp;__0printf$bare
</UL>
<P>
<H3>
Undefined Global Symbols
</H3>
<P><STRONG><a name="[2e]"></a>__arm_fini_</STRONG> (Unknown, 0 bytes, Stack size 0 bytes, UNDEFINED)
<BR><BR>[Called By]<UL><LI><a href="#[2d]">&gt;&gt;</a>&nbsp;&nbsp;&nbsp;__rt_lib_shutdown_fini
</UL>
<HR></body></html>
